{
  "target": 1012,
  "invocation": 1,
  "max_steps": 180,
  "max_work_seconds": 120,
  "max_failure_cleanup_seconds": 65,
  "tolerance_degrees": 0.5,
  "source": "b395c4049718f7ce015ddf25fc0a192d97821373",
  "runner_sha256": "1f871920ea12c251e49200680495419052b66f3cf520030a451e2571386e1cc0",
  "initial_identity": {
    "supervisor": {
      "pid": 121086,
      "start": "4532602",
      "state": "R",
      "boot": "b04f7fb6-ea65-4b47-8866-73e24a6887f6",
      "cwd": "/home/err/spaces/foresight/.worktrees/truth-bounded-look-200",
      "exe": "/usr/bin/python3.12"
    },
    "app": {
      "pid": 121108,
      "start": "4532649",
      "state": "S",
      "boot": "b04f7fb6-ea65-4b47-8866-73e24a6887f6",
      "cwd": "/home/err/spaces/foresight/.worktrees/truth-bounded-look-200",
      "exe": "/usr/lib/jvm/java-21-openjdk-amd64/bin/java"
    },
    "xvfb": {
      "pid": 121100,
      "start": "4532618",
      "state": "S",
      "boot": "b04f7fb6-ea65-4b47-8866-73e24a6887f6",
      "cwd": "/home/err/spaces/foresight/.worktrees/truth-bounded-look-200",
      "exe": "/usr/bin/Xvfb"
    },
    "display": ":1",
    "port": 7898,
    "world": 1393428754,
    "window": 124007450559184,
    "x-window": "2097159",
    "snapshot_client": {
      "pid": 122145,
      "start": "4533760",
      "state": "S",
      "boot": "b04f7fb6-ea65-4b47-8866-73e24a6887f6",
      "cwd": "/home/err/spaces/foresight/.worktrees/truth-bounded-look-200",
      "exe": "/usr/lib/jvm/java-21-openjdk-amd64/bin/java"
    }
  },
  "scope": "orientation diagnostic only; no thrust, follow, capture or interception",
  "steps": [
    {
      "target": 1012,
      "tick": 4887,
      "spark_position": [
        -3047643563565895.0,
        -2276181485370909.0,
        703821012208949.6
      ],
      "target_position": [
        3920364764092045.5,
        1.7051035774929858e+16,
        -1.31987951311884e+16
      ],
      "distance_m": 2.4806797510195284e+16,
      "angle_degrees": 57.286175504619706,
      "yaw": -90.0,
      "pitch": -20.0,
      "sensitivity": 0.01,
      "desired_yaw": -109.82566717818115,
      "desired_pitch": 34.08593804815259,
      "requested_pixels": [
        -200,
        -200
      ]
    },
    {
      "target": 1012,
      "tick": 4898,
      "spark_position": [
        -3061699760688315.5,
        -2272902101426316.0,
        710844345927368.2
      ],
      "target_position": [
        3893667057511363.5,
        1.7107343264327678e+16,
        -1.3224872283236066e+16
      ],
      "distance_m": 2.4863130051964184e+16,
      "angle_degrees": 54.76317792516278,
      "yaw": -92.0,
      "pitch": -18.0,
      "sensitivity": 0.01,
      "desired_yaw": -109.74253009715996,
      "desired_pitch": 34.09019456438731,
      "requested_pixels": [
        -200,
        -200
      ]
    },
    {
      "target": 1012,
      "tick": 4906,
      "spark_position": [
        -3062145606361420.0,
        -2271502389905312.0,
        709909889573185.4
      ],
      "target_position": [
        3884028620017045.5,
        1.714730456078326e+16,
        -1.3249877091187654e+16
      ],
      "distance_m": 2.4904117176072216e+16,
      "angle_degrees": 52.27244420906853,
      "yaw": -94.0,
      "pitch": -16.0,
      "sensitivity": 0.01,
      "desired_yaw": -109.68230512516834,
      "desired_pitch": 34.09324263473682,
      "requested_pixels": [
        -200,
        -200
      ]
    },
    {
      "target": 1012,
      "tick": 4915,
      "spark_position": [
        -3062595934112623.5,
        -2269929924561420.0,
        708830038783806.8
      ],
      "target_position": [
        3873237838154033.0,
        1.7192254545295998e+16,
        -1.327803339066324e+16
      ],
      "distance_m": 2.4950245751280228e+16,
      "angle_degrees": 49.81194787935554,
      "yaw": -96.0,
      "pitch": -14.0,
      "sensitivity": 0.01,
      "desired_yaw": -109.6147906111567,
      "desired_pitch": 34.09662431852627,
      "requested_pixels": [
        -200,
        -200
      ]
    },
    {
      "target": 1012,
      "tick": 4929,
      "spark_position": [
        -3063283993487515.0,
        -2267480257924125.5,
        707151747239403.8
      ],
      "target_position": [
        3856467101094531.0,
        1.7262171553772912e+16,
        -1.3321825029282886e+16
      ],
      "distance_m": 2.502203917536084e+16,
      "angle_degrees": 47.38330166774802,
      "yaw": -98.0,
      "pitch": -12.0,
      "sensitivity": 0.01,
      "desired_yaw": -109.51026700083919,
      "desired_pitch": 34.10178608443702,
      "requested_pixels": [
        -200,
        -200
      ]
    },
    {
      "target": 1012,
      "tick": 4940,
      "spark_position": [
        -3063814784905448.0,
        -2265553712820990.5,
        705834591667973.6
      ],
      "target_position": [
        3843301962412600.0,
        1.7317100796306514e+16,
        -1.3356226575452568e+16
      ],
      "distance_m": 2.5078480489311404e+16,
      "angle_degrees": 45.005373406188454,
      "yaw": -100.0,
      "pitch": -10.0,
      "sensitivity": 0.01,
      "desired_yaw": -109.42856453233458,
      "desired_pitch": 34.10575855332168,
      "requested_pixels": [
        -200,
        -200
      ]
    },
    {
      "target": 1012,
      "tick": 4954,
      "spark_position": [
        -3064479843943095.0,
        -2263100479643750.5,
        704160154539358.4
      ],
      "target_position": [
        3826559327184705.5,
        1.7387002865342074e+16,
        -1.3400002606225354e+16
      ],
      "distance_m": 2.5150355653723524e+16,
      "angle_degrees": 42.67934382086611,
      "yaw": -102.0,
      "pitch": -8.0,
      "sensitivity": 0.01,
      "desired_yaw": -109.32511402770125,
      "desired_pitch": 34.11071000873312,
      "requested_pixels": [
        -200,
        -200
      ]
    },
    {
      "target": 1012,
      "tick": 4964,
      "spark_position": [
        -3064948900372649.0,
        -2261346165401870.5,
        702965478567391.4
      ],
      "target_position": [
        3814607946641919.0,
        1.7436928780015208e+16,
        -1.3431265938855892e+16
      ],
      "distance_m": 2.520172287756983e+16,
      "angle_degrees": 40.42055354938711,
      "yaw": -104.0,
      "pitch": -6.0,
      "sensitivity": 0.01,
      "desired_yaw": -109.25158474583424,
      "desired_pitch": 34.11417606322927,
      "requested_pixels": [
        -200,
        -200
      ]
    },
    {
      "target": 1012,
      "tick": 4976,
      "spark_position": [
        -3065504757312711.0,
        -2259237417829230.5,
        701533374035548.0
      ],
      "target_position": [
        3800275064054568.5,
        1.7496836835684366e+16,
        -1.3468776212183136e+16
      ],
      "distance_m": 2.5263393996751864e+16,
      "angle_degrees": 38.23493946320549,
      "yaw": -106.0,
      "pitch": -4.0,
      "sensitivity": 0.01,
      "desired_yaw": -109.16374708894352,
      "desired_pitch": 34.11825856207868,
      "requested_pixels": [
        -200,
        -200
      ]
    },
    {
      "target": 1012,
      "tick": 4988,
      "spark_position": [
        -3066051728712528.5,
        -2257124076792058.0,
        700102934102625.8
      ],
      "target_position": [
        3785952930487489.5,
        1.7556742410792064e+16,
        -1.3506280299784686e+16
      ],
      "distance_m": 2.532509817603048e+16,
      "angle_degrees": 36.13644406710273,
      "yaw": -108.0,
      "pitch": -2.0,
      "sensitivity": 0.01,
      "desired_yaw": -109.07634015018307,
      "desired_pitch": 34.122258334675934,
      "requested_pixels": [
        -108,
        -200
      ]
    },
    {
      "target": 1012,
      "tick": 5001,
      "spark_position": [
        -3066632610174695.5,
        -2254830697992261.5,
        698555194508270.1
      ],
      "target_position": [
        3770450988508993.0,
        1.7621636224688338e+16,
        -1.354690281812662e+16
      ],
      "distance_m": 2.5391981479466092e+16,
      "angle_degrees": 34.12662263284583,
      "yaw": -109.08,
      "pitch": 0.0,
      "sensitivity": 0.01,
      "desired_yaw": -108.98213183495709,
      "desired_pitch": 34.12649930090543,
      "requested_pixels": [
        10,
        -200
      ]
    },
    {
      "target": 1012,
      "tick": 5014,
      "spark_position": [
        -3075729493253496.5,
        -2250557956591702.8,
        698945227205402.8
      ],
      "target_position": [
        3746435081954949.5,
        1.7688501441125126e+16,
        -1.358558245572582e+16
      ],
      "distance_m": 2.5458903163359908e+16,
      "angle_degrees": 32.130759594437464,
      "yaw": -108.98,
      "pitch": 2.0,
      "sensitivity": 0.01,
      "desired_yaw": -108.8884216319997,
      "desired_pitch": 34.130645757842494,
      "requested_pixels": [
        9,
        -200
      ]
    },
    {
      "target": 1012,
      "tick": 5026,
      "spark_position": [
        -3076317418169900.5,
        -2248416532174214.2,
        697539581993771.1
      ],
      "target_position": [
        3732077497656545.0,
        1.7748413613711684e+16,
        -1.362304796196692e+16
      ],
      "distance_m": 2.552071089953226e+16,
      "angle_degrees": 30.134500753544888,
      "yaw": -108.89,
      "pitch": 4.0,
      "sensitivity": 0.01,
      "desired_yaw": -108.80235876204542,
      "desired_pitch": 34.13439050823368,
      "requested_pixels": [
        9,
        -200
      ]
    },
    {
      "target": 1012,
      "tick": 5038,
      "spark_position": [
        -3076884754547947.5,
        -2246276566312846.5,
        696133073083420.2
      ],
      "target_position": [
        3717742127058793.0,
        1.7808317809949366e+16,
        -1.3660510135756538e+16
      ],
      "distance_m": 2.558255097293058e+16,
      "angle_degrees": 28.138162526188854,
      "yaw": -108.8,
      "pitch": 6.0,
      "sensitivity": 0.01,
      "desired_yaw": -108.71671419556604,
      "desired_pitch": 34.13805686932361,
      "requested_pixels": [
        8,
        -200
      ]
    },
    {
      "target": 1012,
      "tick": 5049,
      "spark_position": [
        -3077399372254647.5,
        -2244312745049181.8,
        694845911034689.5
      ],
      "target_position": [
        3704608195242746.5,
        1.7863226552748616e+16,
        -1.3694844697887134e+16
      ],
      "distance_m": 2.563926596216373e+16,
      "angle_degrees": 26.14145733384813,
      "yaw": -108.72,
      "pitch": 8.0,
      "sensitivity": 0.01,
      "desired_yaw": -108.63857167235436,
      "desired_pitch": 34.141349695243775,
      "requested_pixels": [
        8,
        -200
      ]
    },
    {
      "target": 1012,
      "tick": 5059,
      "spark_position": [
        -3077862731369974.5,
        -2242525115752874.5,
        693677549871260.9
      ],
      "target_position": [
        3692673848120599.5,
        1.7913141339226496e+16,
        -1.3726053185707334e+16
      ],
      "distance_m": 2.569084837651709e+16,
      "angle_degrees": 24.144377948875576,
      "yaw": -108.64,
      "pitch": 10.0,
      "sensitivity": 0.01,
      "desired_yaw": -108.56783406092948,
      "desired_pitch": 34.14428738904471,
      "requested_pixels": [
        7,
        -200
      ]
    },
    {
      "target": 1012,
      "tick": 5072,
      "spark_position": [
        -3078457442464910.5,
        -2240197304929446.8,
        692161237046245.5
      ],
      "target_position": [
        3677168394701933.0,
        1.7978028029432508e+16,
        -1.3766617506931512e+16
      ],
      "distance_m": 2.57579385605707e+16,
      "angle_degrees": 22.148192434274094,
      "yaw": -108.57000000000001,
      "pitch": 12.0,
      "sensitivity": 0.01,
      "desired_yaw": -108.47630101767643,
      "desired_pitch": 34.148027924044726,
      "requested_pixels": [
        9,
        -200
      ]
    },
    {
      "target": 1012,
      "tick": 5086,
      "spark_position": [
        -3079086891296640.5,
        -2237686627516467.0,
        690531536806614.8
      ],
      "target_position": [
        3660483111466392.0,
        1.804790183088575e+16,
        -1.3810293739590506e+16
      ],
      "distance_m": 2.583023106018222e+16,
      "angle_degrees": 20.152168823956433,
      "yaw": -108.48,
      "pitch": 14.0,
      "sensitivity": 0.01,
      "desired_yaw": -108.37826155341052,
      "desired_pitch": 34.15195829531906,
      "requested_pixels": [
        10,
        -200
      ]
    },
    {
      "target": 1012,
      "tick": 5097,
      "spark_position": [
        -3079573355085233.0,
        -2235712915612717.0,
        689253438452119.4
      ],
      "target_position": [
        3647382678774390.5,
        1.8102798013233324e+16,
        -1.384460470073939e+16
      ],
      "distance_m": 2.5887062341919244e+16,
      "angle_degrees": 18.155113061041078,
      "yaw": -108.38000000000001,
      "pitch": 16.0,
      "sensitivity": 0.01,
      "desired_yaw": -108.30161666276719,
      "desired_pitch": 34.15497618316969,
      "requested_pixels": [
        8,
        -200
      ]
    },
    {
      "target": 1012,
      "tick": 5106,
      "spark_position": [
        -3079967463323461.5,
        -2234097925605383.5,
        688209287487832.9
      ],
      "target_position": [
        3636668895879333.0,
        1.8147709535833484e+16,
        -1.3872673353819786e+16
      ],
      "distance_m": 2.5933580213130304e+16,
      "angle_degrees": 16.157491287642966,
      "yaw": -108.30000000000001,
      "pitch": 18.0,
      "sensitivity": 0.01,
      "desired_yaw": -108.23915831497239,
      "desired_pitch": 34.15739993005099,
      "requested_pixels": [
        6,
        -200
      ]
    },
    {
      "target": 1012,
      "tick": 5121,
      "spark_position": [
        -3088090642335842.5,
        -2227927574582204.2,
        684907708714660.6
      ],
      "target_position": [
        3611347899146045.5,
        1.8226033553763304e+16,
        -1.3921011068590742e+16
      ],
      "distance_m": 2.60111488777448e+16,
      "angle_degrees": 14.161652288366549,
      "yaw": -108.24000000000001,
      "pitch": 20.0,
      "sensitivity": 0.01,
      "desired_yaw": -108.1355599726686,
      "desired_pitch": 34.16134976560668,
      "requested_pixels": [
        10,
        -200
      ]
    },
    {
      "target": 1012,
      "tick": 5136,
      "spark_position": [
        -3088789080114957.5,
        -2225210841496594.5,
        683183824698733.4
      ],
      "target_position": [
        3593453628268766.5,
        1.830089508847563e+16,
        -1.396776530720371e+16
      ],
      "distance_m": 2.6088765833741188e+16,
      "angle_degrees": 12.165555550083694,
      "yaw": -108.14000000000001,
      "pitch": 22.0,
      "sensitivity": 0.01,
      "desired_yaw": -108.03258070167941,
      "desired_pitch": 34.16518896899117,
      "requested_pixels": [
        11,
        -200
      ]
    },
    {
      "target": 1012,
      "tick": 5149,
      "spark_position": [
        -3095138010551599.5,
        -2222433656078433.0,
        680755015837203.2
      ],
      "target_position": [
        3572203194636876.0,
        1.8366190730730668e+16,
        -1.4009215826022244e+16
      ],
      "distance_m": 2.6156072645223236e+16,
      "angle_degrees": 10.168705581657942,
      "yaw": -108.03000000000002,
      "pitch": 24.0,
      "sensitivity": 0.01,
      "desired_yaw": -107.94382874887413,
      "desired_pitch": 34.168428148895245,
      "requested_pixels": [
        9,
        -200
      ]
    },
    {
      "target": 1012,
      "tick": 5162,
      "spark_position": [
        -3107021092204715.0,
        -2221652791345357.8,
        680934153367206.2
      ],
      "target_position": [
        3545419992400150.5,
        1.8429483637017096e+16,
        -1.4048054198867138e+16
      ],
      "distance_m": 2.6223415224703904e+16,
      "angle_degrees": 8.17191239746769,
      "yaw": -107.94000000000001,
      "pitch": 26.0,
      "sensitivity": 0.01,
      "desired_yaw": -107.85553451159443,
      "desired_pitch": 34.17158667993162,
      "requested_pixels": [
        8,
        -200
      ]
    },
    {
      "target": 1012,
      "tick": 5173,
      "spark_position": [
        -3113457438584335.5,
        -2222328005453034.8,
        679429959710549.8
      ],
      "target_position": [
        3526376890706468.5,
        1.8481698292039812e+16,
        -1.4082569978108414e+16
      ],
      "distance_m": 2.6280425168019468e+16,
      "angle_degrees": 6.174565353684005,
      "yaw": -107.86000000000001,
      "pitch": 28.0,
      "sensitivity": 0.01,
      "desired_yaw": -107.78117903452569,
      "desired_pitch": 34.17419712595249,
      "requested_pixels": [
        8,
        -200
      ]
    },
    {
      "target": 1012,
      "tick": 5185,
      "spark_position": [
        -3122149639155558.0,
        -2217808257057418.8,
        676501654622383.6
      ],
      "target_position": [
        3503932927481872.5,
        1.854391099735673e+16,
        -1.4121507591791656e+16
      ],
      "distance_m": 2.634264668244182e+16,
      "angle_degrees": 4.177524142472881,
      "yaw": -107.78000000000002,
      "pitch": 30.0,
      "sensitivity": 0.01,
      "desired_yaw": -107.7004326814255,
      "desired_pitch": 34.17698072894174,
      "requested_pixels": [
        8,
        -200
      ]
    },
    {
      "target": 1012,
      "tick": 5199,
      "spark_position": [
        -3122720930978268.5,
        -2215261763096439.2,
        674886282161967.1
      ],
      "target_position": [
        3487319287156043.0,
        1.8613759344613576e+16,
        -1.4165129488827156e+16
      ],
      "distance_m": 2.6415276263442492e+16,
      "angle_degrees": 2.181544894305916,
      "yaw": -107.70000000000002,
      "pitch": 32.0,
      "sensitivity": 0.01,
      "desired_yaw": -107.60671159334358,
      "desired_pitch": 34.1801447399574,
      "requested_pixels": [
        9,
        -200
      ]
    },
    {
      "target": 1012,
      "tick": 5210,
      "spark_position": [
        -3123110846936388.0,
        -2213272657225850.5,
        673629739039324.6
      ],
      "target_position": [
        3474325680981866.0,
        1.8668623566403892e+16,
        -1.4199387925689022e+16
      ],
      "distance_m": 2.6472370749324164e+16,
      "angle_degrees": 0.19326555215956076,
      "yaw": -107.61000000000001,
      "pitch": 34.0,
      "sensitivity": 0.01,
      "desired_yaw": -107.53343601883421,
      "desired_pitch": 34.18256846730719,
      "requested_pixels": [
        8,
        -18
      ]
    }
  ],
  "outcome": "aimed-at-one-published-observation",
  "elapsed_seconds": 79.43678807199467,
  "unreaped_client_pids": []
}
