=== Gates of Truth Benchmark Suite ===
Date: Tue Oct  6 13:06:41 CDT 2026
Host: err-Stealth-16-AI-Studio-A1VGG

=== System Info ===
  JVM:      OpenJDK 64-Bit Server VM 21.0.12.1
  Cores:    22
  Heap:     6144 MB allocated
  PID:      2111583@err-Stealth-16-AI-Studio-A1VGG

Running 1 benchmark group(s): ["phase0"]

========================================================================

  BENCHMARK GROUP: Full Phase 0 Tick

========================================================================


  Realistic tick-world phase profile (500 particles, 10 samples avg):
{:observer-system 0.1860242,
 :samples 10,
 :system-summary 2.2052971,
 :events+clock 1.6127247,
 :detect+complexity 0.1335134,
 :pacing 1.9980508000000001,
 :advance-com-spatial 8.9546468,
 :total 78.41718019999999,
 :stats-of 0.9890234,
 :expire+materialize 0.0470269,
 :step-physics 62.2908729}

  Per-system step-physics profile (initial w500, one sample each):

  Per-system step-physics profile (initial w500):
  :gravity                                 4.332 ms
  :hydro-em                                8.746 ms
  :warp                                    0.018 ms
  :observer-accel                          2.371 ms
  :player-thrust                           0.061 ms
  :dark-matter                             0.549 ms
  :thermal-intervention                    0.013 ms
  :integrator                              17.690 ms
    :integrator/leapfrog                   4.564 ms
    :integrator/force-accum                3.713 ms
    :integrator/comp-condensed             2.552 ms
    :integrator/temperature                2.413 ms
    :integrator/rotation                   2.165 ms
    :integrator/mass                       0.860 ms
    :integrator/composition                0.019 ms
  :rotation-integrator                     0.169 ms
  :structure                               4.231 ms
    :structure/gas-query                   3.350 ms
    :structure/gas-reduce                  0.272 ms
    :structure/resolved                    0.118 ms
  :eos                                     0.541 ms
  :classifier                              2.305 ms
    :classifier/transitions                1.531 ms
    :classifier/scan                       0.234 ms
    :classifier/select                     0.027 ms
    :classifier/write-set                  0.005 ms
  :classification                          0.467 ms
  :handoff                                 0.215 ms
  :condensation-seeder                     0.018 ms
  :field                                   2.068 ms
    :field/compute                         1.422 ms
    :field/scan                            0.566 ms
  :fusion                                  1.686 ms
    :fusion/burn                           1.285 ms
    :fusion/scan                           0.333 ms
  :stellar-sed                             0.370 ms
  :atmosphere-shells                       0.334 ms
  :nucleosynthesis                         0.426 ms
  :differentiation                         1.220 ms
  :deuterium-depletion                     0.280 ms
  :stellar-wind                            0.483 ms
    :stellar-wind/scan                     0.296 ms
    :stellar-wind/compute                  0.111 ms
    :stellar-wind/write-set                0.009 ms
  :wind-ablation                           0.107 ms
    :wind-ablation/scan                    0.031 ms
    :wind-ablation/write-set               0.017 ms
    :wind-ablation/compute                 0.013 ms
  :stellar-flare                           0.007 ms
  :xuv-atmospheric-escape                  0.433 ms
  :disc-identification                     0.329 ms
  :regime                                  2.518 ms
    :regime/classify                       2.327 ms
    :regime/write-set                      0.119 ms
  :collision-detection                     1.108 ms
  :fusion-promotion                        1.886 ms
    :fusion-promotion/evaluate             1.388 ms
    :fusion-promotion/scan                 0.406 ms
    :fusion-promotion/write-set            0.014 ms
  :sink-formation                          0.541 ms
  :disk-evolution                          0.356 ms
  :mass-transfer                           0.624 ms
  :neighbor-cache                          2.078 ms
    :neighbor-cache/rebuild                3.721 ms
    :neighbor-cache/build-entries          1.313 ms
    :neighbor-cache/scan-prior             0.299 ms
    :neighbor-cache/evict                  0.142 ms
    :neighbor-cache/full-check             0.020 ms
    :neighbor-cache/build-map              0.017 ms
    :neighbor-cache/item-map               0.015 ms
  :lod-scheduler                           0.427 ms
  :magnetosphere-coupling                  0.694 ms
    :magnetosphere/filter-winds            0.385 ms
    :magnetosphere/compute                 0.236 ms
    :magnetosphere/build-wind-data         0.006 ms
  :ecology                                 0.875 ms
  :debris-reaper                           1.482 ms
  :focus-zone                              0.144 ms
  :binding                                 0.064 ms
  :commitment                              0.046 ms
  :voxel-sculpt                            0.007 ms
  :voxel-carve                             0.009 ms
  :voxel-focus                             0.007 ms

  Per-system step-physics profile (world1 with spatial tree):
  :gravity                                 285.671 ms
  :hydro-em                                14.344 ms
  :warp                                    0.026 ms
  :observer-accel                          1.143 ms
  :player-thrust                           0.042 ms
  :dark-matter                             0.527 ms
  :thermal-intervention                    0.011 ms
  :integrator                              12.221 ms
    :integrator/leapfrog                   3.216 ms
    :integrator/comp-condensed             2.626 ms
    :integrator/temperature                2.093 ms
    :integrator/force-accum                1.621 ms
    :integrator/mass                       0.977 ms
    :integrator/rotation                   0.819 ms
    :integrator/composition                0.080 ms
  :rotation-integrator                     0.133 ms
  :structure                               9.275 ms
    :structure/gas-query                   8.121 ms
    :structure/gas-reduce                  0.616 ms
    :structure/resolved                    0.098 ms
  :eos                                     0.561 ms
  :classifier                              1.818 ms
    :classifier/transitions                1.482 ms
    :classifier/scan                       0.200 ms
    :classifier/select                     0.045 ms
    :classifier/write-set                  0.004 ms
  :classification                          0.571 ms
  :handoff                                 0.183 ms
  :condensation-seeder                     0.013 ms
  :field                                   2.443 ms
    :field/compute                         1.390 ms
    :field/scan                            0.975 ms
  :fusion                                  1.326 ms
    :fusion/burn                           0.997 ms
    :fusion/scan                           0.261 ms
  :stellar-sed                             0.209 ms
  :atmosphere-shells                       0.124 ms
  :nucleosynthesis                         0.247 ms
  :differentiation                         0.776 ms
  :deuterium-depletion                     0.192 ms
  :stellar-wind                            0.318 ms
    :stellar-wind/scan                     0.176 ms
    :stellar-wind/compute                  0.068 ms
    :stellar-wind/write-set                0.006 ms
  :wind-ablation                           0.085 ms
    :wind-ablation/scan                    0.029 ms
    :wind-ablation/write-set               0.020 ms
    :wind-ablation/compute                 0.008 ms
  :stellar-flare                           0.010 ms
  :xuv-atmospheric-escape                  0.410 ms
  :disc-identification                     0.364 ms
  :regime                                  2.224 ms
    :regime/classify                       2.063 ms
    :regime/write-set                      0.108 ms
  :collision-detection                     0.966 ms
  :fusion-promotion                        1.782 ms
    :fusion-promotion/evaluate             1.389 ms
    :fusion-promotion/scan                 0.307 ms
    :fusion-promotion/write-set            0.009 ms
  :sink-formation                          0.588 ms
  :disk-evolution                          0.421 ms
  :mass-transfer                           0.583 ms
  :neighbor-cache                          16.516 ms
    :neighbor-cache/rebuild                32.794 ms
    :neighbor-cache/build-entries          15.811 ms
    :neighbor-cache/build-map              0.253 ms
    :neighbor-cache/scan-prior             0.159 ms
    :neighbor-cache/item-map               0.130 ms
    :neighbor-cache/evict                  0.022 ms
    :neighbor-cache/full-check             0.012 ms
  :lod-scheduler                           0.998 ms
  :magnetosphere-coupling                  0.922 ms
    :magnetosphere/filter-winds            0.614 ms
    :magnetosphere/compute                 0.225 ms
    :magnetosphere/build-wind-data         0.007 ms
  :ecology                                 0.017 ms
  :debris-reaper                           1.147 ms
  :focus-zone                              0.130 ms
  :binding                                 0.077 ms
  :commitment                              0.039 ms
  :voxel-sculpt                            0.020 ms
  :voxel-carve                             0.006 ms
  :voxel-focus                             0.006 ms

--- create-world (100 particles) ---
  Mean:   1.7 ms
  Range:  1.6 ms — 2.0 ms

--- create-world (500 particles) ---
  Mean:   10.8 ms
  Range:  7.1 ms — 17.0 ms

--- create-world (1000 particles) ---
  Mean:   20.7 ms
  Range:  18.3 ms — 28.7 ms

--- tick-world (100 particles) ---
  Mean:   5.7 ms
  Range:  4.0 ms — 8.7 ms

--- tick-world (500 particles) ---
  Mean:   21.2 ms
  Range:  20.1 ms — 23.1 ms

--- tick-world (1000 particles) ---
  Mean:   59.8 ms
  Range:  38.2 ms — 82.9 ms

--- tick-world (500 particles) — critical path ---
  Mean:   28.2 ms
  Range:  19.3 ms — 42.4 ms

  Overhead functions measured on post-physics world (500 particles):

---   advance-tick + spatial-index ---
  Mean:   4.2 ms
  Range:  3.0 ms — 6.4 ms

---   system-summary (post-physics) ---
  Mean:   360.2 μs
  Range:  217.5 μs — 497.0 μs

---   stats-of (post-physics) ---
  Mean:   168.2 μs
  Range:  129.9 μs — 286.8 μs

---   detect-phase + complexity-score (post-physics) ---
  Mean:   355.6 μs
  Range:  318.2 μs — 417.7 μs

---   pacing (post-physics) ---
  Mean:   497.6 μs
  Range:  425.6 μs — 615.2 μs

---   observer-system (post-physics) ---
  Mean:   2.6 μs
  Range:  2.5 μs — 2.7 μs

---   non-physics tick overhead ---
  Mean:   1.3 ms
  Range:  911.0 μs — 1.7 ms

  Tick overhead breakdown (500 particles):

---   advance-tick + spatial-index ---
  Mean:   2.8 ms
  Range:  2.5 ms — 3.1 ms

---   expire-interventions + materialize-lifecycle ---
  Mean:   1.3 μs
  Range:  938.6 ns — 2.2 μs

---   system-summary ---
  Mean:   309.2 μs
  Range:  186.3 μs — 422.0 μs

---   stats-of ---
  Mean:   458.0 μs
  Range:  303.0 μs — 630.5 μs

---   detect-phase + complexity-score ---
  Mean:   301.3 μs
  Range:  245.3 μs — 344.6 μs

---   pacing ---
  Mean:   549.7 μs
  Range:  497.5 μs — 584.4 μs

---   observer-system ---
  Mean:   3.9 μs
  Range:  2.6 μs — 6.1 μs

  System Breakdown (500 particles, one tick):
  Measuring individual system costs to identify the bottleneck.

---   gravity-acceleration system ---
  Mean:   568.3 μs
  Range:  467.8 μs — 670.7 μs

---   motion-integration system ---
  Mean:   591.1 μs
  Range:  572.6 μs — 610.9 μs

---   density-system ---
  Mean:   785.6 μs
  Range:  705.3 μs — 875.7 μs

---   merged-hydro-em system ---
  Mean:   3.1 ms
  Range:  2.0 ms — 4.6 ms

---   field-system ---
  Mean:   125.6 ns
  Range:  123.1 ns — 128.0 ns

---   collision-detection-system ---
  Mean:   352.6 μs
  Range:  346.2 μs — 360.2 μs

---   stellar structure-system ---
  Mean:   989.7 μs
  Range:  689.9 μs — 1.4 ms

---   stellar classifier-system ---
  Mean:   655.7 μs
  Range:  587.5 μs — 736.5 μs

---   stellar temperature-system ---
  Mean:   759.1 μs
  Range:  503.9 μs — 948.3 μs

---   regime-system ---
  Mean:   687.5 μs
  Range:  533.9 μs — 960.6 μs

  Step-physics parallel vs sequential (500 particles):

---   step-physics parallel (on initial w500) ---
  Mean:   16.6 ms
  Range:  11.5 ms — 25.1 ms

---   step-physics parallel (on world1 with spatial tree) ---
  Mean:   20.9 ms
  Range:  14.8 ms — 32.4 ms

---   step-physics sequential ---
  Mean:   28.0 ms
  Range:  20.0 ms — 40.3 ms

  Parallel vs Sequential (500 particles):

---   full parallel step-physics ---
  Mean:   17.0 ms
  Range:  12.2 ms — 26.3 ms

---   full sequential step-physics ---
  Mean:   24.7 ms
  Range:  18.0 ms — 34.0 ms

  Multi-tick Scaling (500 particles):

---   10 ticks ---
  Mean:   250.4 ms
  Range:  177.8 ms — 314.4 ms

  Phase 0 Tick Analysis:
    Target: 16.6ms per tick for 60 Hz rendering.
    If tick > 16.6ms, identify the dominant system above.
    Gravity is usually the bottleneck at high N.
    SPH/EM neighbor queries scale with particle count.
    Collision cost depends on body density (overlaps).
    If parallel ≈ sequential: check write-set sizes.

========================================================================

=== BENCHMARK COMPLETE ===

Interpretation guide:
  - ECS core ops should be < 1μs (nanosecond ideally)
  - Barnes-Hut tree build: O(N log N), check scaling with N
  - Gravity acceleration: dominates tick cost at high N
  - SPH density: check neighbor query scaling
  - Full tick: target 16.6ms for 60 Hz (1000 gas particles)
  - Parallel speedup: compare :tick parallel vs sequential

Bottleneck identification:
  - If tree build >> acceleration: tree overhead is the issue
  - If SPH >> hydro force: neighbor finding is the bottleneck
  - If parallel ≈ sequential: write-set contention or thread starvation
  - If full tick >> sum of parts: serialization/barrier overhead
