CLOSED-FILES.txt: OK
README.md: OK
after-escape-later.edn: OK
after-escape-later.stderr: OK
after-escape-xwindow.txt: OK
after-escape.edn: OK
after-escape.png: OK
after-escape.stderr: OK
after-fine.edn: OK
after-fine.png: OK
after-fine.stderr: OK
back-cruise.edn: OK
back-cruise.png: OK
back-cruise.stderr: OK
before-fine.edn: OK
before-fine.png: OK
before-fine.stderr: OK
boot.edn: OK
boot.png: OK
boot.stderr: OK
cleanup-after.txt: OK
cleanup-before.txt: OK
cruise-coasting.edn: OK
cruise-coasting.stderr: OK
custom.edn: OK
custom.png: OK
custom.stderr: OK
display: OK
fine-coasting.edn: OK
fine-coasting.png: OK
fine-coasting.stderr: OK
gif-probe.json: OK
gif.log: OK
native-inputs.log: OK
port-after.txt: OK
precision-controls-full.gif: OK
precision-controls.mp4: OK
run.edn: OK
runtime.log: OK
service.pid: OK
snapshot.clj: OK
verification-summary.edn: OK
video-probe.json: OK
video.log: OK
video.pid: OK
xvfb.log: OK
xvfb.pid: OK
