name of display: :0
display: :0  screen: 0
direct rendering: Yes
Extended renderer info (GLX_MESA_query_renderer):
    Vendor: Intel (0x8086)
    Device: Mesa Intel(R) Arc(tm) Graphics (MTL) (0x7d55)
    Version: 25.2.8
    Accelerated: yes
    Video memory: 31748MB
    Unified memory: yes
    Preferred profile: core (0x1)
    Max core profile version: 4.6
    Max compat profile version: 4.6
    Max GLES1 profile version: 1.1
    Max GLES[23] profile version: 3.2
OpenGL vendor string: Intel
OpenGL renderer string: Mesa Intel(R) Arc(tm) Graphics (MTL)
OpenGL core profile version string: 4.6 (Core Profile) Mesa 25.2.8-0ubuntu0.24.04.4
OpenGL core profile shading language version string: 4.60
OpenGL core profile context flags: (none)
OpenGL core profile profile mask: core profile

OpenGL version string: 4.6 (Compatibility Profile) Mesa 25.2.8-0ubuntu0.24.04.4
OpenGL shading language version string: 4.60
OpenGL context flags: (none)
OpenGL profile mask: compatibility profile

OpenGL ES profile version string: OpenGL ES 3.2 Mesa 25.2.8-0ubuntu0.24.04.4
OpenGL ES profile shading language version string: OpenGL ES GLSL ES 3.20

