Dev window thread started on gates-of-truth-dev-window — sim thread on gates-of-truth-sim
Truth demo ready: nREPL 127.0.0.1:7898
Compiling body shaders...
Compiling particle shaders...
Compiling sprite shaders...
Compiling line shaders...
Compiling hud shaders...
Compiling volume shaders...
Camera reset
UI cursor : locked
[kinematics-ws] K clamp binds: eid 1003 demanded 6848 clamped 4096
[kinematics-ws] K clamp binds: eid [kinematics-ws] K clamp binds: eid1002 demanded 13971 clamped 4096
 1001 demanded 28500 clamped 4096
[kinematics-ws] K clamp binds: eid 1002 demanded 13976 clamped 4096
[kinematics-ws] K clamp binds: eid 1003 demanded 6846 clamped 4096
[kinematics-ws] K clamp binds: eid 1001 demanded 28514 clamped 4096
[kinematics-ws] K clamp binds: eid 1001 demanded 28529 clamped 4096
[kinematics-ws] K clamp binds: eid 1003 demanded 6849 clamped 4096
[kinematics-ws] K clamp binds: eid 1002 demanded 13984 clamped 4096
[kinematics-ws] K clamp binds: eid 1001 demanded 28530 clamped 4096
[kinematics-ws] K clamp binds: eid 1003 demanded 6853 clamped 4096
[kinematics-ws] K clamp binds: eid 1002 demanded 13982 clamped 4096
[kinematics-ws] K clamp binds: eid 1003 demanded 6857 clamped 4096
[kinematics-ws] K clamp binds: eid 1002 demanded 13988 clamped 4096
[kinematics-ws] K clamp binds: eid 1001 demanded 28524 clamped 4096
[kinematics-ws] K clamp binds: eid 1003 demanded 6861 clamped 4096
[kinematics-ws] K clamp binds: eid 1001 demanded 28540 clamped 4096
[kinematics-ws] K clamp binds: eid 1002 demanded 13990 clamped 4096
[kinematics-ws] K clamp binds: eid 1003 demanded 6864 clamped 4096
[kinematics-ws] K clamp binds: eid 1002 demanded 13979 clamped 4096
[kinematics-ws] K clamp binds: eid 1001 demanded 28548 clamped 4096
[kinematics-ws] K clamp binds: eid 1001 demanded 28543 clamped 4096
[kinematics-ws] K clamp binds: eid 1002 demanded 13989 clamped 4096
[kinematics-ws] K clamp binds: eid 1003 demanded 6866 clamped 4096
[kinematics-ws] K clamp binds: eid 1001 demanded 28553 clamped 4096
[kinematics-ws] K clamp binds: eid 1002 demanded 14003 clamped 4096
[kinematics-ws] K clamp binds: eid 1003 demanded 6867 clamped 4096
[kinematics-ws] K clamp binds: eid 1003 demanded 6866 clamped 4096
[kinematics-ws] K clamp binds: eid 1001 demanded 28557 clamped 4096
[kinematics-ws] K clamp binds: eid 1002 demanded 14006 clamped 4096
[kinematics-ws] K clamp binds: eid 1003 demanded 6866 clamped 4096
[kinematics-ws] K clamp binds: eid 1001 demanded 28565 clamped 4096
[kinematics-ws] K clamp binds: eid 1002 demanded 14008 clamped 4096
[kinematics-ws] K clamp binds: eid 1002 demanded 14011 clamped 4096
[kinematics-ws] K clamp binds: eid 1003 demanded 6868 clamped 4096
[kinematics-ws] K clamp binds: eid 1001 demanded 28570 clamped 4096
[kinematics-ws] K clamp binds: eid 1002 demanded 14013 clamped 4096
[kinematics-ws] K clamp binds: eid 1003 demanded 6870 clamped 4096
[kinematics-ws] K clamp binds: eid 1001 demanded 28567 clamped 4096
[kinematics-ws] K clamp binds: eid 1003 demanded 6865 clamped 4096
[kinematics-ws] K clamp binds: eid 1002 demanded 14004 clamped 4096
[kinematics-ws] K clamp binds: eid 1001 demanded 28579 clamped 4096
[kinematics-ws] K clamp binds: eid 1001 demanded 28588 clamped 4096
[kinematics-ws] K clamp binds: eid 1003 demanded 6861 clamped 4096
[kinematics-ws] K clamp binds: eid 1002 demanded 14004 clamped 4096
[kinematics-ws] K clamp binds: eid 1001 demanded 28590 clamped 4096
[kinematics-ws] K clamp binds: eid 1002 [kinematics-ws] K clamp binds: eiddemanded 14005 clamped  1003 4096demanded 6867 clamped 4096

[kinematics-ws] K clamp binds: eid 1001 demanded 28588 clamped 4096
[kinematics-ws] K clamp binds: eid 1002 demanded 14016 clamped 4096
[kinematics-ws] K clamp binds: eid 1003 demanded 6860 clamped 4096
[kinematics-ws] K clamp binds: eid 1002 demanded 14019 clamped 4096
[kinematics-ws] K clamp binds: eid 1001 demanded 28591 clamped 4096
[kinematics-ws] K clamp binds: eid 1003 demanded 6868 clamped 4096
[kinematics-ws] K clamp binds: eid 1002 demanded 14022 clamped 4096
[kinematics-ws] K clamp binds: eid 1003 demanded 6863 clamped 4096
[kinematics-ws] K clamp binds: eid 1001 demanded 28602 clamped 4096
[kinematics-ws] K clamp binds: eid 1001 demanded 28604 clamped 4096
[kinematics-ws] K clamp binds: eid 1003 demanded 6870 clamped 4096
[kinematics-ws] K clamp binds: eid 1002 demanded 14024 clamped 4096
[kinematics-ws] K clamp binds: eid 1002 demanded 14026 clamped 4096
[kinematics-ws] K clamp binds: eid 1003 demanded 6875 clamped 4096
[kinematics-ws] K clamp binds: eid 1001 demanded 28612 clamped 4096
[kinematics-ws] K clamp binds: eid 1003 demanded 6873 clamped 4096
[kinematics-ws] K clamp binds: eid 1002 demanded 14033 clamped 4096
[kinematics-ws] K clamp binds: eid 1001 demanded 28601 clamped 4096
[kinematics-ws] K clamp binds: eid 1001 demanded 28619 clamped 4096
[kinematics-ws] K clamp binds: eid 1003 demanded 6876 clamped 4096
[kinematics-ws] K clamp binds: eid 1002 demanded 14024 clamped 4096
[kinematics-ws] K clamp binds: eid 1003 demanded 6882 clamped 4096
[kinematics-ws] K clamp binds: eid 1002 demanded 14024 clamped 4096
[kinematics-ws] K clamp binds: eid 1001 demanded 28622 clamped 4096
[kinematics-ws] K clamp binds: eid 1003 demanded 6886 clamped 4096
[kinematics-ws] K clamp binds: eid 1001 demanded 28620 clamped 4096
[kinematics-ws] K clamp binds: eid 1002 demanded 14024 clamped 4096
[kinematics-ws] K clamp binds: eid [kinematics-ws] K clamp binds: eid1001 1003 demanded  demanded 28632 clamped 4096
6888 clamped 4096
[kinematics-ws] K clamp binds: eid 1002 demanded 14040 clamped 4096
[kinematics-ws] K clamp binds: eid 1003 demanded 6888 clamped 4096
[kinematics-ws] K clamp binds: eid 1002 demanded 14046 clamped 4096
[kinematics-ws] K clamp binds: eid 1001 demanded 28650 clamped 4096
[kinematics-ws] K clamp binds: eid 1001 demanded 28658 clamped 4096
[kinematics-ws] K clamp binds: eid 1003 demanded 6885 clamped 4096
[kinematics-ws] K clamp binds: eid 1002 demanded 14048 clamped 4096
[kinematics-ws] K clamp binds: eid 1002 demanded 14050 clamped 4096
[kinematics-ws] K clamp binds: eid 1001 demanded 28654 clamped 4096
[kinematics-ws] K clamp binds: eid 1003 demanded 6883 clamped 4096
[kinematics-ws] K clamp binds: eid 1003 demanded 6886 clamped 4096
[kinematics-ws] K clamp binds: eid 1002 demanded 14052 clamped 4096
[kinematics-ws] K clamp binds: eid 1001 demanded 28639 clamped 4096
[kinematics-ws] K clamp binds: eid 1001 demanded 28652 clamped 4096
[kinematics-ws] K clamp binds: eid 1002 demanded 14048 clamped 4096
[kinematics-ws] K clamp binds: eid 1003 demanded 6892 clamped 4096
[kinematics-ws] K clamp binds: eid 1002 demanded 14041 clamped 4096
[kinematics-ws] K clamp binds: eid 1001 demanded 28668 clamped 4096
[kinematics-ws] K clamp binds: eid 1003 demanded 6885 clamped 4096
[kinematics-ws] K clamp binds: eid 1002 demanded 14048 clamped 4096
[kinematics-ws] K clamp binds: eid 1001 demanded 28662 clamped 4096
[kinematics-ws] K clamp binds: eid 1003 demanded 6880 clamped 4096
[kinematics-ws] K clamp binds: eid 1003 demanded 6889 clamped 4096
[kinematics-ws] K clamp binds: eid 1002 demanded 14048 clamped 4096
[kinematics-ws] K clamp binds: eid 1001 demanded 28668 clamped 4096
[kinematics-ws] K clamp binds: eid 1001 demanded 28661 clamped 4096
[kinematics-ws] K clamp binds: eid 1003 demanded 6878 clamped 4096
[kinematics-ws] K clamp binds: eid 1002 demanded 14053 clamped 4096
[kinematics-ws] K clamp binds: eid 1001 demanded 28685 clamped 4096
[kinematics-ws] K clamp binds: eid 1002 demanded 14062 clamped 4096
[kinematics-ws] K clamp binds: eid 1003 demanded 6890 clamped 4096
[kinematics-ws] K clamp binds: eid 1003 demanded 6882 clamped 4096
[kinematics-ws] K clamp binds: eid 1002 demanded 14067 clamped 4096
[kinematics-ws] K clamp binds: eid 1001 demanded 28686 clamped 4096
[kinematics-ws] K clamp binds: eid 1003 demanded [kinematics-ws] K clamp binds: eid 1002 demanded 14065 clamped 4096
6890 clamped 4096
[kinematics-ws] K clamp binds: eid 1001 demanded 28675 clamped 4096
[kinematics-ws] K clamp binds: eid 1001 demanded 28698 clamped 4096
[kinematics-ws] K clamp binds: eid 1003 demanded 6897 clamped 4096
[kinematics-ws] K clamp binds: eid 1002 demanded 14062 clamped 4096
[kinematics-ws] K clamp binds: eid 1001 demanded 28704 clamped 4096
[kinematics-ws] K clamp binds: eid 1003 demanded 6892 clamped 4096
[kinematics-ws] K clamp binds: eid 1002 demanded 14070 clamped 4096
[kinematics-ws] K clamp binds: eid 1001 demanded 28709 clamped 4096
[kinematics-ws] K clamp binds: eid 1002 demanded 14065 clamped 4096
[kinematics-ws] K clamp binds: eid 1003 demanded 6894 clamped 4096
[kinematics-ws] K clamp binds: eid 1001 demanded 28719 clamped 4096
[kinematics-ws] K clamp binds: eid 1003 demanded 6901 clamped 4096
[kinematics-ws] K clamp binds: eid 1002 demanded 14064 clamped 4096
[kinematics-ws] K clamp binds: eid 1002 demanded 14065 clamped 4096
[kinematics-ws] K clamp binds: eid 1003 demanded 6906 clamped 4096
[kinematics-ws] K clamp binds: eid 1001 demanded 28701 clamped 4096
[kinematics-ws] K clamp binds: eid 1002 demanded 14082 clamped 4096
[kinematics-ws] K clamp binds: eid 1001 demanded 28721 clamped 4096
[kinematics-ws] K clamp binds: eid 1003 demanded 6909 clamped 4096
[kinematics-ws] K clamp binds: eid 1001 demanded 28726 clamped 4096
[kinematics-ws] K clamp binds: eid 1002 demanded 14088 clamped 4096
[kinematics-ws] K clamp binds: eid 1003 demanded 6909 clamped 4096
[kinematics-ws] K clamp binds: eid 1003 demanded 6907 clamped 4096
[kinematics-ws] K clamp binds: eid 1001 demanded 28733 clamped 4096
[kinematics-ws] K clamp binds: eid 1002 demanded 14090 clamped 4096
[kinematics-ws] K clamp binds: eid 1003 demanded 6902 clamped 4096
[kinematics-ws] K clamp binds: eid 1002 demanded 14092 clamped 4096
[kinematics-ws] K clamp binds: eid 1001 demanded 28732 clamped 4096
[kinematics-ws] K clamp binds: eid 1001 demanded 28722 clamped 4096
[kinematics-ws] K clamp binds: eid 1002 demanded 14092 clamped 4096
[kinematics-ws] K clamp binds: eid 1003 demanded 6902 clamped 4096
[kinematics-ws] K clamp binds: eid 1001 demanded 28734 clamped 4096
[kinematics-ws] K clamp binds: eid 1003 demanded 6910 clamped 4096
[kinematics-ws] K clamp binds: eid 1002 demanded 14085 clamped 4096
[kinematics-ws] K clamp binds: eid 1003 demanded 6911 clamped 4096
[kinematics-ws] K clamp binds: eid 1001 demanded 28744 clamped 4096
[kinematics-ws] K clamp binds: eid 1002 demanded 14083 clamped 4096
[kinematics-ws] K clamp binds: eid 1003 demanded 6898 clamped 4096
[kinematics-ws] K clamp binds: eid 1002 demanded 14086 clamped 4096
[kinematics-ws] K clamp binds: eid 1001 demanded 28739 clamped 4096
[kinematics-ws] K clamp binds: eid 1003 demanded 6907 clamped 4096
[kinematics-ws] K clamp binds: eid 1002 demanded 14088 clamped 4096
[kinematics-ws] K clamp binds: eid 1001 demanded 28757 clamped 4096
[kinematics-ws] K clamp binds: eid 1001 demanded 28741 clamped 4096
[kinematics-ws] K clamp binds: eid 1003 demanded 6903 clamped 4096
[kinematics-ws] K clamp binds: eid 1002 demanded 14091 clamped 4096
[kinematics-ws] K clamp binds: eid 1001 demanded 28751 clamped 4096
[kinematics-ws] K clamp binds: eid 1003 demanded 6904 clamped 4096
[kinematics-ws] K clamp binds: eid 1002 demanded 14099 clamped 4096
[kinematics-ws] K clamp binds: eid[kinematics-ws] K clamp binds: eid 1003 demanded 6903 clamped 4096
[kinematics-ws] K clamp binds: eid 1002 demanded 14105 clamped  1001 demanded 28753 clamped 40964096

[kinematics-ws] K clamp binds: eid 1001 demanded 28771 clamped 4096
[kinematics-ws] K clamp binds: eid 1002 demanded 14106 clamped 4096
[kinematics-ws] K clamp binds: eid 1003 demanded 6913 clamped 4096
[kinematics-ws] K clamp binds: eid 1003 demanded 6903 clamped 4096
[kinematics-ws] K clamp binds: eid 1001 demanded 28762 clamped 4096
[kinematics-ws] K clamp binds: eid 1002 demanded 14103 clamped 4096
[kinematics-ws] K clamp binds: eid 1001 demanded 28795 clamped 4096
[kinematics-ws] K clamp binds: eid 1003 demanded 6914 clamped 4096
[kinematics-ws] K clamp binds: eid 1002 demanded 14107 clamped 4096
[kinematics-ws] K clamp binds: eid 1001 demanded 28804 clamped 4096
[kinematics-ws] K clamp binds: eid 1002 demanded 14110 clamped 4096
[kinematics-ws] K clamp binds: eid 1003 demanded 6923 clamped 4096
[kinematics-ws] K clamp binds: eid[kinematics-ws] K clamp binds: eid  10021001 demanded 14098 clamped 4096
[kinematics-ws] K clamp binds: eid 1003 demanded 6921 clamped 4096
 demanded 28798 clamped 4096
[kinematics-ws] K clamp binds: eid 1002 demanded 14112 clamped 4096
[kinematics-ws] K clamp binds: eid 1003 demanded 6918 clamped 4096
[kinematics-ws] K clamp binds: eid 1001 demanded 28773 clamped 4096
[kinematics-ws] K clamp binds: eid 1002 demanded 14112 clamped 4096
[kinematics-ws] K clamp binds: eid 1001 demanded 28798 clamped 4096
[kinematics-ws] K clamp binds: eid 1003 demanded 6918 clamped 4096
[kinematics-ws] K clamp binds: eid 1001 demanded 28812 clamped 4096
[kinematics-ws] K clamp binds: eid 1003 demanded 6919 clamped 4096
[kinematics-ws] K clamp binds: eid 1002 demanded 14111 clamped 4096
[kinematics-ws] K clamp binds: eid 1003 demanded 6920 clamped 4096
[kinematics-ws] K clamp binds: eid 1002 demanded 14118 clamped 4096
[kinematics-ws] K clamp binds: eid 1001 demanded 28818 clamped 4096
[kinematics-ws] K clamp binds: eid 1001 demanded 28811 clamped 4096
[kinematics-ws] K clamp binds: eid 1003 demanded 6920 clamped 4096
[kinematics-ws] K clamp binds: eid 1002 demanded 14121 clamped 4096
[kinematics-ws] K clamp binds: eid 1001 demanded 28802 clamped 4096
[kinematics-ws] K clamp binds: eid 1002 demanded 14119 clamped 4096
[kinematics-ws] K clamp binds: eid 1003 demanded 6924 clamped 4096
[kinematics-ws] K clamp binds: eid 1001 demanded 28809 clamped 4096
[kinematics-ws] K clamp binds: eid 1002 demanded 14123 clamped 4096
[kinematics-ws] K clamp binds: eid 1003 demanded 6933 clamped 4096
[kinematics-ws] K clamp binds: eid 1002 demanded 14137 clamped 4096
[kinematics-ws] K clamp binds: eid 1001 demanded 28826 clamped 4096
[kinematics-ws] K clamp binds: eid 1003 demanded 6936 clamped 4096
[kinematics-ws] K clamp binds: eid 1002 demanded 14116 clamped 4096
[kinematics-ws] K clamp binds: eid 1003 demanded 6922 clamped 4096
[kinematics-ws] K clamp binds: eid 1001 demanded 28823 clamped 4096
[kinematics-ws] K clamp binds: eid 1002 demanded 14133 clamped 4096
[kinematics-ws] K clamp binds: eid 1003 demanded 6918 clamped 4096
[kinematics-ws] K clamp binds: eid 1001 demanded 28822 clamped 4096
[kinematics-ws] K clamp binds: eid 1001 demanded 28830 clamped 4096
[kinematics-ws] K clamp binds: eid 1002 demanded 14117 clamped 4096
[kinematics-ws] K clamp binds: eid 1003 demanded 6933 clamped 4096
[kinematics-ws] K clamp binds: eid 1001 demanded 28845 clamped 4096
[kinematics-ws] K clamp binds: eid 1002 demanded 14138 clamped 4096
[kinematics-ws] K clamp binds: eid 1003 demanded 6915 clamped 4096
[kinematics-ws] K clamp binds: eid 1001 demanded 28852 clamped 4096
[kinematics-ws] K clamp binds: eid 1003 demanded 6931 clamped 4096
[kinematics-ws] K clamp binds: eid 1002 demanded 14152 clamped 4096
[kinematics-ws] K clamp binds: eid 1001 demanded 28855 clamped 4096
[kinematics-ws] K clamp binds: eid 1003 demanded 6916 clamped 4096
[kinematics-ws] K clamp binds: eid 1002 demanded 14156 clamped 4096
[kinematics-ws] K clamp binds: eid 1003 demanded 6936 clamped 4096
[kinematics-ws] K clamp binds: eid 1002 demanded 14158 clamped 4096
[kinematics-ws] K clamp binds: eid 1001 demanded 28845 clamped 4096
[kinematics-ws] K clamp binds: eid 1002 demanded 14156 clamped 4096
[kinematics-ws] K clamp binds: eid 1001 demanded 28851 clamped 4096
[kinematics-ws] K clamp binds: eid 1003 demanded 6921 clamped 4096
[kinematics-ws] K clamp binds: eid 1003 demanded 6929 clamped 4096
[kinematics-ws] K clamp binds: eid 1002 demanded 14144 clamped 4096
[kinematics-ws] K clamp binds: eid 1001 demanded 28855 clamped 4096
[kinematics-ws] K clamp binds: eid 1001 demanded 28862 clamped 4096
[kinematics-ws] K clamp binds: eid 1002 demanded 14141 clamped 4096
[kinematics-ws] K clamp binds: eid 1003 demanded 6944 clamped 4096
[kinematics-ws] K clamp binds: eid 1001 demanded 28865 clamped 4096
[kinematics-ws] K clamp binds: eid 1003 demanded 6939 clamped 4096
[kinematics-ws] K clamp binds: eid 1002 demanded 14150 clamped 4096
[kinematics-ws] K clamp binds: eid 1002 demanded 14140 clamped 4096
[kinematics-ws] K clamp binds: eid 1003 demanded 6933 clamped 4096
[kinematics-ws] K clamp binds: eid 1001 demanded 28874 clamped 4096
[kinematics-ws] K clamp binds: eid 1002 demanded 14149 clamped 4096
[kinematics-ws] K clamp binds: eid 1001 demanded 28865 clamped 4096
[kinematics-ws] K clamp binds: eid 1003 demanded 6934 clamped 4096
[kinematics-ws] K clamp binds: eid 1003 demanded 6938 clamped 4096
[kinematics-ws] K clamp binds: eid 1001 demanded 28871 clamped 4096
[kinematics-ws] K clamp binds: eid 1002 demanded 14163 clamped 4096
[kinematics-ws] K clamp binds: eid [kinematics-ws] K clamp binds: eid1003  demanded 10016940 clamped 4096
[kinematics-ws] K clamp binds: eid 1002 demanded 14165 clamped 4096
 demanded 28877 clamped 4096
[kinematics-ws] K clamp binds: eid 1003 demanded 6939 clamped 4096
[kinematics-ws] K clamp binds: eid 1001 demanded 28882 clamped 4096
[kinematics-ws] K clamp binds: eid 1002 demanded 14166 clamped 4096
[kinematics-ws] K clamp binds: eid 1002 demanded 14168 clamped 4096
[kinematics-ws] K clamp binds: eid 1001 demanded 28897 clamped 4096
[kinematics-ws] K clamp binds: eid 1003 demanded 6937 clamped 4096
[kinematics-ws] K clamp binds: eid 1002 demanded 14172 clamped 4096
[kinematics-ws] K clamp binds: eid 1003 demanded 6938 clamped 4096
[kinematics-ws] K clamp binds: eid 1001 demanded 28889 clamped 4096
[kinematics-ws] K clamp binds: eid 1001 demanded 28888 clamped 4096
[kinematics-ws] K clamp binds: eid 1002 demanded 14172 clamped 4096
[kinematics-ws] K clamp binds: eid 1003 demanded 6948 clamped 4096
[kinematics-ws] K clamp binds: eid 1002 demanded 14161 clamped 4096
[kinematics-ws] K clamp binds: eid 1001 demanded 28894 clamped 4096
[kinematics-ws] K clamp binds: eid 1003 demanded 6960 clamped 4096
[kinematics-ws] K clamp binds: eid 1002 demanded 14167 clamped 4096
[kinematics-ws] K clamp binds: eid 1001 demanded 28915 clamped 4096
[kinematics-ws] K clamp binds: eid 1003 demanded 6947 clamped 4096
[kinematics-ws] K clamp binds: eid 1002 demanded 14162 clamped 4096
[kinematics-ws] K clamp binds: eid 1001 demanded 28905 clamped 4096
[kinematics-ws] K clamp binds: eid 1003 demanded 6932 clamped 4096
[kinematics-ws] K clamp binds: eid 1001 demanded 28927 clamped 4096
[kinematics-ws] K clamp binds: eid 1002 demanded 14175 clamped 4096
[kinematics-ws] K clamp binds: eid 1003 demanded 6955 clamped 4096
[kinematics-ws] K clamp binds: eid 1001 demanded 28923 clamped 4096
[kinematics-ws] K clamp binds: eid 1003 demanded 6937 clamped 4096
[kinematics-ws] K clamp binds: eid 1002 demanded 14176 clamped 4096
[kinematics-ws] K clamp binds: eid 1002 demanded 14177 clamped 4096
[kinematics-ws] K clamp binds: eid 1001 demanded 28932 clamped 4096
[kinematics-ws] K clamp binds: eid 1003 demanded 6946 clamped 4096
[kinematics-ws] K clamp binds: eid 1001 demanded 28943 clamped 4096
[kinematics-ws] K clamp binds: eid 1003 demanded 6941 clamped 4096
[kinematics-ws] K clamp binds: eid 1002 demanded 14180 clamped 4096
[kinematics-ws] K clamp binds: eid 1001 demanded 28910 clamped 4096
[kinematics-ws] K clamp binds: eid 1003 demanded 6953 clamped 4096
[kinematics-ws] K clamp binds: eid 1002 demanded 14181 clamped 4096
[kinematics-ws] K clamp binds: eid 1003 demanded 6935 clamped 4096
[kinematics-ws] K clamp binds: eid 1001 demanded 28943 clamped 4096
[kinematics-ws] K clamp binds: eid 1002 demanded 14183 clamped 4096
[kinematics-ws] K clamp binds: eid 1003 demanded 6960 clamped 4096
[kinematics-ws] K clamp binds: eid 1002 demanded 14192 clamped 4096
[kinematics-ws] K clamp binds: eid 1001 demanded 28958 clamped 4096
[kinematics-ws] K clamp binds: eid 1001 demanded 28961 clamped 4096
[kinematics-ws] K clamp binds: eid 1003 demanded 6957 clamped 4096
[kinematics-ws] K clamp binds: eid 1002 demanded 14189 clamped 4096
[kinematics-ws] K clamp binds: eid [kinematics-ws] K clamp binds: eid 1002 demanded 100114176 clamped  4096demanded 
28943 clamped 4096
[kinematics-ws] K clamp binds: eid 1003 demanded 6944 clamped 4096
[kinematics-ws] K clamp binds: eid 1002 demanded 14192 clamped [kinematics-ws] K clamp binds: eid 1001 demanded 28947 clamped 4096
[kinematics-ws] K clamp binds: eid4096
 1003 demanded 6951 clamped 4096
[kinematics-ws] K clamp binds: eid 1001 demanded 28942 clamped 4096
[kinematics-ws] K clamp binds: eid 1002 demanded 14187 clamped 4096
[kinematics-ws] K clamp binds: eid 1003 demanded 6966 clamped 4096
[kinematics-ws] K clamp binds: eid 1001 demanded 28960 clamped 4096
[kinematics-ws] K clamp binds: eid 1002 demanded 14186 clamped 4096
[kinematics-ws] K clamp binds: eid 1003 demanded 6975 clamped 4096
[kinematics-ws] K clamp binds: eid 1001 demanded 28961 clamped 4096
[kinematics-ws] K clamp binds: eid 1002 demanded 14200 clamped 4096
[kinematics-ws] K clamp binds: eid 1003 demanded 6979 clamped 4096
[kinematics-ws] K clamp binds: eid 1001 demanded 28956 clamped 4096
[kinematics-ws] K clamp binds: eid 1003 demanded 6980 clamped 4096
[kinematics-ws] K clamp binds: eid 1002 demanded 14210 clamped 4096
[kinematics-ws] K clamp binds: eid 1003 demanded 6979 clamped 4096
[kinematics-ws] K clamp binds: eid 1001 demanded 28981 clamped 4096
[kinematics-ws] K clamp binds: eid 1002 demanded 14211 clamped 4096
[kinematics-ws] K clamp binds: eid 1002 demanded 14205 clamped 4096
[kinematics-ws] K clamp binds: eid 1003 demanded 6975 clamped 4096
[kinematics-ws] K clamp binds: eid 1001 demanded 28963 clamped 4096
[kinematics-ws] K clamp binds: eid 1001 demanded 28965 clamped 4096
[kinematics-ws] K clamp binds: eid 1003 demanded 6966 clamped 4096
[kinematics-ws] K clamp binds: eid 1002 demanded 14198 clamped 4096
[kinematics-ws] K clamp binds: eid 1003 demanded 6957 clamped 4096
[kinematics-ws] K clamp binds: eid 1001 demanded 28970 clamped 4096
[kinematics-ws] K clamp binds: eid 1002 demanded 14210 clamped 4096
[kinematics-ws] K clamp binds: eid 1001 demanded 28984 clamped 4096
[kinematics-ws] K clamp binds: eid 1003 demanded 6963 clamped 4096
[kinematics-ws] K clamp binds: eid 1002 demanded 14207 clamped 4096
[kinematics-ws] K clamp binds: eid 1003 demanded 6977 clamped 4096
[kinematics-ws] K clamp binds: eid 1002 demanded 14200 clamped 4096
[kinematics-ws] K clamp binds: eid 1001 demanded 29000 clamped 4096
[kinematics-ws] K clamp binds: eid [kinematics-ws] K clamp binds: eid 10021001 demanded  14206 clamped 4096
demanded 28987 clamped 4096
[kinematics-ws] K clamp binds: eid 1003 demanded 6963 clamped 4096
[kinematics-ws] K clamp binds: eid 1001 demanded 28979 clamped 4096
[kinematics-ws] K clamp binds: eid 1002 demanded 14221 clamped 4096
[kinematics-ws] K clamp binds: eid 1003 demanded 6957 clamped 4096
[kinematics-ws] K clamp binds: eid 1002 demanded 14214 clamped 4096
[kinematics-ws] K clamp binds: eid 1001 demanded 28985 clamped 4096
[kinematics-ws] K clamp binds: eid 1003 demanded 6974 clamped 4096
[kinematics-ws] K clamp binds: eid 1002 demanded 14213 clamped 4096
[kinematics-ws] K clamp binds: eid 1001 demanded 28998 clamped 4096
[kinematics-ws] K clamp binds: eid 1003 demanded 6952 clamped 4096
[kinematics-ws] K clamp binds: eid 1001 demanded 29030 clamped 4096
[kinematics-ws] K clamp binds: eid 1002 demanded 14215 clamped 4096
[kinematics-ws] K clamp binds: eid 1003 demanded 6975 clamped 4096
[kinematics-ws] K clamp binds: eid 1001 demanded 28988 clamped 4096
[kinematics-ws] K clamp binds: eid 1002 demanded 14216 clamped 4096
[kinematics-ws] K clamp binds: eid 1003 demanded 6954 clamped 4096
[kinematics-ws] K clamp binds: eid 1002 demanded 14222 clamped 4096
[kinematics-ws] K clamp binds: eid 1001 demanded 28998 clamped 4096
[kinematics-ws] K clamp binds: eid 1003 demanded 6975 clamped 4096
[kinematics-ws] K clamp binds: eid 1002 demanded 14238 clamped 4096
[kinematics-ws] K clamp binds: eid 1001 demanded 29013 clamped 4096
[kinematics-ws] K clamp binds: eid 1003 demanded 6970 clamped 4096
[kinematics-ws] K clamp binds: eid 1001 demanded 28998 clamped 4096
[kinematics-ws] K clamp binds: eid 1003 demanded 6961 clamped 4096
[kinematics-ws] K clamp binds: eid 1002 demanded 14227 clamped 4096
[kinematics-ws] K clamp binds: eid 1001 demanded 29038 clamped 4096
[kinematics-ws] K clamp binds: eid 1002 demanded 14216 clamped 4096
[kinematics-ws] K clamp binds: eid 1003 demanded 6980 clamped 4096
[kinematics-ws] K clamp binds: eid 1001 demanded 29011 clamped [kinematics-ws] K clamp binds: eid 40961002 
demanded 14232 clamped 4096
[kinematics-ws] K clamp binds: eid 1003 demanded 6988 clamped 4096
[kinematics-ws] K clamp binds: eid 1001 demanded 29067 clamped 4096
[kinematics-ws] K clamp binds: eid 1002 demanded 14230 clamped 4096
[kinematics-ws] K clamp binds: eid 1003 demanded 6982 clamped 4096
[kinematics-ws] K clamp binds: eid 1003 demanded 6976 clamped 4096
[kinematics-ws] K clamp binds: eid 1002 demanded 14220 clamped 4096
[kinematics-ws] K clamp binds: eid 1001 demanded 29074 clamped 4096
[kinematics-ws] K clamp binds: eid 1003 demanded 6974 clamped 4096
[kinematics-ws] K clamp binds: eid 1002 demanded 14238 clamped 4096
[kinematics-ws] K clamp binds: eid 1001 demanded 29078 clamped 4096
[kinematics-ws] K clamp binds: eid 1001 demanded 29040 clamped 4096
[kinematics-ws] K clamp binds: eid 1003 demanded 6975 clamped 4096
[kinematics-ws] K clamp binds: eid 1002 demanded 14252 clamped 4096
[kinematics-ws] K clamp binds: eid 1003 demanded 6976 clamped 4096
[kinematics-ws] K clamp binds: eid 1002 demanded 14256 clamped 4096
[kinematics-ws] K clamp binds: eid 1001 demanded 29046 clamped 4096
[kinematics-ws] K clamp binds: eid 1001 demanded 29029 clamped 4096
[kinematics-ws] K clamp binds: eid 1002 demanded 14251 clamped 4096
[kinematics-ws] K clamp binds: eid 1003 demanded 6976 clamped 4096
[kinematics-ws] K clamp binds: eid 1003 demanded 6979 clamped 4096
[kinematics-ws] K clamp binds: eid 1001 demanded 29064 clamped 4096
[kinematics-ws] K clamp binds: eid 1002 demanded 14237 clamped 4096
[kinematics-ws] K clamp binds: eid 1002 demanded 14238 clamped 4096
[kinematics-ws] K clamp binds: eid 1003 demanded 6989 clamped 4096
[kinematics-ws] K clamp binds: eid 1001 demanded 29066 clamped 4096
[kinematics-ws] K clamp binds: eid 1003 demanded 7000 clamped 4096
[kinematics-ws] K clamp binds: eid 1002 demanded 14259 clamped 4096
[kinematics-ws] K clamp binds: eid 1001 demanded 29039 clamped 4096
[kinematics-ws] K clamp binds: eid 1001 demanded 29087 clamped 4096
[kinematics-ws] K clamp binds: eid 1002 demanded 14231 clamped 4096
[kinematics-ws] K clamp binds: eid 1003 demanded 6994 clamped 4096
[kinematics-ws] K clamp binds: eid 1003 demanded 6973 clamped 4096
[kinematics-ws] K clamp binds: eid 1001 demanded 29039 clamped 4096
[kinematics-ws] K clamp binds: eid 1002 demanded 14259 clamped 4096
[kinematics-ws] K clamp binds: eid 1002 demanded 14235 clamped 4096
[kinematics-ws] K clamp binds: eid 1003 demanded 6984 clamped 4096
[kinematics-ws] K clamp binds: eid 1001 demanded 29086 clamped 4096
[kinematics-ws] K clamp binds: eid 1002 demanded 14252 clamped 4096
[kinematics-ws] K clamp binds: eid 1001 demanded 29104 clamped 4096
[kinematics-ws] K clamp binds: eid 1003 demanded 6995 clamped 4096
[kinematics-ws] K clamp binds: eid 1003 demanded 6970 clamped 4096
[kinematics-ws] K clamp binds: eid 1001 demanded 29080 clamped 4096
[kinematics-ws] K clamp binds: eid 1002 demanded 14273 clamped 4096
[kinematics-ws] K clamp binds: eid 1001 demanded 29062 clamped 4096
[kinematics-ws] K clamp binds: eid 1003 demanded 6996 clamped 4096
[kinematics-ws] K clamp binds: eid 1002 demanded 14277 clamped 4096
[kinematics-ws] K clamp binds: eid 1002 demanded 14279 clamped 4096
[kinematics-ws] K clamp binds: eid 1003 demanded 6971 clamped 4096
[kinematics-ws] K clamp binds: eid 1001 demanded 29111 clamped 4096
[kinematics-ws] K clamp binds: eid 1003 demanded 6998 clamped 4096
[kinematics-ws] K clamp binds: eid 1001 demanded 29097 clamped 4096
[kinematics-ws] K clamp binds: eid 1002 demanded 14280 clamped 4096
[kinematics-ws] K clamp binds: eid 1003 demanded 6973 clamped 4096
[kinematics-ws] K clamp binds: eid 1002 demanded 14275 clamped 4096
[kinematics-ws] K clamp binds: eid 1001 demanded 29081 clamped 4096
[kinematics-ws] K clamp binds: eid 1003 demanded 6996 clamped 4096
[kinematics-ws] K clamp binds: eid 1002 demanded 14259 clamped 4096
[kinematics-ws] K clamp binds: eid 1001 demanded 29090 clamped 4096
[kinematics-ws] K clamp binds: eid 1002 demanded 14262 clamped 4096
[kinematics-ws] K clamp binds: eid 1003 demanded 6996 clamped 4096
[kinematics-ws] K clamp binds: eid 1001 demanded 29129 clamped 4096
[kinematics-ws] K clamp binds: eid 1001 demanded 29105 clamped 4096
[kinematics-ws] K clamp binds: eid 1002 demanded 14271 clamped 4096
[kinematics-ws] K clamp binds: eid 1003 demanded 6980 clamped 4096
[kinematics-ws] K clamp binds: eid 1002 demanded 14258 clamped 4096
[kinematics-ws] K clamp binds: eid 1003 demanded 6994 clamped 4096
[kinematics-ws] K clamp binds: eid 1001 demanded 29124 clamped 4096
[kinematics-ws] K clamp binds: eid 1001 demanded 29089 clamped 4096
[kinematics-ws] K clamp binds: eid 1002 demanded 14269 clamped 4096
[kinematics-ws] K clamp binds: eid 1003 demanded 7011 clamped 4096
[kinematics-ws] K clamp binds: eid 1001 demanded 29093 clamped 4096
[kinematics-ws] K clamp binds: eid 1002 demanded 14281 clamped 4096
[kinematics-ws] K clamp binds: eid 1003 demanded 7013 clamped 4096
[kinematics-ws] K clamp binds: eid 1001 demanded 29104 clamped 4096
[kinematics-ws] K clamp binds: eid 1003 demanded 7007 clamped 4096
[kinematics-ws] K clamp binds: eid 1002 demanded 14274 clamped 4096
[kinematics-ws] K clamp binds: eid 1001 demanded 29159 clamped 4096
[kinematics-ws] K clamp binds: eid 1002 demanded 14273 clamped 4096
[kinematics-ws] K clamp binds: eid 1003 demanded 7002 clamped 4096
[kinematics-ws] K clamp binds: eid 1001 demanded 29097 clamped 4096
[kinematics-ws] K clamp binds: eid 1003 demanded 7001 clamped 4096
[kinematics-ws] K clamp binds: eid 1002 demanded 14276 clamped 4096
[kinematics-ws] K clamp binds: eid 1001 demanded 29167 clamped 4096
[kinematics-ws] K clamp binds: eid 1003 demanded 7002 clamped 4096
[kinematics-ws] K clamp binds: eid 1002 demanded 14276 clamped 4096
[kinematics-ws] K clamp binds: eid 1003 demanded 7006 clamped 4096
[kinematics-ws] K clamp binds: eid 1002 demanded 14279 clamped 4096
[kinematics-ws] K clamp binds: eid 1001 demanded 29167 clamped 4096
[kinematics-ws] K clamp binds: eid 1003 demanded 7013 clamped 4096
[kinematics-ws] K clamp binds: eid 1002 demanded 14293 clamped 4096
[kinematics-ws] K clamp binds: eid 1001 demanded 29172 clamped 4096
[kinematics-ws] K clamp binds: eid 1003 demanded 7021 clamped 4096
[kinematics-ws] K clamp binds: eid 1001 demanded 29179 clamped 4096
[kinematics-ws] K clamp binds: eid 1002 demanded 14296 clamped 4096
[kinematics-ws] K clamp binds: eid 1001 demanded 29119 clamped 4096
[kinematics-ws] K clamp binds: eid 1002 demanded 14270 clamped 4096
[kinematics-ws] K clamp binds: eid 1003 demanded 7017 clamped 4096
[kinematics-ws] K clamp binds: eid 1001 demanded 29176 clamped 4096
[kinematics-ws] K clamp binds: eid 1003 demanded 7000 clamped 4096
[kinematics-ws] K clamp binds: eid 1002 demanded 14297 clamped 4096
[kinematics-ws] K clamp binds: eid 1001 demanded 29138 clamped 4096
[kinematics-ws] K clamp binds: eid 1002 demanded 14272 clamped 4096
[kinematics-ws] K clamp binds: eid 1003 demanded 6995 clamped 4096
[kinematics-ws] K clamp binds: eid 1001 demanded 29134 clamped 4096
[kinematics-ws] K clamp binds: eid 1003 demanded 7016 clamped 4096
[kinematics-ws] K clamp binds: eid 1002 demanded 14298 clamped 4096
[kinematics-ws] K clamp binds: eid 1001 demanded 29141 clamped 4096
[kinematics-ws] K clamp binds: eid 1002 demanded 14304 clamped 4096
[kinematics-ws] K clamp binds: eid 1003 demanded 7003 clamped 4096
[kinematics-ws] K clamp binds: eid 1002 demanded 14294 clamped 4096
[kinematics-ws] K clamp binds: eid 1003 demanded 6995 clamped 4096
[kinematics-ws] K clamp binds: eid 1001 demanded 29182 clamped 4096
[kinematics-ws] K clamp binds: eid 1001 demanded 29171 clamped 4096
[kinematics-ws] K clamp binds: eid 1003 demanded 7015 clamped 4096
[kinematics-ws] K clamp binds: eid 1002 demanded 14292 clamped 4096
[kinematics-ws] K clamp binds: eid [kinematics-ws] K clamp binds: eid1001 demanded  291791003  demanded clamped6991  clamped 40964096

[kinematics-ws] K clamp binds: eid 1002 demanded 14293 clamped 4096
[kinematics-ws] K clamp binds: eid 1001 demanded 29145 clamped 4096
[kinematics-ws] K clamp binds: eid 1002 demanded 14295 clamped 4096
[kinematics-ws] K clamp binds: eid 1003 demanded 7016 clamped 4096
[kinematics-ws] K clamp binds: eid 1002 demanded 14306 clamped 4096
[kinematics-ws] K clamp binds: eid 1001 demanded 29151 clamped 4096
[kinematics-ws] K clamp binds: eid 1003 demanded 6995 clamped 4096
[kinematics-ws] K clamp binds: eid 1002 demanded 14323 clamped 4096
[kinematics-ws] K clamp binds: eid 1003 demanded 7010 clamped 4096
[kinematics-ws] K clamp binds: eid 1001 demanded 29155 clamped 4096
[kinematics-ws] K clamp binds: eid 1001 demanded 29208 clamped 4096
[kinematics-ws] K clamp binds: eid 1003 demanded 7016 clamped 4096
[kinematics-ws] K clamp binds: eid 1002 demanded 14302 clamped 4096
[kinematics-ws] K clamp binds: eid 1001 demanded 29177 clamped 4096
[kinematics-ws] K clamp binds: eid 1003 demanded 6999 clamped 4096
[kinematics-ws] K clamp binds: eid 1002 demanded 14297 clamped 4096
[kinematics-ws] K clamp binds: eid 1001 demanded 29221 clamped 4096
[kinematics-ws] K clamp binds: eid 1002 demanded 14313 clamped 4096
[kinematics-ws] K clamp binds: eid 1003 demanded 7015 clamped 4096
[kinematics-ws] K clamp binds: eid 1001 demanded 29182 clamped 4096
[kinematics-ws] K clamp binds: eid 1002 demanded 14305 clamped 4096
[kinematics-ws] K clamp binds: eid 1003 demanded 7030 clamped 4096
[kinematics-ws] K clamp binds: eid 1003 demanded 7024 clamped 4096
[kinematics-ws] K clamp binds: eid 1001 demanded 29180 clamped 4096
[kinematics-ws] K clamp binds: eid 1002 demanded 14298 clamped 4096
[kinematics-ws] K clamp binds: eid 1001 demanded 29208 clamped 4096
[kinematics-ws] K clamp binds: eid 1003 demanded 7014 clamped 4096
[kinematics-ws] K clamp binds: eid 1002 demanded 14327 clamped 4096
[kinematics-ws] K clamp binds: eid 1001 demanded 29246 clamped 4096
[kinematics-ws] K clamp binds: eid 1003 demanded 7011 clamped 4096
[kinematics-ws] K clamp binds: eid 1002 demanded 14336 clamped 4096
[kinematics-ws] K clamp binds: eid 1002 demanded 14334 clamped 4096
[kinematics-ws] K clamp binds: eid 1001 demanded 29165 clamped 4096
[kinematics-ws] K clamp binds: eid 1003 demanded 7013 clamped 4096
[kinematics-ws] K clamp binds: eid 1001 demanded 29237 clamped 4096
[kinematics-ws] K clamp binds: eid 1002 demanded 14334 clamped 4096
[kinematics-ws] K clamp binds: eid 1003 demanded 7015 clamped 4096
[kinematics-ws] K clamp binds: eid 1003 demanded 7015 clamped 4096
[kinematics-ws] K clamp binds: eid 1002 demanded 14339 clamped 4096
[kinematics-ws] K clamp binds: eid 1001 demanded 29256 clamped 4096
[kinematics-ws] K clamp binds: eid 1003 demanded 7013 clamped 4096
[kinematics-ws] K clamp binds: eid 1002 demanded 14341 clamped 4096
[kinematics-ws] K clamp binds: eid 1001 demanded 29259 clamped 4096
[kinematics-ws] K clamp binds: eid 1001 demanded 29263 clamped 4096
[kinematics-ws] K clamp binds: eid 1002 demanded 14326 clamped 4096
[kinematics-ws] K clamp binds: eid 1003 demanded 7015 clamped 4096
[kinematics-ws] K clamp binds: eid 1002 demanded 14314 clamped 4096
[kinematics-ws] K clamp binds: eid 1003 demanded 7023 clamped 4096
[kinematics-ws] K clamp binds: eid 1001 demanded 29207 clamped 4096
[kinematics-ws] K clamp binds: eid 1002 demanded 14336 clamped 4096
[kinematics-ws] K clamp binds: eid 1003 demanded 7038 clamped 4096
[kinematics-ws] K clamp binds: eid 1001 demanded 29240 clamped 4096
[kinematics-ws] K clamp binds: eid 1003 demanded [kinematics-ws] K clamp binds: eid 1002 demanded 14312 clamped 4096
[kinematics-ws] K clamp binds: eid 1001 demanded 29198 clamped 4096
7041 clamped 4096
[kinematics-ws] K clamp binds: eid 1001 demanded 29237 clamped 4096
[kinematics-ws] K clamp binds: eid 1003 demanded 7019 clamped 4096
[kinematics-ws] K clamp binds: eid 1002 demanded 14338 clamped 4096
[kinematics-ws] K clamp binds: eid 1001 demanded 29249 clamped 4096
[kinematics-ws] K clamp binds: eid 1003 demanded 7013 clamped 4096
[kinematics-ws] K clamp binds: eid 1002 demanded 14323 clamped 4096
[kinematics-ws] K clamp binds: eid 1003 demanded 7039 clamped 4096
[kinematics-ws] K clamp binds: eid 1001 demanded 29221 clamped 4096
[kinematics-ws] K clamp binds: eid 1002 demanded 14325 clamped 4096
[kinematics-ws] K clamp binds: eid 1002 demanded 14345 clamped 4096
[kinematics-ws] K clamp binds: eid 1001 demanded 29234 clamped 4096
[kinematics-ws] K clamp binds: eid 1003 demanded 7019 clamped 4096
[kinematics-ws] K clamp binds: eid 1001 demanded 29265 clamped 4096
[kinematics-ws] K clamp binds: eid 1003 demanded 7019 clamped 4096
[kinematics-ws] K clamp binds: eid 1002 demanded 14355 clamped 4096
[kinematics-ws] K clamp binds: eid 1001 demanded 29260 clamped 4096
[kinematics-ws] K clamp binds: eid 1002 demanded 14358 clamped 4096
[kinematics-ws] K clamp binds: eid 1003 demanded 7033 clamped 4096
[kinematics-ws] K clamp binds: eid 1001 demanded 29227 clamped 4096
[kinematics-ws] K clamp binds: eid 1002 demanded 14357 clamped 4096
[kinematics-ws] K clamp binds: eid 1003 demanded 7013 clamped 4096
[kinematics-ws] K clamp binds: eid 1003 demanded 7033 clamped 4096
[kinematics-ws] K clamp binds: eid 1001 demanded 29229 clamped 4096
[kinematics-ws] K clamp binds: eid 1002 demanded 14349 clamped 4096
[kinematics-ws] K clamp binds: eid 1001 demanded 29245 clamped 4096
[kinematics-ws] K clamp binds: eid 1003 demanded 7022 clamped 4096
[kinematics-ws] K clamp binds: eid 1002 demanded 14337 clamped 4096
[kinematics-ws] K clamp binds: eid 1003 demanded 7021 clamped 4096
[kinematics-ws] K clamp binds: eid 1002 demanded 14346 clamped 4096
[kinematics-ws] K clamp binds: eid 1001 demanded 29304 clamped 4096
[kinematics-ws] K clamp binds: eid 1003 demanded 7044 clamped 4096
[kinematics-ws] K clamp binds: eid 1002 demanded 14352 clamped 4096
[kinematics-ws] K clamp binds: eid 1001 demanded 29236 clamped 4096
[kinematics-ws] K clamp binds: eid 1001 demanded 29310 clamped 4096
[kinematics-ws] K clamp binds: eid 1002 demanded 14334 clamped 4096
[kinematics-ws] K clamp binds: eid 1003 demanded 7021 clamped 4096
[kinematics-ws] K clamp binds: eid 1002 demanded 14354 clamped 4096
[kinematics-ws] K clamp binds: eid 1003 demanded 7024 clamped 4096
[kinematics-ws] K clamp binds: eid 1001 demanded 29278 clamped 4096
[kinematics-ws] K clamp binds: eid 1001 demanded 29268 clamped 4096
[kinematics-ws] K clamp binds: eid 1003 demanded 7049 clamped 4096
[kinematics-ws] K clamp binds: eid 1002 demanded 14344 clamped 4096
[kinematics-ws] K clamp binds: eid 1002 demanded 14345 clamped 4096
[kinematics-ws] K clamp binds: eid 1003 demanded 7052 clamped 4096
[kinematics-ws] K clamp binds: eid 1001 demanded 29292 clamped 4096
[kinematics-ws] K clamp binds: eid 1003 demanded 7041 clamped 4096
[kinematics-ws] K clamp binds: eid 1001 demanded 29327 clamped 4096
[kinematics-ws] K clamp binds: eid 1002 demanded 14364 clamped 4096
[kinematics-ws] K clamp binds: eid 1002 demanded 14372 clamped 4096
[kinematics-ws] K clamp binds: eid 1001 demanded 29250 clamped 4096
[kinematics-ws] K clamp binds: eid 1003 demanded 7032 clamped 4096
[kinematics-ws] K clamp binds: eid 1001 demanded 29327 clamped 4096
[kinematics-ws] K clamp binds: eid 1002 demanded 14373 clamped 4096
[kinematics-ws] K clamp binds: eid 1003 demanded 7030 clamped 4096
[kinematics-ws] K clamp binds: eid 1002 demanded 14375 clamped 4096
[kinematics-ws] K clamp binds: eid 1003 demanded 7030 clamped 4096
[kinematics-ws] K clamp binds: eid 1001 demanded 29290 clamped 4096
[kinematics-ws] K clamp binds: eid[kinematics-ws] K clamp binds: eid  10021003 demanded  demanded 7031 clamped 14376 clamped 40964096

[kinematics-ws] K clamp binds: eid 1001 demanded 29275 clamped 4096
[kinematics-ws] K clamp binds: eid 1002 demanded 14374 clamped 4096
[kinematics-ws] K clamp binds: eid 1003 demanded 7031 clamped 4096
[kinematics-ws] K clamp binds: eid 1001 demanded 29286 clamped 4096
[kinematics-ws] K clamp binds: eid 1003 demanded 7032 clamped 4096
[kinematics-ws] K clamp binds: eid 1001 demanded 29333 clamped 4096
[kinematics-ws] K clamp binds: eid 1002 demanded 14363 clamped 4096
[kinematics-ws] K clamp binds: eid 1001 demanded 29312 clamped 4096
[kinematics-ws] K clamp binds: eid 1003 demanded 7039 clamped 4096
[kinematics-ws] K clamp binds: eid 1002 demanded 14361 clamped 4096
[kinematics-ws] K clamp binds: eid 1003 demanded 7054 clamped 4096
[kinematics-ws] K clamp binds: eid 1002 demanded 14370 clamped 4096
[kinematics-ws] K clamp binds: eid 1001 demanded 29305 clamped 4096
[kinematics-ws] K clamp binds: eid 1002 demanded 14357 clamped 4096
[kinematics-ws] K clamp binds: eid 1001 demanded 29276 clamped 4096
[kinematics-ws] K clamp binds: eid 1003 demanded 7066 clamped 4096
[kinematics-ws] K clamp binds: eid 1001 demanded 29317 clamped 4096
[kinematics-ws] K clamp binds: eid 1002 demanded 14372 clamped 4096
[kinematics-ws] K clamp binds: eid 1003 demanded 7052 clamped 4096
[kinematics-ws] K clamp binds: eid 1003 demanded 7028 clamped 4096
[kinematics-ws] K clamp binds: eid 1001 demanded 29322 clamped 4096
[kinematics-ws] K clamp binds: eid 1002 demanded 14365 clamped 4096
[kinematics-ws] K clamp binds: eid 1003 demanded 7045 clamped 4096
[kinematics-ws] K clamp binds: eid 1002 demanded 14369 clamped 4096
[kinematics-ws] K clamp binds: eid 1001 demanded 29289 clamped 4096
[kinematics-ws] K clamp binds: eid 1001 demanded 29323 clamped 4096
[kinematics-ws] K clamp binds: eid 1002 demanded 14382 clamped 4096
[kinematics-ws] K clamp binds: eid 1003 demanded 7060 clamped 4096
[kinematics-ws] K clamp binds: eid 1001 demanded 29338 clamped 4096
[kinematics-ws] K clamp binds: eid 1003 demanded 7026 clamped 4096
[kinematics-ws] K clamp binds: eid 1002 demanded 14388 clamped 4096
[kinematics-ws] K clamp binds: eid 1001 demanded 29349 clamped 4096
[kinematics-ws] K clamp binds: eid 1002 demanded 14390 clamped 4096
[kinematics-ws] K clamp binds: eid 1003 demanded 7053 clamped 4096
[kinematics-ws] K clamp binds: eid 1003 demanded 7039 clamped 4096
[kinematics-ws] K clamp binds: eid 1001 demanded 29301 clamped 4096
[kinematics-ws] K clamp binds: eid 1002 demanded 14391 clamped 4096
[kinematics-ws] K clamp binds: eid 1001 demanded 29301 clamped 4096
[kinematics-ws] K clamp binds: eid 1002 demanded 14392 clamped 4096
[kinematics-ws] K clamp binds: eid 1003 demanded 7044 clamped 4096
[kinematics-ws] K clamp binds: eid 1001 demanded 29310 clamped 4096
[kinematics-ws] K clamp binds: eid 1003 demanded 7041 clamped 4096
[kinematics-ws] K clamp binds: eid 1002 demanded 14391 clamped 4096
[kinematics-ws] K clamp binds: eid 1002 demanded 14386 clamped 4096
[kinematics-ws] K clamp binds: eid 1001 demanded 29370 clamped 4096
[kinematics-ws] K clamp binds: eid 1003 demanded 7053 clamped 4096
[kinematics-ws] K clamp binds: eid 1002 demanded 14383 clamped 4096
[kinematics-ws] K clamp binds: eid 1001 demanded 29355 clamped 4096
[kinematics-ws] K clamp binds: eid 1003 demanded 7031 clamped 4096
[kinematics-ws] K clamp binds: eid 1001 demanded 29349 clamped 4096
[kinematics-ws] K clamp binds: eid 1003 demanded 7066 clamped 4096
[kinematics-ws] K clamp binds: eid 1002 demanded 14386 clamped 4096
[kinematics-ws] K clamp binds: eid 1003 demanded 7044 clamped 4096
[kinematics-ws] K clamp binds: eid 1002 demanded 14381 clamped 4096
[kinematics-ws] K clamp binds: eid 1001 demanded 29307 clamped 4096
[kinematics-ws] K clamp binds: eid 1002 demanded 14387 clamped 4096
[kinematics-ws] K clamp binds: eid 1001 demanded 29347 clamped 4096
[kinematics-ws] K clamp binds: eid 1003 demanded 7038 clamped 4096
[kinematics-ws] K clamp binds: eid 1001 demanded 29351 clamped 4096
[kinematics-ws] K clamp binds: eid 1003 demanded 7068 clamped 4096
[kinematics-ws] K clamp binds: eid 1002 demanded 14385 clamped 4096
[kinematics-ws] K clamp binds: eid 1003 demanded 7072 clamped 4096
[kinematics-ws] K clamp binds: eid 1002 demanded 14392 clamped 4096
[kinematics-ws] K clamp binds: eid 1001 demanded 29318 clamped 4096
[kinematics-ws] K clamp binds: eid 1001 demanded 29371 clamped 4096
[kinematics-ws] K clamp binds: eid 1003 demanded 7055 clamped 4096
[kinematics-ws] K clamp binds: eid 1002 demanded 14398 clamped 4096
[kinematics-ws] K clamp binds: eid 1001 demanded 29375 clamped 4096
[kinematics-ws] K clamp binds: eid 1003 demanded 7045 clamped 4096
[kinematics-ws] K clamp binds: eid 1002 demanded 14401 clamped 4096
[kinematics-ws] K clamp binds: eid 1001 demanded 29392 clamped 4096
[kinematics-ws] K clamp binds: eid 1002 demanded 14404 clamped 4096
[kinematics-ws] K clamp binds: eid 1003 demanded 7047 clamped 4096
[kinematics-ws] K clamp binds: eid [kinematics-ws] K clamp binds: eid 1002 demanded 14405 clamped 1001 demanded 29330 clamped 40964096

[kinematics-ws] K clamp binds: eid 1003 demanded 7054 clamped 4096
[kinematics-ws] K clamp binds: eid 1001 demanded 29332 clamped 4096
[kinematics-ws] K clamp binds: eid 1002 demanded 14406 clamped 4096
[kinematics-ws] K clamp binds: eid 1003 demanded 7059 clamped 4096
[kinematics-ws] K clamp binds: eid 1001 demanded 29334 clamped 4096
[kinematics-ws] K clamp binds: eid 1003 demanded 7061 clamped 4096
[kinematics-ws] K clamp binds: eid 1002 demanded 14406 clamped 4096
[kinematics-ws] K clamp binds: eid 1002 demanded 14410 clamped 4096
[kinematics-ws] K clamp binds: eid 1001 demanded 29381 clamped 4096
[kinematics-ws] K clamp binds: eid 1003 demanded 7058 clamped 4096
[kinematics-ws] K clamp binds: eid 1001 demanded 29436 clamped 4096
[kinematics-ws] K clamp binds: eid 1002 demanded 14410 clamped 4096
[kinematics-ws] K clamp binds: eid 1003 demanded 7052 clamped 4096
[kinematics-ws] K clamp binds: eid 1001 demanded 29334 clamped 4096
[kinematics-ws] K clamp binds: eid 1002 demanded 14401 clamped 4096
[kinematics-ws] K clamp binds: eid 1003 demanded 7048 clamped 4096
[kinematics-ws] K clamp binds: eid 1002 demanded 14405 clamped 4096
[kinematics-ws] K clamp binds: eid 1001 demanded 29398 clamped 4096
[kinematics-ws] K clamp binds: eid 1003 demanded 7054 clamped 4096
[kinematics-ws] K clamp binds: eid 1003 demanded 7074 clamped 4096
[kinematics-ws] K clamp binds: eid 1001 demanded 29457 clamped 4096
[kinematics-ws] K clamp binds: eid 1002 demanded 14403 clamped 4096
[kinematics-ws] K clamp binds: eid 1003 demanded 7088 clamped 4096
[kinematics-ws] K clamp binds: eid 1001 demanded 29463 clamped 4096
[kinematics-ws] K clamp binds: eid 1002 demanded 14408 clamped 4096
[kinematics-ws] K clamp binds: eid 1002 demanded 14405 clamped 4096
[kinematics-ws] K clamp binds: eid 1001 demanded 29459 clamped 4096
[kinematics-ws] K clamp binds: eid 1003 demanded 7067 clamped 4096
[kinematics-ws] K clamp binds: eid 1002 demanded 14415 clamped 4096
[kinematics-ws] K clamp binds: eid 1003 demanded 7045 clamped 4096
[kinematics-ws] K clamp binds: eid 1001 demanded 29387 clamped 4096
[kinematics-ws] K clamp binds: eid 1003 demanded 7074 clamped 4096
[kinematics-ws] K clamp binds: eid 1001 demanded 29387 clamped 4096
[kinematics-ws] K clamp binds: eid 1002 demanded 14421 clamped 4096
[kinematics-ws] K clamp binds: eid 1001 demanded 29413 clamped 4096
[kinematics-ws] K clamp binds: eid 1002 demanded 14422 clamped 4096
[kinematics-ws] K clamp binds: eid 1003 demanded 7074 clamped 4096
[kinematics-ws] K clamp binds: eid 1001 demanded 29457 clamped 4096
[kinematics-ws] K clamp binds: eid[kinematics-ws] K clamp binds: eid  1002 1003 demanded demanded 14423 clamped 7043 clamped 40964096

[kinematics-ws] K clamp binds: eid 1001 demanded 29414 clamped 4096
[kinematics-ws] K clamp binds: eid 1002 demanded 14425 clamped 4096
[kinematics-ws] K clamp binds: eid 1003 demanded 7083 clamped 4096
[kinematics-ws] K clamp binds: eid 1001 demanded 29409 clamped 4096
[kinematics-ws] K clamp binds: eid 1003 demanded 7046 clamped 4096
[kinematics-ws] K clamp binds: eid 1002 demanded 14426 clamped 4096
[kinematics-ws] K clamp binds: eid 1002 demanded 14428 clamped 4096
[kinematics-ws] K clamp binds: eid 1001 demanded 29445 clamped 4096
[kinematics-ws] K clamp binds: eid 1003 demanded 7079 clamped 4096
[kinematics-ws] K clamp binds: eid 1001 demanded 29476 clamped 4096
[kinematics-ws] K clamp binds: eid 1002 demanded 14432 clamped 4096
[kinematics-ws] K clamp binds: eid 1003 demanded 7047 clamped 4096
[kinematics-ws] K clamp binds: eid 1003 demanded 7085 clamped 4096
[kinematics-ws] K clamp binds: eid 1001 demanded 29375 clamped 4096
[kinematics-ws] K clamp binds: eid 1002 demanded 14428 clamped 4096
[kinematics-ws] K clamp binds: eid 1001 demanded 29478 clamped 4096
[kinematics-ws] K clamp binds: eid 1002 demanded 14420 clamped 4096
[kinematics-ws] K clamp binds: eid 1003 demanded 7046 clamped 4096
[kinematics-ws] K clamp binds: eid 1001 demanded 29414 clamped 4096
[kinematics-ws] K clamp binds: eid 1003 demanded 7080 clamped 4096
[kinematics-ws] K clamp binds: eid 1002 demanded 14428 clamped 4096
[kinematics-ws] K clamp binds: eid 1001 demanded 29390 clamped 4096
[kinematics-ws] K clamp binds: eid 1003 demanded 7078 clamped 4096
[kinematics-ws] K clamp binds: eid 1002 demanded 14420 clamped 4096
[kinematics-ws] K clamp binds: eid 1003 demanded 7051 clamped 4096
[kinematics-ws] K clamp binds: eid 1002 demanded 14430 clamped 4096
[kinematics-ws] K clamp binds: eid 1001 demanded 29394 clamped 4096
[kinematics-ws] K clamp binds: eid 1001 demanded 29406 clamped 4096
[kinematics-ws] K clamp binds: eid 1003 demanded 7078 clamped 4096
[kinematics-ws] K clamp binds: eid 1002 demanded 14424 clamped 4096
[kinematics-ws] K clamp binds: eid 1003 demanded 7097 clamped 4096
[kinematics-ws] K clamp binds: eid 1001 demanded 29485 clamped 4096
[kinematics-ws] K clamp binds: eid 1002 demanded 14433 clamped 4096
[kinematics-ws] K clamp binds: eid 1001 demanded 29438 clamped 4096
[kinematics-ws] K clamp binds: eid 1002 [kinematics-ws] K clamp binds: eid 1003 demanded 7082 clamped 4096
demanded 14441 clamped 4096
[kinematics-ws] K clamp binds: eid 1003 demanded 7064 clamped 4096
[kinematics-ws] K clamp binds: eid 1002 demanded 14443 clamped 4096
[kinematics-ws] K clamp binds: eid 1001 demanded 29467 clamped 4096
[kinematics-ws] K clamp binds: eid[kinematics-ws] K clamp binds: eid  1002 1003 demanded demanded 144437062  clampedclamped  40964096

[kinematics-ws] K clamp binds: eid 1001 demanded 29397 clamped 4096
[kinematics-ws] K clamp binds: eid 1003 demanded 7071 clamped 4096
[kinematics-ws] K clamp binds: eid 1002 demanded 14444 clamped 4096
[kinematics-ws] K clamp binds: eid 1001 demanded 29437 clamped 4096
[kinematics-ws] K clamp binds: eid 1003 demanded 7080 clamped 4096
[kinematics-ws] K clamp binds: eid 1001 demanded 29453 clamped 4096
[kinematics-ws] K clamp binds: eid 1002 demanded 14445 clamped 4096
[kinematics-ws] K clamp binds: eid 1002 demanded 14447 clamped 4096
[kinematics-ws] K clamp binds: eid 1001 demanded 29421 clamped 4096
[kinematics-ws] K clamp binds: eid 1003 demanded 7086 clamped 4096
[kinematics-ws] K clamp binds: eid 1001 demanded 29431 clamped 4096
[kinematics-ws] K clamp binds: eid 1002 demanded 14452 clamped 4096
[kinematics-ws] K clamp binds: eid 1003 demanded 7086 clamped 4096
[kinematics-ws] K clamp binds: eid 1002 demanded 14451 clamped 4096
[kinematics-ws] K clamp binds: eid 1001 demanded 29524 clamped 4096
[kinematics-ws] K clamp binds: eid 1003 demanded 7082 clamped 4096
[kinematics-ws] K clamp binds: eid 1001 demanded 29409 clamped 4096
[kinematics-ws] K clamp binds: eid 1003 demanded 7074 clamped 4096
[kinematics-ws] K clamp binds: eid 1002 demanded 14441 clamped 4096
[kinematics-ws] K clamp binds: eid 1002 demanded 14445 clamped 4096
[kinematics-ws] K clamp binds: eid 1001 demanded 29483 clamped 4096
[kinematics-ws] K clamp binds: eid 1003 demanded 7067 clamped 4096
[kinematics-ws] K clamp binds: eid 1001 demanded 29540 clamped 4096
[kinematics-ws] K clamp binds: eid 1003 demanded 7069 clamped 4096
[kinematics-ws] K clamp binds: eid 1002 demanded 14444 clamped 4096
[kinematics-ws] K clamp binds: eid 1002 demanded 14444 clamped 4096
[kinematics-ws] K clamp binds: eid 1003 demanded 7088 clamped 4096
[kinematics-ws] K clamp binds: eid 1001 demanded 29545 clamped 4096
[kinematics-ws] K clamp binds: eid 1001 demanded 29544 clamped 4096
[kinematics-ws] K clamp binds: eid 1002 demanded 14445 clamped 4096
[kinematics-ws] K clamp binds: eid 1003 demanded 7109 clamped 4096
[kinematics-ws] K clamp binds: eid 1003 demanded 7096 clamped 4096
[kinematics-ws] K clamp binds: eid 1001 demanded 29483 clamped 4096
[kinematics-ws] K clamp binds: eid 1002 demanded 14455 clamped 4096
[kinematics-ws] K clamp binds: eid 1003 demanded 7064 clamped 4096
[kinematics-ws] K clamp binds: eid 1001 demanded 29444 clamped 4096
[kinematics-ws] K clamp binds: eid 1002 demanded 14451 clamped 4096
[kinematics-ws] K clamp binds: eid 1003 demanded 7083 clamped 4096
[kinematics-ws] K clamp binds: eid 1001 demanded 29528 clamped 4096
[kinematics-ws] K clamp binds: eid 1002 demanded 14453 clamped 4096
[kinematics-ws] K clamp binds: eid 1002 demanded 14461 clamped 4096
[kinematics-ws] K clamp binds: eid 1003 demanded 7105 clamped 4096
[kinematics-ws] K clamp binds: eid 1001 demanded 29485 clamped 4096
[kinematics-ws] K clamp binds: eid 1002 demanded 14466 clamped 4096
[kinematics-ws] K clamp binds: eid 1003 demanded 7063 clamped 4096
[kinematics-ws] K clamp binds: eid 1001 demanded 29441 clamped 4096
[kinematics-ws] K clamp binds: eid 1002 demanded 14468 clamped 4096
[kinematics-ws] K clamp binds: eid 1003 demanded 7092 clamped 4096
[kinematics-ws] K clamp binds: eid 1001 demanded 29459 clamped 4096
[kinematics-ws] K clamp binds: eid 1002 demanded 14467 clamped 4096
[kinematics-ws] K clamp binds: eid 1001 demanded 29454 clamped 4096
[kinematics-ws] K clamp binds: eid 1003 demanded 7085 clamped 4096
[kinematics-ws] K clamp binds: eid 1001 demanded 29461 clamped 4096
[kinematics-ws] K clamp binds: eid 1002 demanded 14462 clamped 4096
[kinematics-ws] K clamp binds: eid 1003 demanded 7075 clamped 4096
[kinematics-ws] K clamp binds: eid 1003 demanded 7093 clamped 4096
[kinematics-ws] K clamp binds: eid 1002 demanded 14462 clamped 4096
[kinematics-ws] K clamp binds: eid 1001 demanded 29559 clamped 4096
[kinematics-ws] K clamp binds: eid 1001 demanded 29467 clamped 4096
[kinematics-ws] K clamp binds: eid 1002 demanded 14471 clamped 4096
[kinematics-ws] K clamp binds: eid 1003 demanded 7077 clamped 4096
[kinematics-ws] K clamp binds: eid 1001 demanded 29563 clamped 4096
[kinematics-ws] K clamp binds: eid 1002 demanded 14468 clamped 4096
[kinematics-ws] K clamp binds: eid 1003 demanded 7084 clamped 4096
[kinematics-ws] K clamp binds: eid 1001 demanded 29474 clamped 4096
[kinematics-ws] K clamp binds: eid 1002 demanded 14457 clamped 4096
[kinematics-ws] K clamp binds: eid 1003 demanded 7099 clamped 4096
[kinematics-ws] K clamp binds: eid 1001 demanded 29461 clamped 4096
[kinematics-ws] K clamp binds: eid 1002 demanded 14471 clamped 4096
[kinematics-ws] K clamp binds: eid 1003 demanded 7066 clamped 4096
[kinematics-ws] K clamp binds: eid 1002 demanded 14457 clamped 4096
[kinematics-ws] K clamp binds: eid 1003 demanded 7108 clamped 4096
[kinematics-ws] K clamp binds: eid 1001 demanded 29467 clamped 4096
[kinematics-ws] K clamp binds: eid 1001 demanded 29468 clamped 4096
[kinematics-ws] K clamp binds: eid 1003 demanded 7097 clamped 4096
[kinematics-ws] K clamp binds: eid 1002 demanded 14473 clamped 4096
[kinematics-ws] K clamp binds: eid 1003 demanded 7071 clamped 4096
[kinematics-ws] K clamp binds: eid 1002 demanded 14468 clamped 4096
[kinematics-ws] K clamp binds: eid 1001 demanded 29549 clamped 4096
[kinematics-ws] K clamp binds: eid 1003 demanded 7095 clamped 4096
[kinematics-ws] K clamp binds: eid 1002 demanded 14467 clamped 4096
[kinematics-ws] K clamp binds: eid 1001 demanded 29555 clamped 4096
[kinematics-ws] K clamp binds: eid 1002 demanded 14480 clamped 4096
[kinematics-ws] K clamp binds: eid 1001 demanded 29498 clamped 4096
[kinematics-ws] K clamp binds: eid 1003 demanded 7120 clamped 4096
[kinematics-ws] K clamp binds: eid 1002 demanded 14489 clamped 4096
[kinematics-ws] K clamp binds: eid 1001 demanded 29501 clamped 4096
[kinematics-ws] K clamp binds: eid 1003 demanded 7113 clamped 4096
[kinematics-ws] K clamp binds: eid 1003 demanded 7093 clamped 4096
[kinematics-ws] K clamp binds: eid 1002 demanded 14491 clamped 4096
[kinematics-ws] K clamp binds: eid 1001 demanded 29594 clamped 4096
[kinematics-ws] K clamp binds: eid 1001 demanded 29612 clamped 4096
[kinematics-ws] K clamp binds: eid 1002 demanded 14492 clamped 4096
[kinematics-ws] K clamp binds: eid 1003 demanded 7082 clamped 4096
[kinematics-ws] K clamp binds: eid 1001 demanded 29612 clamped 4096
[kinematics-ws] K clamp binds: eid 1002 demanded 14493 clamped 4096
[kinematics-ws] K clamp binds: eid 1003 demanded 7082 clamped 4096
[kinematics-ws] K clamp binds: eid 1001 demanded 29568 clamped 4096
[kinematics-ws] K clamp binds: eid 1002 demanded 14493 clamped 4096
[kinematics-ws] K clamp binds: eid 1003 demanded 7086 clamped 4096
[kinematics-ws] K clamp binds: eid 1001 demanded 29483 clamped 4096
[kinematics-ws] K clamp binds: eid 1002 demanded 14490 clamped 4096
[kinematics-ws] K clamp binds: eid 1003 demanded 7090 clamped 4096
[kinematics-ws] K clamp binds: eid 1001 [kinematics-ws] K clamp binds: eiddemanded 29600 clamped  1003 4096demanded 7090 clamped 
4096
[kinematics-ws] K clamp binds: eid 1002 demanded 14484 clamped 4096
[kinematics-ws] K clamp binds: eid 1003 demanded 7087 clamped 4096
[kinematics-ws] K clamp binds: eid 1002 demanded 14484 clamped 4096
[kinematics-ws] K clamp binds: eid 1001 demanded 29484 clamped 4096
[kinematics-ws] K clamp binds: eid 1003 demanded 7084 clamped 4096
[kinematics-ws] K clamp binds: eid 1002 demanded 14488 clamped 4096
[kinematics-ws] K clamp binds: eid 1001 demanded 29586 clamped 4096
[kinematics-ws] K clamp binds: eid 1003 demanded 7086 clamped 4096
[kinematics-ws] K clamp binds: eid 1001 demanded 29623 clamped 4096
[kinematics-ws] K clamp binds: eid 1002 demanded 14480 clamped 4096
[kinematics-ws] K clamp binds: eid 1003 demanded 7100 clamped 4096
[kinematics-ws] K clamp binds: eid 1002 demanded 14487 clamped 4096
[kinematics-ws] K clamp binds: eid 1001 demanded 29621 clamped 4096
[kinematics-ws] K clamp binds: eid 1001 demanded 29628 clamped 4096
[kinematics-ws] K clamp binds: eid 1003 demanded 7123 clamped 4096
[kinematics-ws] K clamp binds: eid 1002 demanded 14482 clamped 4096
[kinematics-ws] K clamp binds: eid 1001 demanded 29587 clamped 4096
[kinematics-ws] K clamp binds: eid 1002 demanded 14491 clamped 4096
[kinematics-ws] K clamp binds: eid 1003 demanded 7132 clamped 4096
[kinematics-ws] K clamp binds: eid 1001 demanded 29508 clamped 4096
[kinematics-ws] K clamp binds: eid 1002 demanded 14489 clamped 4096
[kinematics-ws] K clamp binds: eid 1003 demanded 7106 clamped 4096
[kinematics-ws] K clamp binds: eid 1002 demanded 14491 clamped 4096
[kinematics-ws] K clamp binds: eid 1003 demanded 7080 clamped 4096
[kinematics-ws] K clamp binds: eid 1001 demanded 29622 clamped 4096
[kinematics-ws] K clamp binds: eid 1003 demanded 7110 clamped 4096
[kinematics-ws] K clamp binds: eid 1002 demanded 14500 clamped 4096
[kinematics-ws] K clamp binds: eid 1001 demanded 29515 clamped 4096
[kinematics-ws] K clamp binds: eid 1003 demanded 7126 clamped 4096
[kinematics-ws] K clamp binds: eid 1001 demanded 29564 clamped 4096
[kinematics-ws] K clamp binds: eid 1002 demanded 14506 clamped 4096
[kinematics-ws] K clamp binds: eid[kinematics-ws] K clamp binds: eid  10021003  demanded demanded7081  14509clamped  clamped 40964096

[kinematics-ws] K clamp binds: eid 1001 demanded 29625 clamped 4096
[kinematics-ws] K clamp binds: eid 1001 demanded 29637 clamped 4096
[kinematics-ws] K clamp binds: eid 1003 demanded 7110 clamped 4096
[kinematics-ws] K clamp binds: eid 1002 demanded 14510 clamped 4096
[kinematics-ws] K clamp binds: eid 1003 demanded 7112 clamped 4096
[kinematics-ws] K clamp binds: eid 1001 demanded 29612 clamped 4096
[kinematics-ws] K clamp binds: eid 1002 demanded 14510 clamped 4096
[kinematics-ws] K clamp binds: eid 1001 demanded 29542 clamped 4096
[kinematics-ws] K clamp binds: eid 1003 demanded 7084 clamped 4096
[kinematics-ws] K clamp binds: eid 1002 demanded 14509 clamped 4096
[kinematics-ws] K clamp binds: eid 1003 demanded 7126 clamped 4096
[kinematics-ws] K clamp binds: eid 1001 demanded 29584 clamped 4096
[kinematics-ws] K clamp binds: eid 1002 demanded 14507 clamped 4096
[kinematics-ws] K clamp binds: eid 1002 demanded 14506 clamped 4096
[kinematics-ws] K clamp binds: eid 1003 demanded 7080 clamped 4096
[kinematics-ws] K clamp binds: eid 1001 demanded 29597 clamped 4096
[kinematics-ws] K clamp binds: eid [kinematics-ws] K clamp binds: eid1003  demanded 7127 clamped 1001 demanded 29608 clamped4096 4096

[kinematics-ws] K clamp binds: eid 1002 demanded 14507 clamped 4096
[kinematics-ws] K clamp binds: eid 1002 demanded 14504 clamped 4096
[kinematics-ws] K clamp binds: eid 1001 demanded 29539 clamped 4096
[kinematics-ws] K clamp binds: eid 1003 demanded 7087 clamped 4096
[kinematics-ws] K clamp binds: eid 1001 demanded 29564 clamped 4096
[kinematics-ws] K clamp binds: eid 1003 demanded 7113 clamped 4096
[kinematics-ws] K clamp binds: eid 1002 demanded 14503 clamped 4096
[kinematics-ws] K clamp binds: eid 1002 demanded 14504 clamped 4096
[kinematics-ws] K clamp binds: eid 1003 demanded 7117 clamped 4096
[kinematics-ws] K clamp binds: eid 1001 demanded 29578 clamped 4096
[kinematics-ws] K clamp binds: eid 1001 demanded 29555 clamped 4096
[kinematics-ws] K clamp binds: eid 1003 demanded 7085 clamped 4096
[kinematics-ws] K clamp binds: eid 1002 demanded 14504 clamped 4096
[kinematics-ws] K clamp binds: eid 1002 demanded 14506 clamped 4096
[kinematics-ws] K clamp binds: eid 1001 demanded 29569 clamped 4096
[kinematics-ws] K clamp binds: eid 1003 demanded 7130 clamped 4096
[kinematics-ws] K clamp binds: eid 1001 demanded 29666 clamped 4096
[kinematics-ws] K clamp binds: eid 1003 demanded 7122 clamped 4096
[kinematics-ws] K clamp binds: eid 1002 demanded 14511 clamped 4096
[kinematics-ws] K clamp binds: eid 1003 demanded 7090 clamped 4096
[kinematics-ws] K clamp binds: eid 1001 demanded 29547 clamped 4096
[kinematics-ws] K clamp binds: eid 1002 demanded 14512 clamped 4096
[kinematics-ws] K clamp binds: eid 1001 demanded 29669 clamped 4096
[kinematics-ws] K clamp binds: eid 1003 demanded 7109 clamped 4096
[kinematics-ws] K clamp binds: eid 1002 demanded 14516 clamped 4096
[kinematics-ws] K clamp binds: eid 1001 demanded 29604 clamped 4096
[kinematics-ws] K clamp binds: eid 1003 demanded 7140 clamped 4096
[kinematics-ws] K clamp binds: eid 1002 demanded 14521 clamped 4096
[kinematics-ws] K clamp binds: eid 1002 demanded 14525 clamped 4096
[kinematics-ws] K clamp binds: eid 1003 demanded 7141 clamped 4096
[kinematics-ws] K clamp binds: eid 1001 demanded 29563 clamped 4096
[kinematics-ws] K clamp binds: eid 1002 demanded 14527 clamped 4096
[kinematics-ws] K clamp binds: eid 1003 demanded 7122 clamped 4096
[kinematics-ws] K clamp binds: eid 1001 demanded 29564 clamped 4096
[kinematics-ws] K clamp binds: eid 1002 demanded 14528 clamped 4096
[kinematics-ws] K clamp binds: eid 1001 demanded 29570 clamped 4096
[kinematics-ws] K clamp binds: eid 1003 demanded 7105 clamped 4096
[kinematics-ws] K clamp binds: eid 1003 demanded 7100 clamped 4096
[kinematics-ws] K clamp binds: eid 1002 demanded 14527 clamped 4096
[kinematics-ws] K clamp binds: eid 1001 demanded 29630 clamped 4096
[kinematics-ws] K clamp binds: eid 1002 demanded 14526 clamped 4096
[kinematics-ws] K clamp binds: eid 1003 demanded 7101 clamped 4096
[kinematics-ws] K clamp binds: eid 1001 demanded 29686 clamped 4096
[kinematics-ws] K clamp binds: eid 1002 demanded 14527 clamped 4096
[kinematics-ws] K clamp binds: eid 1001 demanded 29559 clamped 4096
[kinematics-ws] K clamp binds: eid 1003 demanded 7103 clamped 4096
[kinematics-ws] K clamp binds: eid 1001 demanded 29688 clamped 4096
[kinematics-ws] K clamp binds: eid 1002 demanded 14529 clamped 4096
[kinematics-ws] K clamp binds: eid 1003 demanded 7104 clamped 4096
[kinematics-ws] K clamp binds: eid 1001 demanded 29622 clamped 4096
[kinematics-ws] K clamp binds: eid 1002 demanded 14525 clamped 4096
[kinematics-ws] K clamp binds: eid 1003 demanded 7103 clamped 4096
[kinematics-ws] K clamp binds: eid 1001 demanded 29574 clamped 4096
[kinematics-ws] K clamp binds: eid 1002 demanded 14521 clamped 4096
[kinematics-ws] K clamp binds: eid 1003 demanded 7101 clamped 4096
[kinematics-ws] K clamp binds: eid 1003 demanded 7103 clamped 4096
[kinematics-ws] K clamp binds: eid 1002 demanded 14527 clamped 4096
[kinematics-ws] K clamp binds: eid 1001 demanded 29585 clamped 4096
[kinematics-ws] K clamp binds: eid 1001 demanded 29582 clamped 4096
[kinematics-ws] K clamp binds: eid 1002 demanded 14520 clamped 4096
[kinematics-ws] K clamp binds: eid 1003 demanded 7116 clamped 4096
[kinematics-ws] K clamp binds: eid 1001 demanded 29596 clamped 4096
[kinematics-ws] K clamp binds: eid 1002 demanded 14528 clamped 4096
[kinematics-ws] K clamp binds: eid 1003 demanded 7139 clamped 4096
[kinematics-ws] K clamp binds: eid 1002 demanded 14525 clamped 4096
[kinematics-ws] K clamp binds: eid 1001 demanded 29699 clamped 4096
[kinematics-ws] K clamp binds: eid 1003 demanded 7156 clamped 4096
[kinematics-ws] K clamp binds: eid 1001 demanded 29635 clamped 4096
[kinematics-ws] K clamp binds: eid 1002 demanded 14530 clamped 4096
[kinematics-ws] K clamp binds: eid 1003 demanded 7141 clamped 4096
[kinematics-ws] K clamp binds: eid 1003 demanded 7105 clamped 4096
[kinematics-ws] K clamp binds: eid 1001 demanded 29657 clamped 4096
[kinematics-ws] K clamp binds: eid 1002 demanded 14537 clamped 4096
[kinematics-ws] K clamp binds: eid 1002 demanded 14537 clamped 4096
[kinematics-ws] K clamp binds: eid 1003 demanded 7108 clamped 4096
[kinematics-ws] K clamp binds: eid 1001 demanded 29592 clamped 4096
[kinematics-ws] K clamp binds: eid 1002 demanded 14538 clamped 4096
[kinematics-ws] K clamp binds: eid 1001 demanded 29700 clamped 4096
[kinematics-ws] K clamp binds: eid 1003 demanded 7149 clamped 4096
[kinematics-ws] K clamp binds: eid 1003 demanded 7130 clamped 4096
[kinematics-ws] K clamp binds: eid 1002 demanded 14541 clamped 4096
[kinematics-ws] K clamp binds: eid 1001 demanded 29733 clamped 4096
[kinematics-ws] K clamp binds: eid 1003 demanded 7097 clamped 4096
[kinematics-ws] K clamp binds: eid 1001 demanded 29736 clamped 4096
[kinematics-ws] K clamp binds: eid 1002 demanded 14543 clamped 4096
[kinematics-ws] K clamp binds: eid 1002 demanded 14544 clamped 4096
[kinematics-ws] K clamp binds: eid 1001 demanded 29728 clamped 4096
[kinematics-ws] K clamp binds: eid 1003 demanded 7147 clamped 4096
[kinematics-ws] K clamp binds: eid 1002 demanded 14543 clamped 4096
[kinematics-ws] K clamp binds: eid 1001 demanded 29650 clamped 4096
[kinematics-ws] K clamp binds: eid 1003 demanded 7115 clamped 4096
[kinematics-ws] K clamp binds: eid 1003 demanded 7116 clamped 4096
[kinematics-ws] K clamp binds: eid 1001 demanded 29617 clamped 4096
[kinematics-ws] K clamp binds: eid 1002 demanded 14543 clamped 4096
[kinematics-ws] K clamp binds: eid 1002 demanded 14547 clamped 4096
[kinematics-ws] K clamp binds: eid 1001 demanded 29725 clamped 4096
[kinematics-ws] K clamp binds: eid 1003 demanded 7139 clamped 4096
[kinematics-ws] K clamp binds: eid 1001 demanded 29619 clamped [kinematics-ws] K clamp binds: eid4096 1003 
demanded 7103 clamped 4096
[kinematics-ws] K clamp binds: eid 1002 demanded 14553 clamped 4096
[kinematics-ws] K clamp binds: eid 1001 demanded 29652 clamped 4096
[kinematics-ws] K clamp binds: eid 1003 demanded 7144 clamped 4096
[kinematics-ws] K clamp binds: eid 1002 demanded 14546 clamped 4096
[kinematics-ws] K clamp binds: eid 1002 demanded 14538 clamped 4096
[kinematics-ws] K clamp binds: eid 1001 demanded 29736 clamped 4096
[kinematics-ws] K clamp binds: eid 1003 demanded 7107 clamped 4096
[kinematics-ws] K clamp binds: eid 1001 demanded 29751 clamped 4096
[kinematics-ws] K clamp binds: eid 1002 demanded 14550 clamped 4096
[kinematics-ws] K clamp binds: eid 1003 demanded 7135 clamped 4096
[kinematics-ws] K clamp binds: eid 1001 demanded 29753 clamped 4096
[kinematics-ws] K clamp binds: eid 1003 demanded 7130 clamped 4096
[kinematics-ws] K clamp binds: eid 1002 demanded 14537 clamped 4096
[kinematics-ws] K clamp binds: eid 1002 demanded 14550 clamped 4096
[kinematics-ws] K clamp binds: eid 1001 demanded 29725 clamped 4096
[kinematics-ws] K clamp binds: eid 1003 demanded 7107 clamped 4096
[kinematics-ws] K clamp binds: eid 1002 demanded 14539 clamped 4096
[kinematics-ws] K clamp binds: eid 1001 demanded 29635 clamped 4096
[kinematics-ws] K clamp binds: eid 1003 demanded 7157 clamped 4096
[kinematics-ws] K clamp binds: eid 1001 demanded 29691 clamped 4096
[kinematics-ws] K clamp binds: eid 1003 demanded 7119 clamped 4096
[kinematics-ws] K clamp binds: eid 1002 demanded 14553 clamped 4096
[kinematics-ws] K clamp binds: eid 1001 demanded 29687 clamped 4096
[kinematics-ws] K clamp binds: eid 1002 demanded 14553 clamped 4096
[kinematics-ws] K clamp binds: eid 1003 demanded 7113 clamped 4096
[kinematics-ws] K clamp binds: eid 1002 demanded 14548 clamped 4096
[kinematics-ws] K clamp binds: eid 1003 demanded 7158 clamped 4096
[kinematics-ws] K clamp binds: eid 1001 demanded 29718 clamped 4096
[kinematics-ws] K clamp binds: eid 1003 demanded 7150 clamped 4096
[kinematics-ws] K clamp binds: eid 1002 demanded 14556 clamped 4096
[kinematics-ws] K clamp binds: eid 1001 demanded 29632 clamped 4096
[kinematics-ws] K clamp binds: eid [kinematics-ws] K clamp binds: eid 1001 demanded 29664 clamped 4096
1002 demanded 14566 clamped 4096
[kinematics-ws] K clamp binds: eid 1003 demanded 7116 clamped 4096
[kinematics-ws] K clamp binds: eid 1003 demanded 7115 clamped 4096
[kinematics-ws] K clamp binds: eid 1002 demanded 14571 clamped 4096
[kinematics-ws] K clamp binds: eid 1001 demanded 29695 clamped 4096
[kinematics-ws] K clamp binds: eid 1001 demanded 29681 clamped 4096
[kinematics-ws] K clamp binds: eid 1002 demanded 14573 clamped 4096
[kinematics-ws] K clamp binds: eid 1003 demanded 7142 clamped 4096
[kinematics-ws] K clamp binds: eid 1001 demanded 29644 clamped 4096
[kinematics-ws] K clamp binds: eid[kinematics-ws] K clamp binds: eid  1003 1002 demandeddemanded 7165 clamped  14574 clamped 40964096

[kinematics-ws] K clamp binds: eid 1001 demanded 29701 clamped 4096
[kinematics-ws] K clamp binds: eid 1003 demanded 7172 clamped 4096
[kinematics-ws] K clamp binds: eid 1002 demanded 14573 clamped 4096
[kinematics-ws] K clamp binds: eid 1003 demanded 7167 clamped 4096
[kinematics-ws] K clamp binds: eid 1001 demanded 29756 clamped 4096
[kinematics-ws] K clamp binds: eid 1002 demanded 14569 clamped 4096
[kinematics-ws] K clamp binds: eid 1001 demanded 29649 clamped 4096
[kinematics-ws] K clamp binds: eid 1002 demanded 14564 clamped 4096
[kinematics-ws] K clamp binds: eid 1003 demanded 7159 clamped 4096
[kinematics-ws] K clamp binds: eid[kinematics-ws] K clamp binds: eid  1001 demanded 1003 29732demanded  7154 clampedclamped  40964096

[kinematics-ws] K clamp binds: eid 1002 demanded 14564 clamped 4096
[kinematics-ws] K clamp binds: eid 1003 demanded 7152 clamped 4096
[kinematics-ws] K clamp binds: eid[kinematics-ws] K clamp binds: eid  1001 demanded 29767 1002clamped  demanded 409614570 clamped 
4096
[kinematics-ws] K clamp binds: eid 1002 demanded 14564 clamped 4096
[kinematics-ws] K clamp binds: eid 1003 demanded 7155 clamped 4096
[kinematics-ws] K clamp binds: eid 1001 demanded 29706 clamped 4096
[kinematics-ws] K clamp binds: eid 1001 demanded 29684 clamped 4096
[kinematics-ws] K clamp binds: eid 1002 demanded 14561 clamped 4096
[kinematics-ws] K clamp binds: eid 1003 demanded 7162 clamped 4096
[kinematics-ws] K clamp binds: eid 1001 demanded 29698 clamped 4096
[kinematics-ws] K clamp binds: eid 1003 demanded 7170 clamped 4096
[kinematics-ws] K clamp binds: eid 1002 demanded 14567 clamped 4096
[kinematics-ws] K clamp binds: eid 1001 demanded 29756 clamped 4096
[kinematics-ws] K clamp binds: eid 1002 demanded 14560 clamped 4096
[kinematics-ws] K clamp binds: eid 1003 demanded 7175 clamped 4096
[kinematics-ws] K clamp binds: eid 1002 demanded 14569 clamped 4096
[kinematics-ws] K clamp binds: eid 1003 demanded 7168 clamped 4096
[kinematics-ws] K clamp binds: eid 1001 demanded 29787 clamped 4096
[kinematics-ws] K clamp binds: eid 1001 demanded 29663 clamped 4096
[kinematics-ws] K clamp binds: eid 1003 demanded 7145 clamped 4096
[kinematics-ws] K clamp binds: eid 1002 demanded 14567 clamped 4096
[kinematics-ws] K clamp binds: eid 1003 demanded 7123 clamped 4096
[kinematics-ws] K clamp binds: eid 1002 demanded 14567 clamped 4096
[kinematics-ws] K clamp binds: eid 1001 demanded 29781 clamped 4096
[kinematics-ws] K clamp binds: eid 1003 demanded 7131 clamped 4096
[kinematics-ws] K clamp binds: eid 1001 demanded 29661 clamped 4096
[kinematics-ws] K clamp binds: eid 1002 demanded 14577 clamped 4096
[kinematics-ws] K clamp binds: eid 1002 demanded 14580 clamped 4096
[kinematics-ws] K clamp binds: eid 1003 demanded 7164 clamped 4096
[kinematics-ws] K clamp binds: eid 1001 demanded 29760 clamped 4096
Dev window stopped.
