
  Realistic tick-world phase profile (500 particles, 10 samples avg):
{:observer-system 0.16250760000000003,
 :samples 10,
 :system-summary 1.0981961000000002,
 :events+clock 0.6857593,
 :detect+complexity 0.12806240000000002,
 :pacing 1.2827936000000002,
 :advance-com-spatial 4.7812498,
 :total 37.82155349999999,
 :stats-of 0.7795323,
 :expire+materialize 0.0451064,
 :step-physics 28.858346}

  Per-system step-physics profile (initial w500, one sample each):

  Per-system step-physics profile (initial w500):
  :gravity                                 2.546 ms
  :hydro-em                                6.671 ms
  :warp                                    0.009 ms
  :observer-accel                          0.945 ms
  :player-thrust                           0.026 ms
  :dark-matter                             0.252 ms
  :thermal-intervention                    0.006 ms
  :integrator                              10.588 ms
    :integrator/comp-condensed             2.794 ms
    :integrator/temperature                2.416 ms
    :integrator/leapfrog                   2.260 ms
    :integrator/rotation                   1.002 ms
    :integrator/force-accum                0.738 ms
    :integrator/mass                       0.644 ms
    :integrator/composition                0.022 ms
  :rotation-integrator                     0.162 ms
  :structure                               7.244 ms
    :structure/gas-query                   6.603 ms
    :structure/gas-reduce                  0.108 ms
    :structure/resolved                    0.091 ms
  :eos                                     0.421 ms
  :motion-trail                            0.587 ms
  :classifier                              1.627 ms
    :classifier/transitions                1.163 ms
    :classifier/scan                       0.125 ms
    :classifier/select                     0.021 ms
    :classifier/write-set                  0.003 ms
  :classification                          0.462 ms
  :handoff                                 0.171 ms
  :condensation-seeder                     0.012 ms
  :field                                   3.920 ms
    :field/scan                            2.758 ms
    :field/compute                         1.038 ms
  :fusion                                  3.499 ms
    :fusion/burn                           2.852 ms
    :fusion/scan                           0.497 ms
  :stellar-sed                             0.579 ms
  :atmosphere-shells                       0.448 ms
  :nucleosynthesis                         0.750 ms
  :differentiation                         2.268 ms
  :deuterium-depletion                     0.597 ms
  :stellar-wind                            0.619 ms
    :stellar-wind/compute                  0.315 ms
    :stellar-wind/scan                     0.214 ms
    :stellar-wind/write-set                0.013 ms
  :wind-ablation                           0.106 ms
    :wind-ablation/scan                    0.045 ms
    :wind-ablation/write-set               0.016 ms
    :wind-ablation/compute                 0.012 ms
  :stellar-flare                           0.007 ms
  :xuv-atmospheric-escape                  0.474 ms
  :disc-identification                     0.460 ms
  :regime                                  1.904 ms
    :regime/classify                       1.761 ms
    :regime/write-set                      0.095 ms
  :collision-detection                     1.190 ms
  :fusion-promotion                        1.624 ms
    :fusion-promotion/evaluate             1.241 ms
    :fusion-promotion/scan                 0.317 ms
    :fusion-promotion/write-set            0.008 ms
  :sink-formation                          0.423 ms
  :disk-evolution                          0.284 ms
  :mass-transfer                           0.545 ms
  :neighbor-cache                          3.863 ms
    :neighbor-cache/rebuild                7.380 ms
    :neighbor-cache/build-entries          3.217 ms
    :neighbor-cache/scan-prior             0.236 ms
    :neighbor-cache/evict                  0.156 ms
    :neighbor-cache/full-check             0.016 ms
    :neighbor-cache/build-map              0.015 ms
    :neighbor-cache/item-map               0.010 ms
  :lod-scheduler                           0.367 ms
  :magnetosphere-coupling                  0.675 ms
    :magnetosphere/filter-winds            0.387 ms
    :magnetosphere/compute                 0.222 ms
    :magnetosphere/build-wind-data         0.006 ms
  :ecology                                 0.600 ms
  :debris-reaper                           1.117 ms
  :focus-zone                              0.112 ms
  :binding                                 0.065 ms
  :commitment                              0.030 ms
  :voxel-sculpt                            0.007 ms
  :voxel-carve                             0.006 ms
  :voxel-focus                             0.007 ms

  Per-system step-physics profile (world1 with spatial tree):
  :gravity                                 117.925 ms
  :hydro-em                                6.928 ms
  :warp                                    0.008 ms
  :observer-accel                          0.418 ms
  :player-thrust                           0.017 ms
  :dark-matter                             0.164 ms
  :thermal-intervention                    0.005 ms
  :integrator                              11.442 ms
    :integrator/comp-condensed             3.270 ms
    :integrator/temperature                2.847 ms
    :integrator/leapfrog                   2.374 ms
    :integrator/mass                       0.981 ms
    :integrator/rotation                   0.822 ms
    :integrator/force-accum                0.776 ms
    :integrator/composition                0.024 ms
  :rotation-integrator                     0.117 ms
  :structure                               7.222 ms
    :structure/gas-query                   6.323 ms
    :structure/gas-reduce                  0.387 ms
    :structure/resolved                    0.089 ms
  :eos                                     0.452 ms
  :motion-trail                            0.675 ms
  :classifier                              1.560 ms
    :classifier/transitions                1.304 ms
    :classifier/scan                       0.152 ms
    :classifier/select                     0.037 ms
    :classifier/write-set                  0.004 ms
  :classification                          0.319 ms
  :handoff                                 0.143 ms
  :condensation-seeder                     0.011 ms
  :field                                   1.806 ms
    :field/compute                         1.016 ms
    :field/scan                            0.734 ms
  :fusion                                  0.870 ms
    :fusion/burn                           0.722 ms
    :fusion/scan                           0.129 ms
  :stellar-sed                             0.134 ms
  :atmosphere-shells                       0.101 ms
  :nucleosynthesis                         0.199 ms
  :differentiation                         0.460 ms
  :deuterium-depletion                     0.120 ms
  :stellar-wind                            0.197 ms
    :stellar-wind/scan                     0.092 ms
    :stellar-wind/compute                  0.068 ms
    :stellar-wind/write-set                0.003 ms
  :wind-ablation                           0.040 ms
    :wind-ablation/scan                    0.012 ms
    :wind-ablation/write-set               0.009 ms
    :wind-ablation/compute                 0.006 ms
  :stellar-flare                           0.005 ms
  :xuv-atmospheric-escape                  0.130 ms
  :disc-identification                     0.147 ms
  :regime                                  3.450 ms
    :regime/classify                       3.275 ms
    :regime/write-set                      0.126 ms
  :collision-detection                     0.979 ms
  :fusion-promotion                        1.508 ms
    :fusion-promotion/evaluate             1.107 ms
    :fusion-promotion/scan                 0.331 ms
    :fusion-promotion/write-set            0.009 ms
  :sink-formation                          0.376 ms
  :disk-evolution                          0.271 ms
  :mass-transfer                           0.473 ms
  :neighbor-cache                          9.109 ms
    :neighbor-cache/rebuild                17.991 ms
    :neighbor-cache/build-entries          8.424 ms
    :neighbor-cache/build-map              0.218 ms
    :neighbor-cache/item-map               0.185 ms
    :neighbor-cache/scan-prior             0.128 ms
    :neighbor-cache/evict                  0.019 ms
    :neighbor-cache/full-check             0.014 ms
  :lod-scheduler                           0.277 ms
  :magnetosphere-coupling                  0.539 ms
    :magnetosphere/filter-winds            0.296 ms
    :magnetosphere/compute                 0.191 ms
    :magnetosphere/build-wind-data         0.006 ms
  :ecology                                 0.014 ms
  :debris-reaper                           0.841 ms
  :focus-zone                              0.113 ms
  :binding                                 0.051 ms
  :commitment                              0.021 ms
  :voxel-sculpt                            0.006 ms
  :voxel-carve                             0.006 ms
  :voxel-focus                             0.006 ms
Measuring tick-world (500 particles)
Measuring tick-world (1000 particles)

  Overhead functions measured on post-physics world (500 particles):

  Tick overhead breakdown (500 particles):

  System Breakdown (500 particles, one tick):
  Measuring individual system costs to identify the bottleneck.

  Step-physics parallel vs sequential (500 particles):

  Parallel vs Sequential (500 particles):

  Multi-tick Scaling (500 particles):

  Phase 0 Tick Analysis:
    Target: 16.6ms per tick for 60 Hz rendering.
    If tick > 16.6ms, identify the dominant system above.
    Gravity is usually the bottleneck at high N.
    SPH/EM neighbor queries scale with particle count.
    Collision cost depends on body density (overlaps).
    If parallel ≈ sequential: check write-set sizes.

  Per-system step-physics profile (500 prepared sample 0):
  :gravity                                 4.570 ms
  :hydro-em                                4.733 ms
  :warp                                    0.007 ms
  :observer-accel                          0.288 ms
  :player-thrust                           0.010 ms
  :dark-matter                             0.251 ms
  :thermal-intervention                    0.006 ms
  :integrator                              5.971 ms
    :integrator/comp-condensed             1.957 ms
    :integrator/temperature                1.430 ms
    :integrator/leapfrog                   0.887 ms
    :integrator/mass                       0.553 ms
    :integrator/rotation                   0.312 ms
    :integrator/force-accum                0.194 ms
    :integrator/composition                0.149 ms
  :rotation-integrator                     0.212 ms
  :structure                               4.537 ms
    :structure/gas-query                   3.966 ms
    :structure/gas-reduce                  0.317 ms
    :structure/resolved                    0.032 ms
  :eos                                     0.183 ms
  :motion-trail                            0.476 ms
  :classifier                              1.549 ms
    :classifier/transitions                1.134 ms
    :classifier/select                     0.180 ms
    :classifier/scan                       0.068 ms
    :classifier/write-set                  0.030 ms
  :classification                          0.226 ms
  :handoff                                 0.099 ms
  :condensation-seeder                     0.121 ms
  :field                                   1.003 ms
    :field/compute                         0.693 ms
    :field/scan                            0.196 ms
  :fusion                                  1.175 ms
    :fusion/burn                           1.065 ms
    :fusion/scan                           0.047 ms
  :stellar-sed                             0.097 ms
  :atmosphere-shells                       0.086 ms
  :nucleosynthesis                         0.300 ms
  :differentiation                         0.573 ms
  :deuterium-depletion                     0.139 ms
  :stellar-wind                            0.281 ms
    :stellar-wind/compute                  0.120 ms
    :stellar-wind/scan                     0.052 ms
    :stellar-wind/write-set                0.049 ms
  :wind-ablation                           0.301 ms
    :wind-ablation/write-set               0.126 ms
    :wind-ablation/scan                    0.065 ms
    :wind-ablation/compute                 0.060 ms
  :stellar-flare                           0.071 ms
  :xuv-atmospheric-escape                  0.146 ms
  :disc-identification                     0.088 ms
  :regime                                  0.659 ms
    :regime/classify                       0.545 ms
    :regime/write-set                      0.068 ms
  :collision-detection                     0.436 ms
  :fusion-promotion                        0.911 ms
    :fusion-promotion/evaluate             0.780 ms
    :fusion-promotion/scan                 0.046 ms
    :fusion-promotion/write-set            0.030 ms
  :sink-formation                          0.248 ms
  :disk-evolution                          0.232 ms
  :mass-transfer                           0.371 ms
  :neighbor-cache                          6.527 ms
    :neighbor-cache/rebuild                12.835 ms
    :neighbor-cache/build-entries          5.897 ms
    :neighbor-cache/build-map              0.197 ms
    :neighbor-cache/item-map               0.154 ms
    :neighbor-cache/full-check             0.067 ms
    :neighbor-cache/evict                  0.029 ms
    :neighbor-cache/scan-prior             0.023 ms
  :lod-scheduler                           0.111 ms
  :magnetosphere-coupling                  0.469 ms
    :magnetosphere/filter-winds            0.173 ms
    :magnetosphere/compute                 0.131 ms
    :magnetosphere/build-wind-data         0.051 ms
  :ecology                                 0.008 ms
  :debris-reaper                           0.748 ms
  :focus-zone                              0.419 ms
  :binding                                 0.192 ms
  :commitment                              0.137 ms
  :voxel-sculpt                            0.060 ms
  :voxel-carve                             0.005 ms
  :voxel-focus                             0.057 ms

  Per-system step-physics profile (500 prepared sample 1):
  :gravity                                 6.741 ms
  :hydro-em                                6.328 ms
  :warp                                    0.007 ms
  :observer-accel                          0.318 ms
  :player-thrust                           0.020 ms
  :dark-matter                             0.258 ms
  :thermal-intervention                    0.006 ms
  :integrator                              4.710 ms
    :integrator/comp-condensed             1.500 ms
    :integrator/force-accum                1.424 ms
    :integrator/temperature                0.581 ms
    :integrator/leapfrog                   0.410 ms
    :integrator/mass                       0.327 ms
    :integrator/rotation                   0.285 ms
    :integrator/composition                0.007 ms
  :rotation-integrator                     0.050 ms
  :structure                               2.830 ms
    :structure/gas-query                   2.371 ms
    :structure/gas-reduce                  0.243 ms
    :structure/resolved                    0.026 ms
  :eos                                     0.178 ms
  :motion-trail                            0.275 ms
  :classifier                              0.640 ms
    :classifier/transitions                0.578 ms
    :classifier/scan                       0.010 ms
    :classifier/select                     0.010 ms
    :classifier/write-set                  0.002 ms
  :classification                          0.170 ms
  :handoff                                 0.079 ms
  :condensation-seeder                     0.007 ms
  :field                                   0.377 ms
    :field/compute                         0.210 ms
    :field/scan                            0.114 ms
  :fusion                                  0.739 ms
    :fusion/burn                           0.697 ms
    :fusion/scan                           0.011 ms
  :stellar-sed                             0.073 ms
  :atmosphere-shells                       0.066 ms
  :nucleosynthesis                         0.217 ms
  :differentiation                         0.473 ms
  :deuterium-depletion                     0.147 ms
  :stellar-wind                            0.122 ms
    :stellar-wind/compute                  0.065 ms
    :stellar-wind/scan                     0.010 ms
    :stellar-wind/write-set                0.004 ms
  :wind-ablation                           0.047 ms
    :wind-ablation/scan                    0.011 ms
    :wind-ablation/write-set               0.006 ms
    :wind-ablation/compute                 0.003 ms
  :stellar-flare                           0.003 ms
  :xuv-atmospheric-escape                  0.063 ms
  :disc-identification                     0.057 ms
  :regime                                  0.318 ms
    :regime/classify                       0.258 ms
    :regime/write-set                      0.040 ms
  :collision-detection                     0.295 ms
  :fusion-promotion                        0.534 ms
    :fusion-promotion/evaluate             0.498 ms
    :fusion-promotion/scan                 0.010 ms
    :fusion-promotion/write-set            0.002 ms
  :sink-formation                          0.074 ms
  :disk-evolution                          0.095 ms
  :mass-transfer                           0.141 ms
  :neighbor-cache                          2.163 ms
    :neighbor-cache/rebuild                4.290 ms
    :neighbor-cache/build-entries          1.975 ms
    :neighbor-cache/build-map              0.106 ms
    :neighbor-cache/item-map               0.048 ms
    :neighbor-cache/full-check             0.005 ms
    :neighbor-cache/evict                  0.005 ms
    :neighbor-cache/scan-prior             0.003 ms
  :lod-scheduler                           0.062 ms
  :magnetosphere-coupling                  0.169 ms
    :magnetosphere/filter-winds            0.079 ms
    :magnetosphere/compute                 0.049 ms
    :magnetosphere/build-wind-data         0.002 ms
  :ecology                                 0.013 ms
  :debris-reaper                           0.437 ms
  :focus-zone                              0.060 ms
  :binding                                 0.019 ms
  :commitment                              0.007 ms
  :voxel-sculpt                            0.003 ms
  :voxel-carve                             0.003 ms
  :voxel-focus                             0.002 ms

  Per-system step-physics profile (500 prepared sample 2):
  :gravity                                 3.327 ms
  :hydro-em                                4.314 ms
  :warp                                    0.006 ms
  :observer-accel                          0.198 ms
  :player-thrust                           0.007 ms
  :dark-matter                             0.148 ms
  :thermal-intervention                    0.003 ms
  :integrator                              3.869 ms
    :integrator/comp-condensed             1.933 ms
    :integrator/temperature                0.534 ms
    :integrator/leapfrog                   0.404 ms
    :integrator/mass                       0.389 ms
    :integrator/rotation                   0.375 ms
    :integrator/force-accum                0.104 ms
    :integrator/composition                0.007 ms
  :rotation-integrator                     0.045 ms
  :structure                               2.486 ms
    :structure/gas-query                   2.143 ms
    :structure/gas-reduce                  0.232 ms
    :structure/resolved                    0.025 ms
  :eos                                     0.158 ms
  :motion-trail                            0.252 ms
  :classifier                              0.807 ms
    :classifier/transitions                0.757 ms
    :classifier/scan                       0.009 ms
    :classifier/select                     0.008 ms
    :classifier/write-set                  0.002 ms
  :classification                          0.132 ms
  :handoff                                 0.061 ms
  :condensation-seeder                     0.004 ms
  :field                                   0.316 ms
    :field/compute                         0.191 ms
    :field/scan                            0.108 ms
  :fusion                                  0.653 ms
    :fusion/burn                           0.633 ms
    :fusion/scan                           0.007 ms
  :stellar-sed                             0.061 ms
  :atmosphere-shells                       0.059 ms
  :nucleosynthesis                         0.208 ms
  :differentiation                         0.468 ms
  :deuterium-depletion                     0.104 ms
  :stellar-wind                            0.087 ms
    :stellar-wind/compute                  0.062 ms
    :stellar-wind/scan                     0.008 ms
    :stellar-wind/write-set                0.003 ms
  :wind-ablation                           0.026 ms
    :wind-ablation/scan                    0.006 ms
    :wind-ablation/write-set               0.005 ms
    :wind-ablation/compute                 0.004 ms
  :stellar-flare                           0.002 ms
  :xuv-atmospheric-escape                  0.066 ms
  :disc-identification                     0.062 ms
  :regime                                  0.302 ms
    :regime/classify                       0.243 ms
    :regime/write-set                      0.046 ms
  :collision-detection                     0.388 ms
  :fusion-promotion                        0.676 ms
    :fusion-promotion/evaluate             0.635 ms
    :fusion-promotion/scan                 0.010 ms
    :fusion-promotion/write-set            0.002 ms
  :sink-formation                          0.078 ms
  :disk-evolution                          0.124 ms
  :mass-transfer                           0.169 ms
  :neighbor-cache                          2.600 ms
    :neighbor-cache/rebuild                5.106 ms
    :neighbor-cache/build-entries          2.351 ms
    :neighbor-cache/build-map              0.129 ms
    :neighbor-cache/item-map               0.055 ms
    :neighbor-cache/evict                  0.006 ms
    :neighbor-cache/full-check             0.005 ms
    :neighbor-cache/scan-prior             0.003 ms
  :lod-scheduler                           0.097 ms
  :magnetosphere-coupling                  0.172 ms
    :magnetosphere/filter-winds            0.095 ms
    :magnetosphere/compute                 0.058 ms
    :magnetosphere/build-wind-data         0.002 ms
  :ecology                                 0.005 ms
  :debris-reaper                           0.333 ms
  :focus-zone                              0.063 ms
  :binding                                 0.019 ms
  :commitment                              0.009 ms
  :voxel-sculpt                            0.003 ms
  :voxel-carve                             0.003 ms
  :voxel-focus                             0.004 ms

  Per-system step-physics profile (500 prepared sample 3):
  :gravity                                 3.425 ms
  :hydro-em                                4.208 ms
  :warp                                    0.005 ms
  :observer-accel                          0.217 ms
  :player-thrust                           0.006 ms
  :dark-matter                             0.141 ms
  :thermal-intervention                    0.003 ms
  :integrator                              3.880 ms
    :integrator/comp-condensed             1.961 ms
    :integrator/temperature                0.572 ms
    :integrator/mass                       0.423 ms
    :integrator/leapfrog                   0.416 ms
    :integrator/rotation                   0.299 ms
    :integrator/force-accum                0.112 ms
    :integrator/composition                0.008 ms
  :rotation-integrator                     0.047 ms
  :structure                               2.788 ms
    :structure/gas-query                   2.453 ms
    :structure/gas-reduce                  0.234 ms
    :structure/resolved                    0.022 ms
  :eos                                     0.136 ms
  :motion-trail                            0.242 ms
  :classifier                              0.639 ms
    :classifier/transitions                0.600 ms
    :classifier/scan                       0.008 ms
    :classifier/select                     0.007 ms
    :classifier/write-set                  0.002 ms
  :classification                          0.111 ms
  :handoff                                 0.050 ms
  :condensation-seeder                     0.004 ms
  :field                                   0.331 ms
    :field/compute                         0.199 ms
    :field/scan                            0.119 ms
  :fusion                                  0.548 ms
    :fusion/burn                           0.532 ms
    :fusion/scan                           0.006 ms
  :stellar-sed                             0.051 ms
  :atmosphere-shells                       0.049 ms
  :nucleosynthesis                         0.164 ms
  :differentiation                         0.390 ms
  :deuterium-depletion                     0.090 ms
  :stellar-wind                            0.083 ms
    :stellar-wind/compute                  0.062 ms
    :stellar-wind/scan                     0.005 ms
    :stellar-wind/write-set                0.004 ms
  :wind-ablation                           0.025 ms
    :wind-ablation/scan                    0.007 ms
    :wind-ablation/write-set               0.005 ms
    :wind-ablation/compute                 0.003 ms
  :stellar-flare                           0.002 ms
  :xuv-atmospheric-escape                  0.056 ms
  :disc-identification                     0.053 ms
  :regime                                  0.253 ms
    :regime/classify                       0.202 ms
    :regime/write-set                      0.041 ms
  :collision-detection                     0.325 ms
  :fusion-promotion                        0.571 ms
    :fusion-promotion/evaluate             0.546 ms
    :fusion-promotion/scan                 0.008 ms
    :fusion-promotion/write-set            0.002 ms
  :sink-formation                          0.068 ms
  :disk-evolution                          0.120 ms
  :mass-transfer                           0.145 ms
  :neighbor-cache                          2.237 ms
    :neighbor-cache/rebuild                4.451 ms
    :neighbor-cache/build-entries          2.060 ms
    :neighbor-cache/build-map              0.102 ms
    :neighbor-cache/item-map               0.048 ms
    :neighbor-cache/evict                  0.005 ms
    :neighbor-cache/full-check             0.004 ms
    :neighbor-cache/scan-prior             0.003 ms
  :lod-scheduler                           0.065 ms
  :magnetosphere-coupling                  0.192 ms
    :magnetosphere/filter-winds            0.103 ms
    :magnetosphere/compute                 0.067 ms
    :magnetosphere/build-wind-data         0.002 ms
  :ecology                                 0.005 ms
  :debris-reaper                           0.376 ms
  :focus-zone                              0.043 ms
  :binding                                 0.021 ms
  :commitment                              0.008 ms
  :voxel-sculpt                            0.003 ms
  :voxel-carve                             0.003 ms
  :voxel-focus                             0.003 ms

  Per-system step-physics profile (500 prepared sample 4):
  :gravity                                 3.562 ms
  :hydro-em                                3.720 ms
  :warp                                    0.004 ms
  :observer-accel                          0.189 ms
  :player-thrust                           0.007 ms
  :dark-matter                             0.115 ms
  :thermal-intervention                    0.003 ms
  :integrator                              4.157 ms
    :integrator/comp-condensed             1.766 ms
    :integrator/leapfrog                   0.636 ms
    :integrator/temperature                0.566 ms
    :integrator/rotation                   0.462 ms
    :integrator/mass                       0.336 ms
    :integrator/force-accum                0.316 ms
    :integrator/composition                0.007 ms
  :rotation-integrator                     0.043 ms
  :structure                               2.707 ms
    :structure/gas-query                   2.390 ms
    :structure/gas-reduce                  0.217 ms
    :structure/resolved                    0.022 ms
  :eos                                     0.133 ms
  :motion-trail                            0.210 ms
  :classifier                              0.643 ms
    :classifier/transitions                0.604 ms
    :classifier/scan                       0.008 ms
    :classifier/select                     0.007 ms
    :classifier/write-set                  0.002 ms
  :classification                          0.112 ms
  :handoff                                 0.052 ms
  :condensation-seeder                     0.004 ms
  :field                                   0.625 ms
    :field/compute                         0.460 ms
    :field/scan                            0.153 ms
  :fusion                                  0.562 ms
    :fusion/burn                           0.548 ms
    :fusion/scan                           0.005 ms
  :stellar-sed                             0.052 ms
  :atmosphere-shells                       0.050 ms
  :nucleosynthesis                         0.167 ms
  :differentiation                         0.392 ms
  :deuterium-depletion                     0.093 ms
  :stellar-wind                            0.082 ms
    :stellar-wind/compute                  0.058 ms
    :stellar-wind/scan                     0.006 ms
    :stellar-wind/write-set                0.004 ms
  :wind-ablation                           0.024 ms
    :wind-ablation/scan                    0.006 ms
    :wind-ablation/write-set               0.005 ms
    :wind-ablation/compute                 0.003 ms
  :stellar-flare                           0.002 ms
  :xuv-atmospheric-escape                  0.058 ms
  :disc-identification                     0.055 ms
  :regime                                  0.324 ms
    :regime/classify                       0.274 ms
    :regime/write-set                      0.041 ms
  :collision-detection                     0.321 ms
  :fusion-promotion                        0.586 ms
    :fusion-promotion/evaluate             0.565 ms
    :fusion-promotion/scan                 0.008 ms
    :fusion-promotion/write-set            0.002 ms
  :sink-formation                          0.068 ms
  :disk-evolution                          0.100 ms
  :mass-transfer                           0.136 ms
  :neighbor-cache                          2.180 ms
    :neighbor-cache/rebuild                4.338 ms
    :neighbor-cache/build-entries          2.001 ms
    :neighbor-cache/build-map              0.105 ms
    :neighbor-cache/item-map               0.048 ms
    :neighbor-cache/evict                  0.005 ms
    :neighbor-cache/full-check             0.004 ms
    :neighbor-cache/scan-prior             0.003 ms
  :lod-scheduler                           0.061 ms
  :magnetosphere-coupling                  0.152 ms
    :magnetosphere/filter-winds            0.084 ms
    :magnetosphere/compute                 0.052 ms
    :magnetosphere/build-wind-data         0.002 ms
  :ecology                                 0.004 ms
  :debris-reaper                           0.310 ms
  :focus-zone                              0.038 ms
  :binding                                 0.017 ms
  :commitment                              0.007 ms
  :voxel-sculpt                            0.003 ms
  :voxel-carve                             0.003 ms
  :voxel-focus                             0.002 ms

  Per-system step-physics profile (1000 prepared sample 0):
  :gravity                                 6.616 ms
  :hydro-em                                9.156 ms
  :warp                                    0.005 ms
  :observer-accel                          0.300 ms
  :player-thrust                           0.006 ms
  :dark-matter                             0.207 ms
  :thermal-intervention                    0.002 ms
  :integrator                              6.661 ms
    :integrator/comp-condensed             3.366 ms
    :integrator/temperature                0.948 ms
    :integrator/leapfrog                   0.739 ms
    :integrator/mass                       0.644 ms
    :integrator/rotation                   0.562 ms
    :integrator/force-accum                0.303 ms
    :integrator/composition                0.007 ms
  :rotation-integrator                     0.042 ms
  :structure                               7.799 ms
    :structure/gas-query                   7.177 ms
    :structure/gas-reduce                  0.421 ms
    :structure/resolved                    0.033 ms
  :eos                                     0.224 ms
  :motion-trail                            0.289 ms
  :classifier                              1.018 ms
    :classifier/transitions                0.920 ms
    :classifier/select                     0.010 ms
    :classifier/scan                       0.008 ms
    :classifier/write-set                  0.002 ms
  :classification                          0.192 ms
  :handoff                                 0.074 ms
  :condensation-seeder                     0.004 ms
  :field                                   0.417 ms
    :field/compute                         0.270 ms
    :field/scan                            0.132 ms
  :fusion                                  0.970 ms
    :fusion/burn                           0.952 ms
    :fusion/scan                           0.005 ms
  :stellar-sed                             0.086 ms
  :atmosphere-shells                       0.080 ms
  :nucleosynthesis                         0.307 ms
  :differentiation                         0.756 ms
  :deuterium-depletion                     0.156 ms
  :stellar-wind                            0.115 ms
    :stellar-wind/compute                  0.093 ms
    :stellar-wind/scan                     0.006 ms
    :stellar-wind/write-set                0.003 ms
  :wind-ablation                           0.023 ms
    :wind-ablation/scan                    0.007 ms
    :wind-ablation/write-set               0.005 ms
    :wind-ablation/compute                 0.003 ms
  :stellar-flare                           0.002 ms
  :xuv-atmospheric-escape                  0.096 ms
  :disc-identification                     0.098 ms
  :regime                                  0.432 ms
    :regime/classify                       0.320 ms
    :regime/write-set                      0.099 ms
  :collision-detection                     0.591 ms
  :fusion-promotion                        1.152 ms
    :fusion-promotion/evaluate             1.122 ms
    :fusion-promotion/scan                 0.010 ms
    :fusion-promotion/write-set            0.002 ms
  :sink-formation                          0.109 ms
  :disk-evolution                          0.191 ms
  :mass-transfer                           0.205 ms
  :neighbor-cache                          6.174 ms
    :neighbor-cache/rebuild                12.316 ms
    :neighbor-cache/build-entries          5.672 ms
    :neighbor-cache/build-map              0.248 ms
    :neighbor-cache/item-map               0.220 ms
    :neighbor-cache/evict                  0.005 ms
    :neighbor-cache/scan-prior             0.004 ms
    :neighbor-cache/full-check             0.004 ms
  :lod-scheduler                           0.086 ms
  :magnetosphere-coupling                  0.223 ms
    :magnetosphere/filter-winds            0.132 ms
    :magnetosphere/compute                 0.075 ms
    :magnetosphere/build-wind-data         0.002 ms
  :ecology                                 0.004 ms
  :debris-reaper                           0.476 ms
  :focus-zone                              0.037 ms
  :binding                                 0.017 ms
  :commitment                              0.007 ms
  :voxel-sculpt                            0.003 ms
  :voxel-carve                             0.003 ms
  :voxel-focus                             0.002 ms

  Per-system step-physics profile (1000 prepared sample 1):
  :gravity                                 6.364 ms
  :hydro-em                                10.189 ms
  :warp                                    0.005 ms
  :observer-accel                          0.303 ms
  :player-thrust                           0.006 ms
  :dark-matter                             0.215 ms
  :thermal-intervention                    0.003 ms
  :integrator                              7.068 ms
    :integrator/comp-condensed             3.687 ms
    :integrator/temperature                1.051 ms
    :integrator/leapfrog                   0.733 ms
    :integrator/mass                       0.640 ms
    :integrator/rotation                   0.576 ms
    :integrator/force-accum                0.304 ms
    :integrator/composition                0.008 ms
  :rotation-integrator                     0.043 ms
  :structure                               6.300 ms
    :structure/gas-query                   5.692 ms
    :structure/gas-reduce                  0.442 ms
    :structure/resolved                    0.051 ms
  :eos                                     0.258 ms
  :motion-trail                            0.316 ms
  :classifier                              1.128 ms
    :classifier/transitions                1.084 ms
    :classifier/select                     0.009 ms
    :classifier/scan                       0.008 ms
    :classifier/write-set                  0.002 ms
  :classification                          0.187 ms
  :handoff                                 0.086 ms
  :condensation-seeder                     0.004 ms
  :field                                   0.578 ms
    :field/compute                         0.361 ms
    :field/scan                            0.202 ms
  :fusion                                  1.049 ms
    :fusion/burn                           1.028 ms
    :fusion/scan                           0.007 ms
  :stellar-sed                             0.088 ms
  :atmosphere-shells                       0.082 ms
  :nucleosynthesis                         0.305 ms
  :differentiation                         0.737 ms
  :deuterium-depletion                     0.158 ms
  :stellar-wind                            0.115 ms
    :stellar-wind/compute                  0.091 ms
    :stellar-wind/scan                     0.007 ms
    :stellar-wind/write-set                0.003 ms
  :wind-ablation                           0.023 ms
    :wind-ablation/scan                    0.006 ms
    :wind-ablation/write-set               0.005 ms
    :wind-ablation/compute                 0.003 ms
  :stellar-flare                           0.002 ms
  :xuv-atmospheric-escape                  0.090 ms
  :disc-identification                     0.093 ms
  :regime                                  0.623 ms
    :regime/classify                       0.464 ms
    :regime/write-set                      0.133 ms
  :collision-detection                     0.584 ms
  :fusion-promotion                        1.092 ms
    :fusion-promotion/evaluate             1.063 ms
    :fusion-promotion/scan                 0.011 ms
    :fusion-promotion/write-set            0.002 ms
  :sink-formation                          0.108 ms
  :disk-evolution                          0.181 ms
  :mass-transfer                           0.201 ms
  :neighbor-cache                          8.590 ms
    :neighbor-cache/rebuild                17.131 ms
    :neighbor-cache/build-entries          8.054 ms
    :neighbor-cache/build-map              0.354 ms
    :neighbor-cache/item-map               0.138 ms
    :neighbor-cache/evict                  0.009 ms
    :neighbor-cache/full-check             0.004 ms
    :neighbor-cache/scan-prior             0.003 ms
  :lod-scheduler                           0.149 ms
  :magnetosphere-coupling                  0.344 ms
    :magnetosphere/filter-winds            0.195 ms
    :magnetosphere/compute                 0.117 ms
    :magnetosphere/build-wind-data         0.004 ms
  :ecology                                 0.008 ms
  :debris-reaper                           0.956 ms
  :focus-zone                              0.055 ms
  :binding                                 0.026 ms
  :commitment                              0.012 ms
  :voxel-sculpt                            0.004 ms
  :voxel-carve                             0.004 ms
  :voxel-focus                             0.004 ms

  Per-system step-physics profile (1000 prepared sample 2):
  :gravity                                 7.729 ms
  :hydro-em                                9.091 ms
  :warp                                    0.005 ms
  :observer-accel                          0.362 ms
  :player-thrust                           0.007 ms
  :dark-matter                             0.258 ms
  :thermal-intervention                    0.002 ms
  :integrator                              7.280 ms
    :integrator/comp-condensed             3.738 ms
    :integrator/temperature                1.021 ms
    :integrator/leapfrog                   0.826 ms
    :integrator/mass                       0.720 ms
    :integrator/rotation                   0.593 ms
    :integrator/force-accum                0.308 ms
    :integrator/composition                0.007 ms
  :rotation-integrator                     0.056 ms
  :structure                               8.027 ms
    :structure/gas-query                   7.243 ms
    :structure/gas-reduce                  0.620 ms
    :structure/resolved                    0.039 ms
  :eos                                     0.223 ms
  :motion-trail                            0.290 ms
  :classifier                              1.036 ms
    :classifier/transitions                0.983 ms
    :classifier/select                     0.011 ms
    :classifier/scan                       0.008 ms
    :classifier/write-set                  0.002 ms
  :classification                          0.189 ms
  :handoff                                 0.078 ms
  :condensation-seeder                     0.004 ms
  :field                                   0.437 ms
    :field/compute                         0.271 ms
    :field/scan                            0.149 ms
  :fusion                                  0.808 ms
    :fusion/burn                           0.790 ms
    :fusion/scan                           0.007 ms
  :stellar-sed                             0.070 ms
  :atmosphere-shells                       0.072 ms
  :nucleosynthesis                         0.243 ms
  :differentiation                         0.580 ms
  :deuterium-depletion                     0.129 ms
  :stellar-wind                            0.089 ms
    :stellar-wind/compute                  0.071 ms
    :stellar-wind/scan                     0.006 ms
    :stellar-wind/write-set                0.003 ms
  :wind-ablation                           0.020 ms
    :wind-ablation/scan                    0.005 ms
    :wind-ablation/write-set               0.005 ms
    :wind-ablation/compute                 0.003 ms
  :stellar-flare                           0.002 ms
  :xuv-atmospheric-escape                  0.075 ms
  :disc-identification                     0.071 ms
  :regime                                  0.430 ms
    :regime/classify                       0.348 ms
    :regime/write-set                      0.073 ms
  :collision-detection                     0.461 ms
  :fusion-promotion                        0.890 ms
    :fusion-promotion/evaluate             0.865 ms
    :fusion-promotion/scan                 0.009 ms
    :fusion-promotion/write-set            0.002 ms
  :sink-formation                          0.086 ms
  :disk-evolution                          0.139 ms
  :mass-transfer                           0.150 ms
  :neighbor-cache                          7.802 ms
    :neighbor-cache/rebuild                15.579 ms
    :neighbor-cache/build-entries          7.414 ms
    :neighbor-cache/build-map              0.267 ms
    :neighbor-cache/item-map               0.092 ms
    :neighbor-cache/evict                  0.006 ms
    :neighbor-cache/full-check             0.005 ms
    :neighbor-cache/scan-prior             0.003 ms
  :lod-scheduler                           0.083 ms
  :magnetosphere-coupling                  0.219 ms
    :magnetosphere/filter-winds            0.126 ms
    :magnetosphere/compute                 0.078 ms
    :magnetosphere/build-wind-data         0.002 ms
  :ecology                                 0.004 ms
  :debris-reaper                           0.448 ms
  :focus-zone                              0.032 ms
  :binding                                 0.018 ms
  :commitment                              0.006 ms
  :voxel-sculpt                            0.003 ms
  :voxel-carve                             0.003 ms
  :voxel-focus                             0.002 ms

  Per-system step-physics profile (1000 prepared sample 3):
  :gravity                                 6.655 ms
  :hydro-em                                7.921 ms
  :warp                                    0.004 ms
  :observer-accel                          0.279 ms
  :player-thrust                           0.007 ms
  :dark-matter                             0.203 ms
  :thermal-intervention                    0.003 ms
  :integrator                              5.889 ms
    :integrator/comp-condensed             2.857 ms
    :integrator/temperature                0.913 ms
    :integrator/leapfrog                   0.716 ms
    :integrator/mass                       0.549 ms
    :integrator/rotation                   0.533 ms
    :integrator/force-accum                0.253 ms
    :integrator/composition                0.006 ms
  :rotation-integrator                     0.041 ms
  :structure                               6.287 ms
    :structure/gas-query                   5.721 ms
    :structure/gas-reduce                  0.433 ms
    :structure/resolved                    0.033 ms
  :eos                                     0.213 ms
  :motion-trail                            0.307 ms
  :classifier                              0.927 ms
    :classifier/transitions                0.889 ms
    :classifier/select                     0.007 ms
    :classifier/scan                       0.007 ms
    :classifier/write-set                  0.002 ms
  :classification                          0.163 ms
  :handoff                                 0.077 ms
  :condensation-seeder                     0.004 ms
  :field                                   0.633 ms
    :field/compute                         0.385 ms
    :field/scan                            0.230 ms
  :fusion                                  0.834 ms
    :fusion/burn                           0.818 ms
    :fusion/scan                           0.007 ms
  :stellar-sed                             0.091 ms
  :atmosphere-shells                       0.071 ms
  :nucleosynthesis                         0.241 ms
  :differentiation                         0.619 ms
  :deuterium-depletion                     0.134 ms
  :stellar-wind                            0.097 ms
    :stellar-wind/compute                  0.078 ms
    :stellar-wind/scan                     0.006 ms
    :stellar-wind/write-set                0.003 ms
  :wind-ablation                           0.021 ms
    :wind-ablation/scan                    0.005 ms
    :wind-ablation/write-set               0.005 ms
    :wind-ablation/compute                 0.003 ms
  :stellar-flare                           0.002 ms
  :xuv-atmospheric-escape                  0.079 ms
  :disc-identification                     0.079 ms
  :regime                                  0.414 ms
    :regime/classify                       0.326 ms
    :regime/write-set                      0.079 ms
  :collision-detection                     0.505 ms
  :fusion-promotion                        0.978 ms
    :fusion-promotion/evaluate             0.955 ms
    :fusion-promotion/scan                 0.008 ms
    :fusion-promotion/write-set            0.002 ms
  :sink-formation                          0.097 ms
  :disk-evolution                          0.156 ms
  :mass-transfer                           0.171 ms
  :neighbor-cache                          7.548 ms
    :neighbor-cache/rebuild                15.061 ms
    :neighbor-cache/build-entries          7.118 ms
    :neighbor-cache/build-map              0.275 ms
    :neighbor-cache/item-map               0.115 ms
    :neighbor-cache/full-check             0.009 ms
    :neighbor-cache/evict                  0.007 ms
    :neighbor-cache/scan-prior             0.003 ms
  :lod-scheduler                           0.141 ms
  :magnetosphere-coupling                  0.377 ms
    :magnetosphere/filter-winds            0.219 ms
    :magnetosphere/compute                 0.132 ms
    :magnetosphere/build-wind-data         0.002 ms
  :ecology                                 0.005 ms
  :debris-reaper                           0.774 ms
  :focus-zone                              0.042 ms
  :binding                                 0.019 ms
  :commitment                              0.008 ms
  :voxel-sculpt                            0.003 ms
  :voxel-carve                             0.003 ms
  :voxel-focus                             0.006 ms

  Per-system step-physics profile (1000 prepared sample 4):
  :gravity                                 5.964 ms
  :hydro-em                                7.489 ms
  :warp                                    0.004 ms
  :observer-accel                          0.321 ms
  :player-thrust                           0.007 ms
  :dark-matter                             0.231 ms
  :thermal-intervention                    0.003 ms
  :integrator                              7.567 ms
    :integrator/comp-condensed             4.134 ms
    :integrator/temperature                1.092 ms
    :integrator/leapfrog                   0.778 ms
    :integrator/mass                       0.673 ms
    :integrator/rotation                   0.494 ms
    :integrator/force-accum                0.306 ms
    :integrator/composition                0.009 ms
  :rotation-integrator                     0.041 ms
  :structure                               7.425 ms
    :structure/gas-query                   6.317 ms
    :structure/gas-reduce                  0.800 ms
    :structure/resolved                    0.074 ms
  :eos                                     0.582 ms
  :motion-trail                            0.816 ms
  :classifier                              2.430 ms
    :classifier/transitions                2.287 ms
    :classifier/select                     0.029 ms
    :classifier/scan                       0.024 ms
    :classifier/write-set                  0.004 ms
  :classification                          0.452 ms
  :handoff                                 0.179 ms
  :condensation-seeder                     0.009 ms
  :field                                   0.686 ms
    :field/compute                         0.347 ms
    :field/scan                            0.270 ms
  :fusion                                  8.163 ms
    :fusion/burn                           8.063 ms
    :fusion/scan                           0.019 ms
  :stellar-sed                             0.836 ms
  :atmosphere-shells                       0.760 ms
  :nucleosynthesis                         2.825 ms
  :differentiation                         6.669 ms
  :deuterium-depletion                     1.394 ms
  :stellar-wind                            0.970 ms
    :stellar-wind/compute                  0.776 ms
    :stellar-wind/scan                     0.042 ms
    :stellar-wind/write-set                0.015 ms
  :wind-ablation                           0.269 ms
    :wind-ablation/write-set               0.106 ms
    :wind-ablation/scan                    0.043 ms
    :wind-ablation/compute                 0.014 ms
  :stellar-flare                           0.009 ms
  :xuv-atmospheric-escape                  0.810 ms
  :disc-identification                     0.845 ms
  :regime                                  5.303 ms
    :regime/classify                       3.916 ms
    :regime/write-set                      1.195 ms
  :collision-detection                     6.002 ms
  :fusion-promotion                        7.482 ms
    :fusion-promotion/evaluate             6.969 ms
    :fusion-promotion/scan                 0.105 ms
    :fusion-promotion/write-set            0.004 ms
  :sink-formation                          0.106 ms
  :disk-evolution                          0.180 ms
  :mass-transfer                           0.158 ms
  :neighbor-cache                          7.406 ms
    :neighbor-cache/rebuild                14.771 ms
    :neighbor-cache/build-entries          6.864 ms
    :neighbor-cache/build-map              0.271 ms
    :neighbor-cache/item-map               0.223 ms
    :neighbor-cache/scan-prior             0.008 ms
    :neighbor-cache/evict                  0.008 ms
    :neighbor-cache/full-check             0.008 ms
  :lod-scheduler                           0.093 ms
  :magnetosphere-coupling                  0.205 ms
    :magnetosphere/filter-winds            0.125 ms
    :magnetosphere/compute                 0.067 ms
    :magnetosphere/build-wind-data         0.002 ms
  :ecology                                 0.004 ms
  :debris-reaper                           0.431 ms
  :focus-zone                              0.036 ms
  :binding                                 0.021 ms
  :commitment                              0.007 ms
  :voxel-sculpt                            0.003 ms
  :voxel-carve                             0.003 ms
  :voxel-focus                             0.003 ms
