
  Realistic tick-world phase profile (500 particles, 10 samples avg):
{:observer-system 0.20118540000000001,
 :samples 10,
 :system-summary 1.3041563000000003,
 :events+clock 0.90716,
 :detect+complexity 0.18946469999999999,
 :pacing 1.9532403999999999,
 :advance-com-spatial 8.9605251,
 :total 69.3953035,
 :stats-of 1.431486,
 :expire+materialize 0.0614022,
 :step-physics 54.3866834}

  Per-system step-physics profile (initial w500, one sample each):

  Per-system step-physics profile (initial w500):
  :gravity                                 3.607 ms
  :hydro-em                                5.700 ms
  :warp                                    0.010 ms
  :observer-accel                          1.822 ms
  :player-thrust                           0.041 ms
  :dark-matter                             0.344 ms
  :thermal-intervention                    0.008 ms
  :integrator                              15.616 ms
    :integrator/temperature                3.896 ms
    :integrator/leapfrog                   3.246 ms
    :integrator/comp-condensed             3.080 ms
    :integrator/rotation                   1.611 ms
    :integrator/force-accum                1.225 ms
    :integrator/mass                       1.123 ms
    :integrator/composition                0.020 ms
  :rotation-integrator                     0.254 ms
  :structure                               5.691 ms
    :structure/gas-query                   4.485 ms
    :structure/resolved                    0.191 ms
    :structure/gas-reduce                  0.190 ms
  :eos                                     0.760 ms
  :motion-trail                            1.104 ms
  :classifier                              3.338 ms
    :classifier/transitions                2.272 ms
    :classifier/scan                       0.386 ms
    :classifier/select                     0.046 ms
    :classifier/write-set                  0.006 ms
  :classification                          0.803 ms
  :handoff                                 0.258 ms
  :condensation-seeder                     0.019 ms
  :field                                   2.150 ms
    :field/compute                         1.180 ms
    :field/scan                            0.844 ms
  :fusion                                  2.433 ms
    :fusion/burn                           1.865 ms
    :fusion/scan                           0.457 ms
  :stellar-sed                             0.635 ms
  :atmosphere-shells                       0.535 ms
  :nucleosynthesis                         0.597 ms
  :differentiation                         1.367 ms
  :deuterium-depletion                     0.387 ms
  :stellar-wind                            0.525 ms
    :stellar-wind/scan                     0.287 ms
    :stellar-wind/compute                  0.170 ms
    :stellar-wind/write-set                0.009 ms
  :wind-ablation                           0.087 ms
    :wind-ablation/scan                    0.029 ms
    :wind-ablation/write-set               0.016 ms
    :wind-ablation/compute                 0.012 ms
  :stellar-flare                           0.007 ms
  :xuv-atmospheric-escape                  0.413 ms
  :disc-identification                     0.340 ms
  :regime                                  1.975 ms
    :regime/classify                       1.819 ms
    :regime/write-set                      0.102 ms
  :collision-detection                     1.550 ms
  :fusion-promotion                        2.659 ms
    :fusion-promotion/evaluate             1.895 ms
    :fusion-promotion/scan                 0.588 ms
    :fusion-promotion/write-set            0.014 ms
  :sink-formation                          0.659 ms
  :disk-evolution                          0.377 ms
  :mass-transfer                           0.600 ms
  :neighbor-cache                          2.620 ms
    :neighbor-cache/rebuild                4.772 ms
    :neighbor-cache/build-entries          1.706 ms
    :neighbor-cache/scan-prior             0.409 ms
    :neighbor-cache/evict                  0.157 ms
    :neighbor-cache/full-check             0.020 ms
    :neighbor-cache/item-map               0.018 ms
    :neighbor-cache/build-map              0.017 ms
  :lod-scheduler                           0.459 ms
  :magnetosphere-coupling                  0.694 ms
    :magnetosphere/filter-winds            0.409 ms
    :magnetosphere/compute                 0.213 ms
    :magnetosphere/build-wind-data         0.006 ms
  :ecology                                 0.728 ms
  :debris-reaper                           1.199 ms
  :focus-zone                              0.124 ms
  :binding                                 0.063 ms
  :commitment                              0.042 ms
  :voxel-sculpt                            0.008 ms
  :voxel-carve                             0.007 ms
  :voxel-focus                             0.007 ms

  Per-system step-physics profile (world1 with spatial tree):
  :gravity                                 287.353 ms
  :hydro-em                                8.340 ms
  :warp                                    0.012 ms
  :observer-accel                          0.757 ms
  :player-thrust                           0.044 ms
  :dark-matter                             0.364 ms
  :thermal-intervention                    0.009 ms
  :integrator                              14.624 ms
    :integrator/leapfrog                   4.017 ms
    :integrator/rotation                   2.821 ms
    :integrator/comp-condensed             2.640 ms
    :integrator/force-accum                2.582 ms
    :integrator/temperature                1.405 ms
    :integrator/mass                       0.548 ms
    :integrator/composition                0.030 ms
  :rotation-integrator                     0.161 ms
  :structure                               6.785 ms
    :structure/gas-query                   5.774 ms
    :structure/gas-reduce                  0.463 ms
    :structure/resolved                    0.083 ms
  :eos                                     0.451 ms
  :motion-trail                            0.680 ms
  :classifier                              1.387 ms
    :classifier/transitions                1.137 ms
    :classifier/scan                       0.157 ms
    :classifier/select                     0.032 ms
    :classifier/write-set                  0.004 ms
  :classification                          0.306 ms
  :handoff                                 0.133 ms
  :condensation-seeder                     0.014 ms
  :field                                   1.119 ms
    :field/compute                         0.569 ms
    :field/scan                            0.509 ms
  :fusion                                  1.140 ms
    :fusion/burn                           0.929 ms
    :fusion/scan                           0.186 ms
  :stellar-sed                             0.213 ms
  :atmosphere-shells                       0.163 ms
  :nucleosynthesis                         0.318 ms
  :differentiation                         0.848 ms
  :deuterium-depletion                     0.225 ms
  :stellar-wind                            0.237 ms
    :stellar-wind/scan                     0.131 ms
    :stellar-wind/compute                  0.067 ms
    :stellar-wind/write-set                0.004 ms
  :wind-ablation                           0.042 ms
    :wind-ablation/scan                    0.013 ms
    :wind-ablation/write-set               0.010 ms
    :wind-ablation/compute                 0.005 ms
  :stellar-flare                           0.004 ms
  :xuv-atmospheric-escape                  0.134 ms
  :disc-identification                     0.151 ms
  :regime                                  1.321 ms
    :regime/classify                       1.221 ms
    :regime/write-set                      0.065 ms
  :collision-detection                     0.503 ms
  :fusion-promotion                        0.754 ms
    :fusion-promotion/evaluate             0.606 ms
    :fusion-promotion/scan                 0.121 ms
    :fusion-promotion/write-set            0.005 ms
  :sink-formation                          0.209 ms
  :disk-evolution                          0.148 ms
  :mass-transfer                           0.226 ms
  :neighbor-cache                          9.588 ms
    :neighbor-cache/rebuild                19.070 ms
    :neighbor-cache/build-entries          9.195 ms
    :neighbor-cache/build-map              0.124 ms
    :neighbor-cache/item-map               0.119 ms
    :neighbor-cache/scan-prior             0.067 ms
    :neighbor-cache/evict                  0.014 ms
    :neighbor-cache/full-check             0.011 ms
  :lod-scheduler                           0.160 ms
  :magnetosphere-coupling                  0.266 ms
    :magnetosphere/filter-winds            0.141 ms
    :magnetosphere/compute                 0.095 ms
    :magnetosphere/build-wind-data         0.003 ms
  :ecology                                 0.009 ms
  :debris-reaper                           0.539 ms
  :focus-zone                              0.071 ms
  :binding                                 0.033 ms
  :commitment                              0.023 ms
  :voxel-sculpt                            0.005 ms
  :voxel-carve                             0.005 ms
  :voxel-focus                             0.005 ms
Measuring tick-world (500 particles)
Measuring tick-world (1000 particles)

  Overhead functions measured on post-physics world (500 particles):

  Tick overhead breakdown (500 particles):

  System Breakdown (500 particles, one tick):
  Measuring individual system costs to identify the bottleneck.

  Step-physics parallel vs sequential (500 particles):

  Parallel vs Sequential (500 particles):

  Multi-tick Scaling (500 particles):

  Phase 0 Tick Analysis:
    Target: 16.6ms per tick for 60 Hz rendering.
    If tick > 16.6ms, identify the dominant system above.
    Gravity is usually the bottleneck at high N.
    SPH/EM neighbor queries scale with particle count.
    Collision cost depends on body density (overlaps).
    If parallel ≈ sequential: check write-set sizes.

  Per-system step-physics profile (500 prepared sample 0):
  :gravity                                 6.070 ms
  :hydro-em                                5.447 ms
  :warp                                    0.005 ms
  :observer-accel                          0.261 ms
  :player-thrust                           0.009 ms
  :dark-matter                             0.195 ms
  :thermal-intervention                    0.004 ms
  :integrator                              4.647 ms
    :integrator/comp-condensed             1.766 ms
    :integrator/temperature                1.050 ms
    :integrator/leapfrog                   0.540 ms
    :integrator/mass                       0.449 ms
    :integrator/rotation                   0.323 ms
    :integrator/force-accum                0.167 ms
    :integrator/composition                0.008 ms
  :rotation-integrator                     0.084 ms
  :structure                               4.146 ms
    :structure/gas-query                   3.723 ms
    :structure/gas-reduce                  0.279 ms
    :structure/resolved                    0.027 ms
  :eos                                     0.260 ms
  :motion-trail                            0.382 ms
  :classifier                              1.188 ms
    :classifier/transitions                1.019 ms
    :classifier/select                     0.023 ms
    :classifier/scan                       0.020 ms
    :classifier/write-set                  0.004 ms
  :classification                          0.133 ms
  :handoff                                 0.058 ms
  :condensation-seeder                     0.006 ms
  :field                                   1.110 ms
    :field/scan                            0.838 ms
    :field/compute                         0.245 ms
  :fusion                                  0.620 ms
    :fusion/burn                           0.585 ms
    :fusion/scan                           0.013 ms
  :stellar-sed                             0.052 ms
  :atmosphere-shells                       0.045 ms
  :nucleosynthesis                         0.145 ms
  :differentiation                         0.359 ms
  :deuterium-depletion                     0.083 ms
  :stellar-wind                            0.084 ms
    :stellar-wind/compute                  0.054 ms
    :stellar-wind/scan                     0.007 ms
    :stellar-wind/write-set                0.004 ms
  :wind-ablation                           0.031 ms
    :wind-ablation/scan                    0.008 ms
    :wind-ablation/write-set               0.007 ms
    :wind-ablation/compute                 0.004 ms
  :stellar-flare                           0.003 ms
  :xuv-atmospheric-escape                  0.062 ms
  :disc-identification                     0.056 ms
  :regime                                  0.753 ms
    :regime/classify                       0.683 ms
    :regime/write-set                      0.051 ms
  :collision-detection                     0.356 ms
  :fusion-promotion                        0.591 ms
    :fusion-promotion/evaluate             0.551 ms
    :fusion-promotion/scan                 0.011 ms
    :fusion-promotion/write-set            0.004 ms
  :sink-formation                          0.077 ms
  :disk-evolution                          0.153 ms
  :mass-transfer                           0.137 ms
  :neighbor-cache                          4.105 ms
    :neighbor-cache/rebuild                7.942 ms
    :neighbor-cache/build-entries          3.646 ms
    :neighbor-cache/build-map              0.188 ms
    :neighbor-cache/item-map               0.097 ms
    :neighbor-cache/evict                  0.018 ms
    :neighbor-cache/full-check             0.008 ms
    :neighbor-cache/scan-prior             0.005 ms
  :lod-scheduler                           0.130 ms
  :magnetosphere-coupling                  0.183 ms
    :magnetosphere/filter-winds            0.095 ms
    :magnetosphere/compute                 0.054 ms
    :magnetosphere/build-wind-data         0.006 ms
  :ecology                                 0.006 ms
  :debris-reaper                           0.348 ms
  :focus-zone                              0.063 ms
  :binding                                 0.030 ms
  :commitment                              0.013 ms
  :voxel-sculpt                            0.003 ms
  :voxel-carve                             0.005 ms
  :voxel-focus                             0.004 ms

  Per-system step-physics profile (500 prepared sample 1):
  :gravity                                 5.152 ms
  :hydro-em                                5.693 ms
  :warp                                    0.005 ms
  :observer-accel                          0.239 ms
  :player-thrust                           0.011 ms
  :dark-matter                             0.210 ms
  :thermal-intervention                    0.004 ms
  :integrator                              6.253 ms
    :integrator/comp-condensed             3.002 ms
    :integrator/temperature                1.738 ms
    :integrator/rotation                   0.483 ms
    :integrator/leapfrog                   0.390 ms
    :integrator/mass                       0.321 ms
    :integrator/force-accum                0.135 ms
    :integrator/composition                0.013 ms
  :rotation-integrator                     0.105 ms
  :structure                               4.250 ms
    :structure/gas-query                   3.666 ms
    :structure/gas-reduce                  0.372 ms
    :structure/resolved                    0.045 ms
  :eos                                     0.209 ms
  :motion-trail                            0.401 ms
  :classifier                              0.988 ms
    :classifier/transitions                0.865 ms
    :classifier/select                     0.022 ms
    :classifier/scan                       0.018 ms
    :classifier/write-set                  0.004 ms
  :classification                          0.164 ms
  :handoff                                 0.085 ms
  :condensation-seeder                     0.006 ms
  :field                                   0.485 ms
    :field/compute                         0.360 ms
    :field/scan                            0.103 ms
  :fusion                                  0.726 ms
    :fusion/burn                           0.692 ms
    :fusion/scan                           0.016 ms
  :stellar-sed                             0.075 ms
  :atmosphere-shells                       0.082 ms
  :nucleosynthesis                         0.212 ms
  :differentiation                         0.477 ms
  :deuterium-depletion                     0.115 ms
  :stellar-wind                            0.119 ms
    :stellar-wind/compute                  0.084 ms
    :stellar-wind/scan                     0.009 ms
    :stellar-wind/write-set                0.005 ms
  :wind-ablation                           0.037 ms
    :wind-ablation/scan                    0.010 ms
    :wind-ablation/write-set               0.007 ms
    :wind-ablation/compute                 0.005 ms
  :stellar-flare                           0.003 ms
  :xuv-atmospheric-escape                  0.079 ms
  :disc-identification                     0.069 ms
  :regime                                  0.435 ms
    :regime/classify                       0.379 ms
    :regime/write-set                      0.038 ms
  :collision-detection                     0.295 ms
  :fusion-promotion                        0.472 ms
    :fusion-promotion/evaluate             0.447 ms
    :fusion-promotion/scan                 0.010 ms
    :fusion-promotion/write-set            0.003 ms
  :sink-formation                          0.063 ms
  :disk-evolution                          0.099 ms
  :mass-transfer                           0.122 ms
  :neighbor-cache                          2.172 ms
    :neighbor-cache/rebuild                4.270 ms
    :neighbor-cache/build-entries          1.898 ms
    :neighbor-cache/build-map              0.139 ms
    :neighbor-cache/item-map               0.067 ms
    :neighbor-cache/evict                  0.013 ms
    :neighbor-cache/full-check             0.007 ms
    :neighbor-cache/scan-prior             0.004 ms
  :lod-scheduler                           0.102 ms
  :magnetosphere-coupling                  0.241 ms
    :magnetosphere/filter-winds            0.118 ms
    :magnetosphere/compute                 0.059 ms
    :magnetosphere/build-wind-data         0.006 ms
  :ecology                                 0.005 ms
  :debris-reaper                           0.297 ms
  :focus-zone                              0.056 ms
  :binding                                 0.024 ms
  :commitment                              0.010 ms
  :voxel-sculpt                            0.003 ms
  :voxel-carve                             0.005 ms
  :voxel-focus                             0.004 ms

  Per-system step-physics profile (500 prepared sample 2):
  :gravity                                 4.201 ms
  :hydro-em                                4.230 ms
  :warp                                    0.006 ms
  :observer-accel                          0.376 ms
  :player-thrust                           0.025 ms
  :dark-matter                             0.492 ms
  :thermal-intervention                    0.005 ms
  :integrator                              3.041 ms
    :integrator/comp-condensed             1.306 ms
    :integrator/temperature                0.432 ms
    :integrator/leapfrog                   0.372 ms
    :integrator/mass                       0.319 ms
    :integrator/rotation                   0.275 ms
    :integrator/force-accum                0.181 ms
    :integrator/composition                0.008 ms
  :rotation-integrator                     0.059 ms
  :structure                               4.710 ms
    :structure/gas-query                   4.387 ms
    :structure/gas-reduce                  0.220 ms
    :structure/resolved                    0.022 ms
  :eos                                     0.114 ms
  :motion-trail                            0.227 ms
  :classifier                              0.671 ms
    :classifier/transitions                0.569 ms
    :classifier/select                     0.018 ms
    :classifier/scan                       0.012 ms
    :classifier/write-set                  0.004 ms
  :classification                          0.161 ms
  :handoff                                 0.072 ms
  :condensation-seeder                     0.005 ms
  :field                                   0.531 ms
    :field/compute                         0.276 ms
    :field/scan                            0.222 ms
  :fusion                                  0.741 ms
    :fusion/burn                           0.718 ms
    :fusion/scan                           0.009 ms
  :stellar-sed                             0.065 ms
  :atmosphere-shells                       0.061 ms
  :nucleosynthesis                         0.206 ms
  :differentiation                         0.493 ms
  :deuterium-depletion                     0.109 ms
  :stellar-wind                            0.087 ms
    :stellar-wind/compute                  0.064 ms
    :stellar-wind/scan                     0.007 ms
    :stellar-wind/write-set                0.004 ms
  :wind-ablation                           0.030 ms
    :wind-ablation/write-set               0.008 ms
    :wind-ablation/scan                    0.007 ms
    :wind-ablation/compute                 0.004 ms
  :stellar-flare                           0.003 ms
  :xuv-atmospheric-escape                  0.073 ms
  :disc-identification                     0.059 ms
  :regime                                  0.439 ms
    :regime/classify                       0.378 ms
    :regime/write-set                      0.046 ms
  :collision-detection                     0.366 ms
  :fusion-promotion                        0.619 ms
    :fusion-promotion/evaluate             0.590 ms
    :fusion-promotion/scan                 0.011 ms
    :fusion-promotion/write-set            0.004 ms
  :sink-formation                          0.074 ms
  :disk-evolution                          0.107 ms
  :mass-transfer                           0.144 ms
  :neighbor-cache                          3.283 ms
    :neighbor-cache/rebuild                6.495 ms
    :neighbor-cache/build-entries          3.041 ms
    :neighbor-cache/build-map              0.121 ms
    :neighbor-cache/item-map               0.057 ms
    :neighbor-cache/full-check             0.009 ms
    :neighbor-cache/evict                  0.008 ms
    :neighbor-cache/scan-prior             0.005 ms
  :lod-scheduler                           0.077 ms
  :magnetosphere-coupling                  0.134 ms
    :magnetosphere/filter-winds            0.072 ms
    :magnetosphere/compute                 0.044 ms
    :magnetosphere/build-wind-data         0.004 ms
  :ecology                                 0.004 ms
  :debris-reaper                           0.281 ms
  :focus-zone                              0.052 ms
  :binding                                 0.034 ms
  :commitment                              0.009 ms
  :voxel-sculpt                            0.002 ms
  :voxel-carve                             0.005 ms
  :voxel-focus                             0.004 ms

  Per-system step-physics profile (500 prepared sample 3):
  :gravity                                 3.809 ms
  :hydro-em                                6.008 ms
  :warp                                    0.004 ms
  :observer-accel                          0.245 ms
  :player-thrust                           0.012 ms
  :dark-matter                             0.139 ms
  :thermal-intervention                    0.003 ms
  :integrator                              3.555 ms
    :integrator/comp-condensed             1.363 ms
    :integrator/temperature                0.751 ms
    :integrator/leapfrog                   0.461 ms
    :integrator/mass                       0.329 ms
    :integrator/rotation                   0.314 ms
    :integrator/force-accum                0.238 ms
    :integrator/composition                0.011 ms
  :rotation-integrator                     0.059 ms
  :structure                               2.998 ms
    :structure/gas-query                   2.683 ms
    :structure/gas-reduce                  0.224 ms
    :structure/resolved                    0.022 ms
  :eos                                     0.121 ms
  :motion-trail                            0.191 ms
  :classifier                              0.578 ms
    :classifier/transitions                0.498 ms
    :classifier/select                     0.012 ms
    :classifier/scan                       0.010 ms
    :classifier/write-set                  0.002 ms
  :classification                          0.093 ms
  :handoff                                 0.039 ms
  :condensation-seeder                     0.005 ms
  :field                                   0.442 ms
    :field/scan                            0.221 ms
    :field/compute                         0.210 ms
  :fusion                                  0.443 ms
    :fusion/burn                           0.429 ms
    :fusion/scan                           0.006 ms
  :stellar-sed                             0.042 ms
  :atmosphere-shells                       0.040 ms
  :nucleosynthesis                         0.133 ms
  :differentiation                         0.314 ms
  :deuterium-depletion                     0.072 ms
  :stellar-wind                            0.064 ms
    :stellar-wind/compute                  0.046 ms
    :stellar-wind/scan                     0.005 ms
    :stellar-wind/write-set                0.003 ms
  :wind-ablation                           0.024 ms
    :wind-ablation/scan                    0.008 ms
    :wind-ablation/write-set               0.005 ms
    :wind-ablation/compute                 0.004 ms
  :stellar-flare                           0.003 ms
  :xuv-atmospheric-escape                  0.051 ms
  :disc-identification                     0.042 ms
  :regime                                  0.399 ms
    :regime/classify                       0.349 ms
    :regime/write-set                      0.039 ms
  :collision-detection                     0.289 ms
  :fusion-promotion                        0.469 ms
    :fusion-promotion/evaluate             0.444 ms
    :fusion-promotion/scan                 0.008 ms
    :fusion-promotion/write-set            0.003 ms
  :sink-formation                          0.066 ms
  :disk-evolution                          0.099 ms
  :mass-transfer                           0.104 ms
  :neighbor-cache                          3.535 ms
    :neighbor-cache/rebuild                7.028 ms
    :neighbor-cache/build-entries          3.279 ms
    :neighbor-cache/build-map              0.145 ms
    :neighbor-cache/item-map               0.064 ms
    :neighbor-cache/evict                  0.009 ms
    :neighbor-cache/full-check             0.007 ms
    :neighbor-cache/scan-prior             0.004 ms
  :lod-scheduler                           0.056 ms
  :magnetosphere-coupling                  0.122 ms
    :magnetosphere/filter-winds            0.063 ms
    :magnetosphere/compute                 0.041 ms
    :magnetosphere/build-wind-data         0.004 ms
  :ecology                                 0.005 ms
  :debris-reaper                           0.285 ms
  :focus-zone                              0.048 ms
  :binding                                 0.023 ms
  :commitment                              0.009 ms
  :voxel-sculpt                            0.003 ms
  :voxel-carve                             0.004 ms
  :voxel-focus                             0.004 ms

  Per-system step-physics profile (500 prepared sample 4):
  :gravity                                 4.550 ms
  :hydro-em                                3.578 ms
  :warp                                    0.004 ms
  :observer-accel                          0.174 ms
  :player-thrust                           0.006 ms
  :dark-matter                             0.108 ms
  :thermal-intervention                    0.002 ms
  :integrator                              3.316 ms
    :integrator/comp-condensed             1.368 ms
    :integrator/temperature                0.582 ms
    :integrator/leapfrog                   0.436 ms
    :integrator/rotation                   0.367 ms
    :integrator/mass                       0.284 ms
    :integrator/force-accum                0.222 ms
    :integrator/composition                0.007 ms
  :rotation-integrator                     0.053 ms
  :structure                               3.047 ms
    :structure/gas-query                   2.744 ms
    :structure/gas-reduce                  0.215 ms
    :structure/resolved                    0.021 ms
  :eos                                     0.120 ms
  :motion-trail                            0.207 ms
  :classifier                              0.503 ms
    :classifier/transitions                0.467 ms
    :classifier/select                     0.010 ms
    :classifier/scan                       0.009 ms
    :classifier/write-set                  0.002 ms
  :classification                          0.089 ms
  :handoff                                 0.039 ms
  :condensation-seeder                     0.003 ms
  :field                                   0.497 ms
    :field/compute                         0.258 ms
    :field/scan                            0.229 ms
  :fusion                                  0.418 ms
    :fusion/burn                           0.406 ms
    :fusion/scan                           0.005 ms
  :stellar-sed                             0.042 ms
  :atmosphere-shells                       0.039 ms
  :nucleosynthesis                         0.139 ms
  :differentiation                         0.290 ms
  :deuterium-depletion                     0.068 ms
  :stellar-wind                            0.062 ms
    :stellar-wind/compute                  0.046 ms
    :stellar-wind/scan                     0.005 ms
    :stellar-wind/write-set                0.003 ms
  :wind-ablation                           0.019 ms
    :wind-ablation/scan                    0.005 ms
    :wind-ablation/write-set               0.005 ms
    :wind-ablation/compute                 0.003 ms
  :stellar-flare                           0.002 ms
  :xuv-atmospheric-escape                  0.047 ms
  :disc-identification                     0.043 ms
  :regime                                  0.410 ms
    :regime/classify                       0.346 ms
    :regime/write-set                      0.051 ms
  :collision-detection                     0.422 ms
  :fusion-promotion                        0.685 ms
    :fusion-promotion/evaluate             0.651 ms
    :fusion-promotion/scan                 0.012 ms
    :fusion-promotion/write-set            0.004 ms
  :sink-formation                          0.105 ms
  :disk-evolution                          0.154 ms
  :mass-transfer                           0.154 ms
  :neighbor-cache                          3.482 ms
    :neighbor-cache/rebuild                6.916 ms
    :neighbor-cache/build-entries          3.139 ms
    :neighbor-cache/build-map              0.146 ms
    :neighbor-cache/item-map               0.135 ms
    :neighbor-cache/evict                  0.014 ms
    :neighbor-cache/full-check             0.009 ms
    :neighbor-cache/scan-prior             0.007 ms
  :lod-scheduler                           0.092 ms
  :magnetosphere-coupling                  0.201 ms
    :magnetosphere/filter-winds            0.100 ms
    :magnetosphere/compute                 0.070 ms
    :magnetosphere/build-wind-data         0.006 ms
  :ecology                                 0.005 ms
  :debris-reaper                           0.291 ms
  :focus-zone                              0.051 ms
  :binding                                 0.024 ms
  :commitment                              0.009 ms
  :voxel-sculpt                            0.003 ms
  :voxel-carve                             0.005 ms
  :voxel-focus                             0.004 ms

  Per-system step-physics profile (1000 prepared sample 0):
  :gravity                                 7.377 ms
  :hydro-em                                10.653 ms
  :warp                                    0.005 ms
  :observer-accel                          0.301 ms
  :player-thrust                           0.007 ms
  :dark-matter                             0.244 ms
  :thermal-intervention                    0.003 ms
  :integrator                              7.450 ms
    :integrator/comp-condensed             4.089 ms
    :integrator/temperature                1.114 ms
    :integrator/leapfrog                   0.734 ms
    :integrator/mass                       0.651 ms
    :integrator/rotation                   0.534 ms
    :integrator/force-accum                0.238 ms
    :integrator/composition                0.012 ms
  :rotation-integrator                     0.057 ms
  :structure                               7.327 ms
    :structure/gas-query                   6.624 ms
    :structure/gas-reduce                  0.531 ms
    :structure/resolved                    0.045 ms
  :eos                                     0.244 ms
  :motion-trail                            0.325 ms
  :classifier                              1.503 ms
    :classifier/transitions                1.443 ms
    :classifier/select                     0.018 ms
    :classifier/scan                       0.011 ms
    :classifier/write-set                  0.003 ms
  :classification                          0.167 ms
  :handoff                                 0.074 ms
  :condensation-seeder                     0.004 ms
  :field                                   0.420 ms
    :field/compute                         0.270 ms
    :field/scan                            0.140 ms
  :fusion                                  0.980 ms
    :fusion/burn                           0.965 ms
    :fusion/scan                           0.006 ms
  :stellar-sed                             0.085 ms
  :atmosphere-shells                       0.080 ms
  :nucleosynthesis                         0.300 ms
  :differentiation                         0.720 ms
  :deuterium-depletion                     0.163 ms
  :stellar-wind                            0.120 ms
    :stellar-wind/compute                  0.098 ms
    :stellar-wind/scan                     0.006 ms
    :stellar-wind/write-set                0.003 ms
  :wind-ablation                           0.022 ms
    :wind-ablation/scan                    0.006 ms
    :wind-ablation/write-set               0.005 ms
    :wind-ablation/compute                 0.003 ms
  :stellar-flare                           0.003 ms
  :xuv-atmospheric-escape                  0.093 ms
  :disc-identification                     0.096 ms
  :regime                                  0.477 ms
    :regime/classify                       0.377 ms
    :regime/write-set                      0.091 ms
  :collision-detection                     0.677 ms
  :fusion-promotion                        1.164 ms
    :fusion-promotion/evaluate             1.140 ms
    :fusion-promotion/scan                 0.009 ms
    :fusion-promotion/write-set            0.003 ms
  :sink-formation                          0.116 ms
  :disk-evolution                          0.205 ms
  :mass-transfer                           0.214 ms
  :neighbor-cache                          8.087 ms
    :neighbor-cache/rebuild                16.142 ms
    :neighbor-cache/build-entries          7.612 ms
    :neighbor-cache/build-map              0.293 ms
    :neighbor-cache/item-map               0.142 ms
    :neighbor-cache/evict                  0.009 ms
    :neighbor-cache/full-check             0.007 ms
    :neighbor-cache/scan-prior             0.005 ms
  :lod-scheduler                           0.107 ms
  :magnetosphere-coupling                  0.236 ms
    :magnetosphere/filter-winds            0.136 ms
    :magnetosphere/compute                 0.082 ms
    :magnetosphere/build-wind-data         0.004 ms
  :ecology                                 0.003 ms
  :debris-reaper                           0.496 ms
  :focus-zone                              0.053 ms
  :binding                                 0.025 ms
  :commitment                              0.010 ms
  :voxel-sculpt                            0.003 ms
  :voxel-carve                             0.005 ms
  :voxel-focus                             0.003 ms

  Per-system step-physics profile (1000 prepared sample 1):
  :gravity                                 7.103 ms
  :hydro-em                                8.634 ms
  :warp                                    0.006 ms
  :observer-accel                          0.549 ms
  :player-thrust                           0.013 ms
  :dark-matter                             0.284 ms
  :thermal-intervention                    0.004 ms
  :integrator                              6.460 ms
    :integrator/comp-condensed             3.324 ms
    :integrator/temperature                1.010 ms
    :integrator/leapfrog                   0.718 ms
    :integrator/mass                       0.614 ms
    :integrator/rotation                   0.480 ms
    :integrator/force-accum                0.238 ms
    :integrator/composition                0.009 ms
  :rotation-integrator                     0.072 ms
  :structure                               7.252 ms
    :structure/gas-query                   6.668 ms
    :structure/gas-reduce                  0.426 ms
    :structure/resolved                    0.040 ms
  :eos                                     0.238 ms
  :motion-trail                            0.325 ms
  :classifier                              1.041 ms
    :classifier/transitions                0.986 ms
    :classifier/select                     0.018 ms
    :classifier/scan                       0.011 ms
    :classifier/write-set                  0.002 ms
  :classification                          0.163 ms
  :handoff                                 0.077 ms
  :condensation-seeder                     0.004 ms
  :field                                   0.423 ms
    :field/compute                         0.250 ms
    :field/scan                            0.163 ms
  :fusion                                  0.953 ms
    :fusion/burn                           0.939 ms
    :fusion/scan                           0.005 ms
  :stellar-sed                             0.085 ms
  :atmosphere-shells                       0.101 ms
  :nucleosynthesis                         0.297 ms
  :differentiation                         0.717 ms
  :deuterium-depletion                     0.169 ms
  :stellar-wind                            0.117 ms
    :stellar-wind/compute                  0.095 ms
    :stellar-wind/scan                     0.007 ms
    :stellar-wind/write-set                0.004 ms
  :wind-ablation                           0.022 ms
    :wind-ablation/scan                    0.006 ms
    :wind-ablation/write-set               0.006 ms
    :wind-ablation/compute                 0.003 ms
  :stellar-flare                           0.002 ms
  :xuv-atmospheric-escape                  0.091 ms
  :disc-identification                     0.089 ms
  :regime                                  0.457 ms
    :regime/classify                       0.357 ms
    :regime/write-set                      0.090 ms
  :collision-detection                     0.608 ms
  :fusion-promotion                        1.087 ms
    :fusion-promotion/evaluate             1.062 ms
    :fusion-promotion/scan                 0.009 ms
    :fusion-promotion/write-set            0.004 ms
  :sink-formation                          0.133 ms
  :disk-evolution                          0.185 ms
  :mass-transfer                           0.193 ms
  :neighbor-cache                          6.212 ms
    :neighbor-cache/rebuild                12.397 ms
    :neighbor-cache/build-entries          5.762 ms
    :neighbor-cache/build-map              0.260 ms
    :neighbor-cache/item-map               0.152 ms
    :neighbor-cache/evict                  0.008 ms
    :neighbor-cache/full-check             0.007 ms
    :neighbor-cache/scan-prior             0.004 ms
  :lod-scheduler                           0.099 ms
  :magnetosphere-coupling                  0.332 ms
    :magnetosphere/filter-winds            0.187 ms
    :magnetosphere/compute                 0.116 ms
    :magnetosphere/build-wind-data         0.005 ms
  :ecology                                 0.004 ms
  :debris-reaper                           0.612 ms
  :focus-zone                              0.056 ms
  :binding                                 0.024 ms
  :commitment                              0.010 ms
  :voxel-sculpt                            0.003 ms
  :voxel-carve                             0.005 ms
  :voxel-focus                             0.003 ms

  Per-system step-physics profile (1000 prepared sample 2):
  :gravity                                 8.639 ms
  :hydro-em                                10.866 ms
  :warp                                    0.005 ms
  :observer-accel                          0.291 ms
  :player-thrust                           0.007 ms
  :dark-matter                             0.203 ms
  :thermal-intervention                    0.002 ms
  :integrator                              7.114 ms
    :integrator/comp-condensed             3.778 ms
    :integrator/temperature                1.114 ms
    :integrator/leapfrog                   0.757 ms
    :integrator/mass                       0.574 ms
    :integrator/rotation                   0.509 ms
    :integrator/force-accum                0.289 ms
    :integrator/composition                0.010 ms
  :rotation-integrator                     0.071 ms
  :structure                               6.539 ms
    :structure/gas-query                   5.650 ms
    :structure/gas-reduce                  0.657 ms
    :structure/resolved                    0.063 ms
  :eos                                     0.385 ms
  :motion-trail                            0.509 ms
  :classifier                              1.741 ms
    :classifier/transitions                1.657 ms
    :classifier/select                     0.020 ms
    :classifier/scan                       0.019 ms
    :classifier/write-set                  0.004 ms
  :classification                          0.275 ms
  :handoff                                 0.128 ms
  :condensation-seeder                     0.006 ms
  :field                                   0.726 ms
    :field/compute                         0.416 ms
    :field/scan                            0.285 ms
  :fusion                                  1.471 ms
    :fusion/burn                           1.435 ms
    :fusion/scan                           0.010 ms
  :stellar-sed                             0.123 ms
  :atmosphere-shells                       0.114 ms
  :nucleosynthesis                         0.436 ms
  :differentiation                         1.025 ms
  :deuterium-depletion                     0.229 ms
  :stellar-wind                            0.188 ms
    :stellar-wind/compute                  0.142 ms
    :stellar-wind/scan                     0.014 ms
    :stellar-wind/write-set                0.006 ms
  :wind-ablation                           0.047 ms
    :wind-ablation/scan                    0.013 ms
    :wind-ablation/write-set               0.011 ms
    :wind-ablation/compute                 0.006 ms
  :stellar-flare                           0.003 ms
  :xuv-atmospheric-escape                  0.153 ms
  :disc-identification                     0.138 ms
  :regime                                  0.537 ms
    :regime/classify                       0.430 ms
    :regime/write-set                      0.074 ms
  :collision-detection                     0.547 ms
  :fusion-promotion                        0.920 ms
    :fusion-promotion/evaluate             0.895 ms
    :fusion-promotion/scan                 0.010 ms
    :fusion-promotion/write-set            0.004 ms
  :sink-formation                          0.097 ms
  :disk-evolution                          0.166 ms
  :mass-transfer                           0.177 ms
  :neighbor-cache                          7.039 ms
    :neighbor-cache/rebuild                14.038 ms
    :neighbor-cache/build-entries          6.484 ms
    :neighbor-cache/build-map              0.295 ms
    :neighbor-cache/item-map               0.211 ms
    :neighbor-cache/evict                  0.011 ms
    :neighbor-cache/full-check             0.008 ms
    :neighbor-cache/scan-prior             0.005 ms
  :lod-scheduler                           0.114 ms
  :magnetosphere-coupling                  0.265 ms
    :magnetosphere/filter-winds            0.153 ms
    :magnetosphere/compute                 0.090 ms
    :magnetosphere/build-wind-data         0.004 ms
  :ecology                                 0.005 ms
  :debris-reaper                           0.554 ms
  :focus-zone                              0.063 ms
  :binding                                 0.029 ms
  :commitment                              0.012 ms
  :voxel-sculpt                            0.003 ms
  :voxel-carve                             0.006 ms
  :voxel-focus                             0.003 ms

  Per-system step-physics profile (1000 prepared sample 3):
  :gravity                                 7.687 ms
  :hydro-em                                11.564 ms
  :warp                                    0.005 ms
  :observer-accel                          0.321 ms
  :player-thrust                           0.007 ms
  :dark-matter                             0.218 ms
  :thermal-intervention                    0.002 ms
  :integrator                              7.693 ms
    :integrator/comp-condensed             2.945 ms
    :integrator/leapfrog                   1.774 ms
    :integrator/temperature                1.139 ms
    :integrator/force-accum                0.625 ms
    :integrator/mass                       0.567 ms
    :integrator/rotation                   0.555 ms
    :integrator/composition                0.009 ms
  :rotation-integrator                     0.060 ms
  :structure                               7.473 ms
    :structure/gas-query                   6.546 ms
    :structure/gas-reduce                  0.635 ms
    :structure/resolved                    0.064 ms
  :eos                                     0.225 ms
  :motion-trail                            0.314 ms
  :classifier                              1.002 ms
    :classifier/transitions                0.947 ms
    :classifier/scan                       0.015 ms
    :classifier/select                     0.012 ms
    :classifier/write-set                  0.002 ms
  :classification                          0.165 ms
  :handoff                                 0.076 ms
  :condensation-seeder                     0.004 ms
  :field                                   0.537 ms
    :field/compute                         0.377 ms
    :field/scan                            0.150 ms
  :fusion                                  0.943 ms
    :fusion/burn                           0.928 ms
    :fusion/scan                           0.005 ms
  :stellar-sed                             0.082 ms
  :atmosphere-shells                       0.081 ms
  :nucleosynthesis                         0.301 ms
  :differentiation                         0.698 ms
  :deuterium-depletion                     0.162 ms
  :stellar-wind                            0.121 ms
    :stellar-wind/compute                  0.098 ms
    :stellar-wind/scan                     0.007 ms
    :stellar-wind/write-set                0.003 ms
  :wind-ablation                           0.024 ms
    :wind-ablation/scan                    0.006 ms
    :wind-ablation/write-set               0.006 ms
    :wind-ablation/compute                 0.004 ms
  :stellar-flare                           0.002 ms
  :xuv-atmospheric-escape                  0.098 ms
  :disc-identification                     0.090 ms
  :regime                                  0.466 ms
    :regime/classify                       0.368 ms
    :regime/write-set                      0.087 ms
  :collision-detection                     0.620 ms
  :fusion-promotion                        1.099 ms
    :fusion-promotion/evaluate             1.071 ms
    :fusion-promotion/scan                 0.010 ms
    :fusion-promotion/write-set            0.003 ms
  :sink-formation                          0.110 ms
  :disk-evolution                          0.193 ms
  :mass-transfer                           0.196 ms
  :neighbor-cache                          6.872 ms
    :neighbor-cache/rebuild                13.708 ms
    :neighbor-cache/build-entries          6.336 ms
    :neighbor-cache/build-map              0.289 ms
    :neighbor-cache/item-map               0.203 ms
    :neighbor-cache/evict                  0.009 ms
    :neighbor-cache/full-check             0.008 ms
    :neighbor-cache/scan-prior             0.004 ms
  :lod-scheduler                           0.100 ms
  :magnetosphere-coupling                  0.246 ms
    :magnetosphere/filter-winds            0.145 ms
    :magnetosphere/compute                 0.083 ms
    :magnetosphere/build-wind-data         0.003 ms
  :ecology                                 0.004 ms
  :debris-reaper                           0.507 ms
  :focus-zone                              0.049 ms
  :binding                                 0.023 ms
  :commitment                              0.009 ms
  :voxel-sculpt                            0.002 ms
  :voxel-carve                             0.005 ms
  :voxel-focus                             0.004 ms

  Per-system step-physics profile (1000 prepared sample 4):
  :gravity                                 6.792 ms
  :hydro-em                                9.652 ms
  :warp                                    0.005 ms
  :observer-accel                          0.435 ms
  :player-thrust                           0.008 ms
  :dark-matter                             0.296 ms
  :thermal-intervention                    0.004 ms
  :integrator                              8.529 ms
    :integrator/comp-condensed             4.414 ms
    :integrator/temperature                1.206 ms
    :integrator/leapfrog                   1.006 ms
    :integrator/mass                       0.816 ms
    :integrator/rotation                   0.663 ms
    :integrator/force-accum                0.335 ms
    :integrator/composition                0.009 ms
  :rotation-integrator                     0.070 ms
  :structure                               6.848 ms
    :structure/gas-query                   6.176 ms
    :structure/gas-reduce                  0.490 ms
    :structure/resolved                    0.047 ms
  :eos                                     0.260 ms
  :motion-trail                            0.355 ms
  :classifier                              1.125 ms
    :classifier/transitions                1.073 ms
    :classifier/select                     0.013 ms
    :classifier/scan                       0.012 ms
    :classifier/write-set                  0.003 ms
  :classification                          0.190 ms
  :handoff                                 0.087 ms
  :condensation-seeder                     0.004 ms
  :field                                   0.510 ms
    :field/compute                         0.324 ms
    :field/scan                            0.173 ms
  :fusion                                  1.162 ms
    :fusion/burn                           1.145 ms
    :fusion/scan                           0.007 ms
  :stellar-sed                             0.104 ms
  :atmosphere-shells                       0.100 ms
  :nucleosynthesis                         0.394 ms
  :differentiation                         1.001 ms
  :deuterium-depletion                     0.225 ms
  :stellar-wind                            0.166 ms
    :stellar-wind/compute                  0.139 ms
    :stellar-wind/scan                     0.007 ms
    :stellar-wind/write-set                0.004 ms
  :wind-ablation                           0.050 ms
    :wind-ablation/write-set               0.010 ms
    :wind-ablation/scan                    0.007 ms
    :wind-ablation/compute                 0.004 ms
  :stellar-flare                           0.003 ms
  :xuv-atmospheric-escape                  0.219 ms
  :disc-identification                     0.225 ms
  :regime                                  0.790 ms
    :regime/classify                       0.543 ms
    :regime/write-set                      0.220 ms
  :collision-detection                     1.142 ms
  :fusion-promotion                        1.061 ms
    :fusion-promotion/evaluate             0.924 ms
    :fusion-promotion/scan                 0.024 ms
    :fusion-promotion/write-set            0.004 ms
  :sink-formation                          0.104 ms
  :disk-evolution                          0.163 ms
  :mass-transfer                           0.180 ms
  :neighbor-cache                          6.630 ms
    :neighbor-cache/rebuild                13.217 ms
    :neighbor-cache/build-entries          6.039 ms
    :neighbor-cache/build-map              0.330 ms
    :neighbor-cache/item-map               0.205 ms
    :neighbor-cache/evict                  0.015 ms
    :neighbor-cache/full-check             0.007 ms
    :neighbor-cache/scan-prior             0.005 ms
  :lod-scheduler                           0.143 ms
  :magnetosphere-coupling                  0.340 ms
    :magnetosphere/filter-winds            0.184 ms
    :magnetosphere/compute                 0.128 ms
    :magnetosphere/build-wind-data         0.008 ms
  :ecology                                 0.006 ms
  :debris-reaper                           0.777 ms
  :focus-zone                              0.079 ms
  :binding                                 0.035 ms
  :commitment                              0.014 ms
  :voxel-sculpt                            0.004 ms
  :voxel-carve                             0.007 ms
  :voxel-focus                             0.005 ms
