
Running tests in #{"test"}

Testing architecture-test

Testing domain.pilot-resolve-seam-test

Testing infra.dev.focus-cadence-test

Testing infra.dev.window-test
clojure.lang.ExceptionInfo: boom {:x 1}
	at infra.dev.window_test$fn__17114.invokeStatic(window_test.clj:116)
	at infra.dev.window_test$fn__17114.invoke(window_test.clj:113)
	at clojure.test$test_var$fn__9856.invoke(test.clj:717)
	at clojure.test$test_var.invokeStatic(test.clj:717)
	at clojure.test$test_var.invoke(test.clj:708)
	at clojure.test$test_vars$fn__9882$fn__9887.invoke(test.clj:735)
	at infra.dev.window_test$eval17020$fn__17021.invoke(window_test.clj:18)
	at clojure.test$compose_fixtures$fn__9850$fn__9851.invoke(test.clj:694)
	at clojure.test$default_fixture.invokeStatic(test.clj:687)
	at clojure.test$default_fixture.invoke(test.clj:683)
	at clojure.test$compose_fixtures$fn__9850.invoke(test.clj:694)
	at clojure.test$test_vars$fn__9882.invoke(test.clj:735)
	at clojure.test$default_fixture.invokeStatic(test.clj:687)
	at clojure.test$default_fixture.invoke(test.clj:683)
	at clojure.test$test_vars.invokeStatic(test.clj:731)
	at clojure.test$test_all_vars.invokeStatic(test.clj:737)
	at clojure.test$test_ns.invokeStatic(test.clj:758)
	at clojure.test$test_ns.invoke(test.clj:743)
	at clojure.core$map$fn__5935.invoke(core.clj:2772)
	at clojure.lang.LazySeq.sval(LazySeq.java:42)
	at clojure.lang.LazySeq.seq(LazySeq.java:51)
	at clojure.lang.Cons.next(Cons.java:39)
	at clojure.lang.RT.next(RT.java:713)
	at clojure.core$next__5451.invokeStatic(core.clj:64)
	at clojure.core$reduce1.invokeStatic(core.clj:946)
	at clojure.core$reduce1.invokeStatic(core.clj:936)
	at clojure.core$merge_with.invokeStatic(core.clj:3076)
	at clojure.core$merge_with.doInvoke(core.clj:3068)
	at clojure.lang.RestFn.applyTo(RestFn.java:139)
	at clojure.core$apply.invokeStatic(core.clj:669)
	at clojure.test$run_tests.invokeStatic(test.clj:768)
	at clojure.test$run_tests.doInvoke(test.clj:768)
	at clojure.lang.RestFn.applyTo(RestFn.java:137)
	at clojure.core$apply.invokeStatic(core.clj:667)
	at clojure.core$apply.invoke(core.clj:662)
	at cognitect.test_runner$test.invokeStatic(test_runner.clj:74)
	at cognitect.test_runner$test.invoke(test_runner.clj:62)
	at cognitect.test_runner$_main.invokeStatic(test_runner.clj:127)
	at cognitect.test_runner$_main.doInvoke(test_runner.clj:115)
	at clojure.lang.RestFn.applyTo(RestFn.java:137)
	at clojure.lang.Var.applyTo(Var.java:705)
	at clojure.core$apply.invokeStatic(core.clj:667)
	at clojure.main$main_opt.invokeStatic(main.clj:514)
	at clojure.main$main_opt.invoke(main.clj:510)
	at clojure.main$main.invokeStatic(main.clj:664)
	at clojure.main$main.doInvoke(main.clj:616)
	at clojure.lang.RestFn.applyTo(RestFn.java:137)
	at clojure.lang.Var.applyTo(Var.java:705)
	at clojure.main.main(main.java:40)

Testing infra.render.input-test

Ran 37 tests containing 313 assertions.
0 failures, 0 errors.
