
  Realistic tick-world phase profile (500 particles, 10 samples avg):
{:observer-system 0.1742509,
 :samples 10,
 :system-summary 0.9460862999999999,
 :events+clock 0.8014068,
 :detect+complexity 0.14333200000000001,
 :pacing 1.3923724,
 :advance-com-spatial 5.4603207000000005,
 :total 50.498228100000006,
 :stats-of 0.7621043000000001,
 :expire+materialize 0.0461125,
 :step-physics 40.7722422}

  Per-system step-physics profile (initial w500, one sample each):

  Per-system step-physics profile (initial w500):
  :gravity                                 5.247 ms
  :hydro-em                                7.766 ms
  :warp                                    0.010 ms
  :observer-accel                          1.547 ms
  :player-thrust                           0.045 ms
  :dark-matter                             0.364 ms
  :thermal-intervention                    0.007 ms
  :integrator                              9.466 ms
    :integrator/comp-condensed             2.263 ms
    :integrator/leapfrog                   2.177 ms
    :integrator/temperature                1.485 ms
    :integrator/force-accum                0.836 ms
    :integrator/mass                       0.775 ms
    :integrator/rotation                   0.736 ms
    :integrator/composition                0.015 ms
  :rotation-integrator                     0.107 ms
  :structure                               4.450 ms
    :structure/gas-query                   3.430 ms
    :structure/gas-reduce                  0.288 ms
    :structure/resolved                    0.132 ms
  :eos                                     0.535 ms
  :motion-trail                            0.922 ms
  :classifier                              13.268 ms
    :classifier/transitions                9.404 ms
    :classifier/scan                       0.995 ms
    :classifier/select                     0.108 ms
    :classifier/write-set                  0.017 ms
  :classification                          2.667 ms
  :handoff                                 1.255 ms
  :condensation-seeder                     0.040 ms
  :field                                   9.510 ms
    :field/compute                         5.979 ms
    :field/scan                            3.202 ms
  :fusion                                  8.790 ms
    :fusion/burn                           7.205 ms
    :fusion/scan                           1.327 ms
  :stellar-sed                             1.808 ms
  :atmosphere-shells                       1.709 ms
  :nucleosynthesis                         3.065 ms
  :differentiation                         8.920 ms
  :deuterium-depletion                     2.062 ms
  :stellar-wind                            2.764 ms
    :stellar-wind/scan                     1.360 ms
    :stellar-wind/compute                  1.083 ms
    :stellar-wind/write-set                0.036 ms
  :wind-ablation                           0.438 ms
    :wind-ablation/scan                    0.134 ms
    :wind-ablation/write-set               0.079 ms
    :wind-ablation/compute                 0.034 ms
  :stellar-flare                           0.021 ms
  :xuv-atmospheric-escape                  2.127 ms
  :disc-identification                     2.385 ms
  :regime                                  12.902 ms
    :regime/classify                       11.721 ms
    :regime/write-set                      0.829 ms
  :collision-detection                     5.774 ms
  :fusion-promotion                        9.591 ms
    :fusion-promotion/evaluate             7.505 ms
    :fusion-promotion/scan                 1.763 ms
    :fusion-promotion/write-set            0.031 ms
  :sink-formation                          2.817 ms
  :disk-evolution                          2.264 ms
  :mass-transfer                           0.475 ms
  :neighbor-cache                          1.206 ms
    :neighbor-cache/rebuild                2.084 ms
    :neighbor-cache/build-entries          0.532 ms
    :neighbor-cache/scan-prior             0.272 ms
    :neighbor-cache/evict                  0.142 ms
    :neighbor-cache/full-check             0.015 ms
    :neighbor-cache/item-map               0.011 ms
    :neighbor-cache/build-map              0.011 ms
  :lod-scheduler                           0.232 ms
  :magnetosphere-coupling                  0.552 ms
    :magnetosphere/filter-winds            0.309 ms
    :magnetosphere/compute                 0.186 ms
    :magnetosphere/build-wind-data         0.006 ms
  :ecology                                 0.646 ms
  :debris-reaper                           1.189 ms
  :focus-zone                              0.124 ms
  :binding                                 0.073 ms
  :commitment                              0.047 ms
  :voxel-sculpt                            0.008 ms
  :voxel-carve                             0.008 ms
  :voxel-focus                             0.006 ms

  Per-system step-physics profile (world1 with spatial tree):
  :gravity                                 188.035 ms
  :hydro-em                                7.205 ms
  :warp                                    0.011 ms
  :observer-accel                          0.597 ms
  :player-thrust                           0.026 ms
  :dark-matter                             0.206 ms
  :thermal-intervention                    0.006 ms
  :integrator                              8.353 ms
    :integrator/comp-condensed             2.324 ms
    :integrator/leapfrog                   2.169 ms
    :integrator/temperature                1.239 ms
    :integrator/rotation                   1.066 ms
    :integrator/mass                       0.701 ms
    :integrator/force-accum                0.358 ms
    :integrator/composition                0.030 ms
  :rotation-integrator                     0.162 ms
  :structure                               7.025 ms
    :structure/gas-query                   6.049 ms
    :structure/gas-reduce                  0.477 ms
    :structure/resolved                    0.105 ms
  :eos                                     0.449 ms
  :motion-trail                            0.737 ms
  :classifier                              1.683 ms
    :classifier/transitions                1.411 ms
    :classifier/scan                       0.157 ms
    :classifier/select                     0.043 ms
    :classifier/write-set                  0.004 ms
  :classification                          0.372 ms
  :handoff                                 0.157 ms
  :condensation-seeder                     0.013 ms
  :field                                   1.226 ms
    :field/compute                         0.631 ms
    :field/scan                            0.547 ms
  :fusion                                  1.316 ms
    :fusion/burn                           1.062 ms
    :fusion/scan                           0.208 ms
  :stellar-sed                             0.239 ms
  :atmosphere-shells                       0.224 ms
  :nucleosynthesis                         0.433 ms
  :differentiation                         1.203 ms
  :deuterium-depletion                     0.275 ms
  :stellar-wind                            0.478 ms
    :stellar-wind/scan                     0.261 ms
    :stellar-wind/compute                  0.129 ms
    :stellar-wind/write-set                0.010 ms
  :wind-ablation                           0.091 ms
    :wind-ablation/scan                    0.031 ms
    :wind-ablation/write-set               0.016 ms
    :wind-ablation/compute                 0.010 ms
  :stellar-flare                           0.006 ms
  :xuv-atmospheric-escape                  0.347 ms
  :disc-identification                     0.334 ms
  :regime                                  1.643 ms
    :regime/classify                       1.489 ms
    :regime/write-set                      0.102 ms
  :collision-detection                     0.957 ms
  :fusion-promotion                        1.591 ms
    :fusion-promotion/evaluate             1.196 ms
    :fusion-promotion/scan                 0.323 ms
    :fusion-promotion/write-set            0.008 ms
  :sink-formation                          0.489 ms
  :disk-evolution                          0.361 ms
  :mass-transfer                           0.490 ms
  :neighbor-cache                          11.747 ms
    :neighbor-cache/rebuild                23.366 ms
    :neighbor-cache/build-entries          11.184 ms
    :neighbor-cache/item-map               0.205 ms
    :neighbor-cache/scan-prior             0.156 ms
    :neighbor-cache/build-map              0.100 ms
    :neighbor-cache/full-check             0.015 ms
    :neighbor-cache/evict                  0.015 ms
  :lod-scheduler                           0.137 ms
  :magnetosphere-coupling                  0.271 ms
    :magnetosphere/filter-winds            0.143 ms
    :magnetosphere/compute                 0.098 ms
    :magnetosphere/build-wind-data         0.004 ms
  :ecology                                 0.010 ms
  :debris-reaper                           0.456 ms
  :focus-zone                              0.076 ms
  :binding                                 0.040 ms
  :commitment                              0.019 ms
  :voxel-sculpt                            0.006 ms
  :voxel-carve                             0.005 ms
  :voxel-focus                             0.005 ms
Measuring tick-world (500 particles)
Measuring tick-world (1000 particles)

  Overhead functions measured on post-physics world (500 particles):

  Tick overhead breakdown (500 particles):

  System Breakdown (500 particles, one tick):
  Measuring individual system costs to identify the bottleneck.

  Step-physics parallel vs sequential (500 particles):

  Parallel vs Sequential (500 particles):

  Multi-tick Scaling (500 particles):

  Phase 0 Tick Analysis:
    Target: 16.6ms per tick for 60 Hz rendering.
    If tick > 16.6ms, identify the dominant system above.
    Gravity is usually the bottleneck at high N.
    SPH/EM neighbor queries scale with particle count.
    Collision cost depends on body density (overlaps).
    If parallel ≈ sequential: check write-set sizes.

  Per-system step-physics profile (500 prepared sample 0):
  :gravity                                 3.747 ms
  :hydro-em                                5.831 ms
  :warp                                    0.005 ms
  :observer-accel                          0.247 ms
  :player-thrust                           0.010 ms
  :dark-matter                             0.257 ms
  :thermal-intervention                    0.006 ms
  :integrator                              5.274 ms
    :integrator/comp-condensed             1.839 ms
    :integrator/force-accum                1.190 ms
    :integrator/temperature                0.611 ms
    :integrator/leapfrog                   0.543 ms
    :integrator/mass                       0.383 ms
    :integrator/rotation                   0.324 ms
    :integrator/composition                0.007 ms
  :rotation-integrator                     0.087 ms
  :structure                               7.029 ms
    :structure/gas-query                   6.404 ms
    :structure/gas-reduce                  0.330 ms
    :structure/resolved                    0.036 ms
  :eos                                     0.228 ms
  :motion-trail                            0.358 ms
  :classifier                              1.000 ms
    :classifier/transitions                0.860 ms
    :classifier/scan                       0.032 ms
    :classifier/select                     0.013 ms
    :classifier/write-set                  0.003 ms
  :classification                          0.164 ms
  :handoff                                 0.073 ms
  :condensation-seeder                     0.011 ms
  :field                                   2.068 ms
    :field/compute                         1.255 ms
    :field/scan                            0.749 ms
  :fusion                                  0.966 ms
    :fusion/burn                           0.904 ms
    :fusion/scan                           0.017 ms
  :stellar-sed                             0.092 ms
  :atmosphere-shells                       0.082 ms
  :nucleosynthesis                         0.258 ms
  :differentiation                         0.637 ms
  :deuterium-depletion                     0.158 ms
  :stellar-wind                            0.150 ms
    :stellar-wind/compute                  0.092 ms
    :stellar-wind/scan                     0.011 ms
    :stellar-wind/write-set                0.005 ms
  :wind-ablation                           0.062 ms
    :wind-ablation/scan                    0.013 ms
    :wind-ablation/write-set               0.009 ms
    :wind-ablation/compute                 0.007 ms
  :stellar-flare                           0.006 ms
  :xuv-atmospheric-escape                  0.120 ms
  :disc-identification                     0.093 ms
  :regime                                  0.531 ms
    :regime/classify                       0.410 ms
    :regime/write-set                      0.069 ms
  :collision-detection                     0.340 ms
  :fusion-promotion                        0.614 ms
    :fusion-promotion/evaluate             0.567 ms
    :fusion-promotion/scan                 0.014 ms
    :fusion-promotion/write-set            0.003 ms
  :sink-formation                          0.078 ms
  :disk-evolution                          0.102 ms
  :mass-transfer                           0.130 ms
  :neighbor-cache                          4.061 ms
    :neighbor-cache/rebuild                7.960 ms
    :neighbor-cache/build-entries          3.745 ms
    :neighbor-cache/build-map              0.124 ms
    :neighbor-cache/item-map               0.083 ms
    :neighbor-cache/evict                  0.010 ms
    :neighbor-cache/full-check             0.007 ms
    :neighbor-cache/scan-prior             0.005 ms
  :lod-scheduler                           0.086 ms
  :magnetosphere-coupling                  0.304 ms
    :magnetosphere/filter-winds            0.123 ms
    :magnetosphere/compute                 0.086 ms
    :magnetosphere/build-wind-data         0.005 ms
  :ecology                                 0.007 ms
  :debris-reaper                           0.437 ms
  :focus-zone                              0.071 ms
  :binding                                 0.051 ms
  :commitment                              0.025 ms
  :voxel-sculpt                            0.008 ms
  :voxel-carve                             0.007 ms
  :voxel-focus                             0.006 ms

  Per-system step-physics profile (500 prepared sample 1):
  :gravity                                 6.814 ms
  :hydro-em                                5.456 ms
  :warp                                    0.004 ms
  :observer-accel                          0.207 ms
  :player-thrust                           0.008 ms
  :dark-matter                             0.132 ms
  :thermal-intervention                    0.003 ms
  :integrator                              4.422 ms
    :integrator/comp-condensed             2.175 ms
    :integrator/temperature                0.769 ms
    :integrator/leapfrog                   0.420 ms
    :integrator/mass                       0.349 ms
    :integrator/rotation                   0.273 ms
    :integrator/force-accum                0.189 ms
    :integrator/composition                0.015 ms
  :rotation-integrator                     0.054 ms
  :structure                               3.854 ms
    :structure/gas-query                   3.451 ms
    :structure/gas-reduce                  0.222 ms
    :structure/resolved                    0.023 ms
  :eos                                     0.135 ms
  :motion-trail                            0.215 ms
  :classifier                              0.565 ms
    :classifier/transitions                0.500 ms
    :classifier/scan                       0.012 ms
    :classifier/select                     0.009 ms
    :classifier/write-set                  0.002 ms
  :classification                          0.097 ms
  :handoff                                 0.041 ms
  :condensation-seeder                     0.007 ms
  :field                                   0.253 ms
    :field/compute                         0.145 ms
    :field/scan                            0.076 ms
  :fusion                                  0.474 ms
    :fusion/burn                           0.444 ms
    :fusion/scan                           0.010 ms
  :stellar-sed                             0.049 ms
  :atmosphere-shells                       0.042 ms
  :nucleosynthesis                         0.137 ms
  :differentiation                         0.349 ms
  :deuterium-depletion                     0.085 ms
  :stellar-wind                            0.124 ms
    :stellar-wind/compute                  0.051 ms
    :stellar-wind/scan                     0.007 ms
    :stellar-wind/write-set                0.004 ms
  :wind-ablation                           0.039 ms
    :wind-ablation/scan                    0.008 ms
    :wind-ablation/write-set               0.007 ms
    :wind-ablation/compute                 0.005 ms
  :stellar-flare                           0.005 ms
  :xuv-atmospheric-escape                  0.061 ms
  :disc-identification                     0.047 ms
  :regime                                  0.349 ms
    :regime/classify                       0.251 ms
    :regime/write-set                      0.063 ms
  :collision-detection                     0.439 ms
  :fusion-promotion                        0.587 ms
    :fusion-promotion/evaluate             0.529 ms
    :fusion-promotion/scan                 0.019 ms
    :fusion-promotion/write-set            0.004 ms
  :sink-formation                          0.075 ms
  :disk-evolution                          0.087 ms
  :mass-transfer                           0.133 ms
  :neighbor-cache                          3.151 ms
    :neighbor-cache/rebuild                6.235 ms
    :neighbor-cache/build-entries          2.882 ms
    :neighbor-cache/build-map              0.139 ms
    :neighbor-cache/item-map               0.071 ms
    :neighbor-cache/evict                  0.009 ms
    :neighbor-cache/full-check             0.006 ms
    :neighbor-cache/scan-prior             0.004 ms
  :lod-scheduler                           0.073 ms
  :magnetosphere-coupling                  0.252 ms
    :magnetosphere/filter-winds            0.098 ms
    :magnetosphere/compute                 0.059 ms
    :magnetosphere/build-wind-data         0.004 ms
  :ecology                                 0.008 ms
  :debris-reaper                           0.348 ms
  :focus-zone                              0.065 ms
  :binding                                 0.026 ms
  :commitment                              0.016 ms
  :voxel-sculpt                            0.005 ms
  :voxel-carve                             0.005 ms
  :voxel-focus                             0.004 ms

  Per-system step-physics profile (500 prepared sample 2):
  :gravity                                 4.570 ms
  :hydro-em                                6.381 ms
  :warp                                    0.005 ms
  :observer-accel                          0.255 ms
  :player-thrust                           0.007 ms
  :dark-matter                             0.159 ms
  :thermal-intervention                    0.003 ms
  :integrator                              4.158 ms
    :integrator/comp-condensed             2.079 ms
    :integrator/temperature                0.594 ms
    :integrator/leapfrog                   0.443 ms
    :integrator/mass                       0.414 ms
    :integrator/rotation                   0.338 ms
    :integrator/force-accum                0.146 ms
    :integrator/composition                0.007 ms
  :rotation-integrator                     0.065 ms
  :structure                               4.161 ms
    :structure/gas-query                   3.724 ms
    :structure/gas-reduce                  0.281 ms
    :structure/resolved                    0.032 ms
  :eos                                     0.178 ms
  :motion-trail                            0.371 ms
  :classifier                              0.721 ms
    :classifier/transitions                0.661 ms
    :classifier/scan                       0.015 ms
    :classifier/select                     0.009 ms
    :classifier/write-set                  0.002 ms
  :classification                          0.112 ms
  :handoff                                 0.050 ms
  :condensation-seeder                     0.009 ms
  :field                                   0.604 ms
    :field/scan                            0.400 ms
    :field/compute                         0.184 ms
  :fusion                                  0.497 ms
    :fusion/burn                           0.477 ms
    :fusion/scan                           0.009 ms
  :stellar-sed                             0.047 ms
  :atmosphere-shells                       0.047 ms
  :nucleosynthesis                         0.136 ms
  :differentiation                         0.318 ms
  :deuterium-depletion                     0.078 ms
  :stellar-wind                            0.065 ms
    :stellar-wind/compute                  0.044 ms
    :stellar-wind/scan                     0.005 ms
    :stellar-wind/write-set                0.004 ms
  :wind-ablation                           0.028 ms
    :wind-ablation/scan                    0.008 ms
    :wind-ablation/write-set               0.007 ms
    :wind-ablation/compute                 0.005 ms
  :stellar-flare                           0.005 ms
  :xuv-atmospheric-escape                  0.055 ms
  :disc-identification                     0.044 ms
  :regime                                  0.315 ms
    :regime/classify                       0.226 ms
    :regime/write-set                      0.062 ms
  :collision-detection                     0.422 ms
  :fusion-promotion                        0.511 ms
    :fusion-promotion/evaluate             0.477 ms
    :fusion-promotion/scan                 0.018 ms
    :fusion-promotion/write-set            0.003 ms
  :sink-formation                          0.069 ms
  :disk-evolution                          0.082 ms
  :mass-transfer                           0.127 ms
  :neighbor-cache                          3.956 ms
    :neighbor-cache/rebuild                7.804 ms
    :neighbor-cache/build-entries          3.656 ms
    :neighbor-cache/build-map              0.156 ms
    :neighbor-cache/item-map               0.061 ms
    :neighbor-cache/evict                  0.011 ms
    :neighbor-cache/full-check             0.007 ms
    :neighbor-cache/scan-prior             0.004 ms
  :lod-scheduler                           0.086 ms
  :magnetosphere-coupling                  0.210 ms
    :magnetosphere/filter-winds            0.108 ms
    :magnetosphere/compute                 0.072 ms
    :magnetosphere/build-wind-data         0.006 ms
  :ecology                                 0.008 ms
  :debris-reaper                           0.398 ms
  :focus-zone                              0.081 ms
  :binding                                 0.033 ms
  :commitment                              0.017 ms
  :voxel-sculpt                            0.006 ms
  :voxel-carve                             0.006 ms
  :voxel-focus                             0.006 ms

  Per-system step-physics profile (500 prepared sample 3):
  :gravity                                 6.119 ms
  :hydro-em                                5.955 ms
  :warp                                    0.006 ms
  :observer-accel                          0.270 ms
  :player-thrust                           0.011 ms
  :dark-matter                             0.171 ms
  :thermal-intervention                    0.004 ms
  :integrator                              3.219 ms
    :integrator/comp-condensed             1.381 ms
    :integrator/temperature                0.554 ms
    :integrator/leapfrog                   0.362 ms
    :integrator/mass                       0.296 ms
    :integrator/rotation                   0.281 ms
    :integrator/force-accum                0.230 ms
    :integrator/composition                0.006 ms
  :rotation-integrator                     0.047 ms
  :structure                               3.274 ms
    :structure/gas-query                   2.979 ms
    :structure/gas-reduce                  0.195 ms
    :structure/resolved                    0.018 ms
  :eos                                     0.103 ms
  :motion-trail                            0.184 ms
  :classifier                              0.527 ms
    :classifier/transitions                0.486 ms
    :classifier/scan                       0.010 ms
    :classifier/select                     0.009 ms
    :classifier/write-set                  0.002 ms
  :classification                          0.093 ms
  :handoff                                 0.040 ms
  :condensation-seeder                     0.008 ms
  :field                                   0.424 ms
    :field/compute                         0.209 ms
    :field/scan                            0.202 ms
  :fusion                                  0.445 ms
    :fusion/burn                           0.429 ms
    :fusion/scan                           0.007 ms
  :stellar-sed                             0.042 ms
  :atmosphere-shells                       0.038 ms
  :nucleosynthesis                         0.130 ms
  :differentiation                         0.293 ms
  :deuterium-depletion                     0.075 ms
  :stellar-wind                            0.065 ms
    :stellar-wind/compute                  0.045 ms
    :stellar-wind/scan                     0.004 ms
    :stellar-wind/write-set                0.004 ms
  :wind-ablation                           0.026 ms
    :wind-ablation/scan                    0.007 ms
    :wind-ablation/write-set               0.006 ms
    :wind-ablation/compute                 0.005 ms
  :stellar-flare                           0.004 ms
  :xuv-atmospheric-escape                  0.066 ms
  :disc-identification                     0.055 ms
  :regime                                  0.394 ms
    :regime/classify                       0.340 ms
    :regime/write-set                      0.037 ms
  :collision-detection                     0.258 ms
  :fusion-promotion                        0.472 ms
    :fusion-promotion/evaluate             0.443 ms
    :fusion-promotion/scan                 0.011 ms
    :fusion-promotion/write-set            0.003 ms
  :sink-formation                          0.070 ms
  :disk-evolution                          0.079 ms
  :mass-transfer                           0.106 ms
  :neighbor-cache                          2.605 ms
    :neighbor-cache/rebuild                5.179 ms
    :neighbor-cache/build-entries          2.375 ms
    :neighbor-cache/build-map              0.144 ms
    :neighbor-cache/item-map               0.047 ms
    :neighbor-cache/evict                  0.009 ms
    :neighbor-cache/full-check             0.007 ms
    :neighbor-cache/scan-prior             0.004 ms
  :lod-scheduler                           0.054 ms
  :magnetosphere-coupling                  0.130 ms
    :magnetosphere/filter-winds            0.070 ms
    :magnetosphere/compute                 0.044 ms
    :magnetosphere/build-wind-data         0.004 ms
  :ecology                                 0.007 ms
  :debris-reaper                           0.245 ms
  :focus-zone                              0.055 ms
  :binding                                 0.023 ms
  :commitment                              0.014 ms
  :voxel-sculpt                            0.005 ms
  :voxel-carve                             0.005 ms
  :voxel-focus                             0.005 ms

  Per-system step-physics profile (500 prepared sample 4):
  :gravity                                 4.778 ms
  :hydro-em                                3.454 ms
  :warp                                    0.004 ms
  :observer-accel                          0.184 ms
  :player-thrust                           0.005 ms
  :dark-matter                             0.099 ms
  :thermal-intervention                    0.002 ms
  :integrator                              3.383 ms
    :integrator/comp-condensed             1.593 ms
    :integrator/temperature                0.498 ms
    :integrator/leapfrog                   0.399 ms
    :integrator/rotation                   0.297 ms
    :integrator/mass                       0.296 ms
    :integrator/force-accum                0.212 ms
    :integrator/composition                0.006 ms
  :rotation-integrator                     0.050 ms
  :structure                               2.780 ms
    :structure/gas-query                   2.461 ms
    :structure/gas-reduce                  0.218 ms
    :structure/resolved                    0.020 ms
  :eos                                     0.119 ms
  :motion-trail                            0.214 ms
  :classifier                              0.615 ms
    :classifier/transitions                0.572 ms
    :classifier/scan                       0.010 ms
    :classifier/select                     0.010 ms
    :classifier/write-set                  0.002 ms
  :classification                          0.109 ms
  :handoff                                 0.051 ms
  :condensation-seeder                     0.008 ms
  :field                                   0.318 ms
    :field/compute                         0.185 ms
    :field/scan                            0.124 ms
  :fusion                                  0.545 ms
    :fusion/burn                           0.532 ms
    :fusion/scan                           0.005 ms
  :stellar-sed                             0.054 ms
  :atmosphere-shells                       0.050 ms
  :nucleosynthesis                         0.160 ms
  :differentiation                         0.378 ms
  :deuterium-depletion                     0.091 ms
  :stellar-wind                            0.076 ms
    :stellar-wind/compute                  0.055 ms
    :stellar-wind/scan                     0.005 ms
    :stellar-wind/write-set                0.005 ms
  :wind-ablation                           0.029 ms
    :wind-ablation/scan                    0.008 ms
    :wind-ablation/write-set               0.007 ms
    :wind-ablation/compute                 0.006 ms
  :stellar-flare                           0.006 ms
  :xuv-atmospheric-escape                  0.068 ms
  :disc-identification                     0.053 ms
  :regime                                  0.353 ms
    :regime/classify                       0.301 ms
    :regime/write-set                      0.042 ms
  :collision-detection                     0.321 ms
  :fusion-promotion                        0.587 ms
    :fusion-promotion/evaluate             0.557 ms
    :fusion-promotion/scan                 0.013 ms
    :fusion-promotion/write-set            0.003 ms
  :sink-formation                          0.086 ms
  :disk-evolution                          0.108 ms
  :mass-transfer                           0.138 ms
  :neighbor-cache                          4.136 ms
    :neighbor-cache/rebuild                8.226 ms
    :neighbor-cache/build-entries          3.852 ms
    :neighbor-cache/build-map              0.162 ms
    :neighbor-cache/item-map               0.065 ms
    :neighbor-cache/evict                  0.015 ms
    :neighbor-cache/full-check             0.008 ms
    :neighbor-cache/scan-prior             0.005 ms
  :lod-scheduler                           0.125 ms
  :magnetosphere-coupling                  0.308 ms
    :magnetosphere/filter-winds            0.176 ms
    :magnetosphere/compute                 0.101 ms
    :magnetosphere/build-wind-data         0.005 ms
  :ecology                                 0.009 ms
  :debris-reaper                           0.589 ms
  :focus-zone                              0.092 ms
  :binding                                 0.032 ms
  :commitment                              0.018 ms
  :voxel-sculpt                            0.006 ms
  :voxel-carve                             0.005 ms
  :voxel-focus                             0.005 ms

  Per-system step-physics profile (1000 prepared sample 0):
  :gravity                                 8.371 ms
  :hydro-em                                8.437 ms
  :warp                                    0.006 ms
  :observer-accel                          0.850 ms
  :player-thrust                           0.033 ms
  :dark-matter                             0.625 ms
  :thermal-intervention                    0.008 ms
  :integrator                              7.532 ms
    :integrator/comp-condensed             2.932 ms
    :integrator/temperature                1.686 ms
    :integrator/leapfrog                   0.978 ms
    :integrator/mass                       0.840 ms
    :integrator/rotation                   0.513 ms
    :integrator/force-accum                0.377 ms
    :integrator/composition                0.006 ms
  :rotation-integrator                     0.045 ms
  :structure                               6.893 ms
    :structure/gas-query                   6.063 ms
    :structure/gas-reduce                  0.609 ms
    :structure/resolved                    0.056 ms
  :eos                                     0.368 ms
  :motion-trail                            0.500 ms
  :classifier                              1.490 ms
    :classifier/transitions                1.424 ms
    :classifier/scan                       0.014 ms
    :classifier/select                     0.012 ms
    :classifier/write-set                  0.003 ms
  :classification                          0.161 ms
  :handoff                                 0.074 ms
  :condensation-seeder                     0.007 ms
  :field                                   0.396 ms
    :field/compute                         0.257 ms
    :field/scan                            0.128 ms
  :fusion                                  0.812 ms
    :fusion/burn                           0.799 ms
    :fusion/scan                           0.006 ms
  :stellar-sed                             0.068 ms
  :atmosphere-shells                       0.067 ms
  :nucleosynthesis                         0.236 ms
  :differentiation                         0.577 ms
  :deuterium-depletion                     0.124 ms
  :stellar-wind                            0.088 ms
    :stellar-wind/compute                  0.073 ms
    :stellar-wind/scan                     0.004 ms
    :stellar-wind/write-set                0.003 ms
  :wind-ablation                           0.026 ms
    :wind-ablation/write-set               0.007 ms
    :wind-ablation/scan                    0.006 ms
    :wind-ablation/compute                 0.005 ms
  :stellar-flare                           0.002 ms
  :xuv-atmospheric-escape                  0.077 ms
  :disc-identification                     0.069 ms
  :regime                                  0.485 ms
    :regime/classify                       0.408 ms
    :regime/write-set                      0.069 ms
  :collision-detection                     0.454 ms
  :fusion-promotion                        0.849 ms
    :fusion-promotion/evaluate             0.829 ms
    :fusion-promotion/scan                 0.008 ms
    :fusion-promotion/write-set            0.002 ms
  :sink-formation                          0.095 ms
  :disk-evolution                          0.142 ms
  :mass-transfer                           0.165 ms
  :neighbor-cache                          6.071 ms
    :neighbor-cache/rebuild                12.073 ms
    :neighbor-cache/build-entries          5.612 ms
    :neighbor-cache/build-map              0.257 ms
    :neighbor-cache/item-map               0.089 ms
    :neighbor-cache/evict                  0.020 ms
    :neighbor-cache/full-check             0.018 ms
    :neighbor-cache/scan-prior             0.017 ms
  :lod-scheduler                           0.085 ms
  :magnetosphere-coupling                  0.226 ms
    :magnetosphere/filter-winds            0.133 ms
    :magnetosphere/compute                 0.077 ms
    :magnetosphere/build-wind-data         0.004 ms
  :ecology                                 0.003 ms
  :debris-reaper                           0.471 ms
  :focus-zone                              0.047 ms
  :binding                                 0.018 ms
  :commitment                              0.006 ms
  :voxel-sculpt                            0.005 ms
  :voxel-carve                             0.004 ms
  :voxel-focus                             0.004 ms

  Per-system step-physics profile (1000 prepared sample 1):
  :gravity                                 6.979 ms
  :hydro-em                                8.480 ms
  :warp                                    0.005 ms
  :observer-accel                          0.273 ms
  :player-thrust                           0.006 ms
  :dark-matter                             0.216 ms
  :thermal-intervention                    0.003 ms
  :integrator                              5.984 ms
    :integrator/comp-condensed             2.881 ms
    :integrator/temperature                0.912 ms
    :integrator/leapfrog                   0.705 ms
    :integrator/mass                       0.590 ms
    :integrator/rotation                   0.575 ms
    :integrator/force-accum                0.244 ms
    :integrator/composition                0.006 ms
  :rotation-integrator                     0.051 ms
  :structure                               6.857 ms
    :structure/gas-query                   6.260 ms
    :structure/gas-reduce                  0.443 ms
    :structure/resolved                    0.037 ms
  :eos                                     0.226 ms
  :motion-trail                            0.289 ms
  :classifier                              1.008 ms
    :classifier/transitions                0.961 ms
    :classifier/select                     0.011 ms
    :classifier/scan                       0.008 ms
    :classifier/write-set                  0.002 ms
  :classification                          0.165 ms
  :handoff                                 0.075 ms
  :condensation-seeder                     0.008 ms
  :field                                   0.575 ms
    :field/compute                         0.355 ms
    :field/scan                            0.206 ms
  :fusion                                  0.930 ms
    :fusion/burn                           0.909 ms
    :fusion/scan                           0.007 ms
  :stellar-sed                             0.080 ms
  :atmosphere-shells                       0.077 ms
  :nucleosynthesis                         0.290 ms
  :differentiation                         0.681 ms
  :deuterium-depletion                     0.158 ms
  :stellar-wind                            0.113 ms
    :stellar-wind/compute                  0.090 ms
    :stellar-wind/scan                     0.005 ms
    :stellar-wind/write-set                0.004 ms
  :wind-ablation                           0.031 ms
    :wind-ablation/scan                    0.009 ms
    :wind-ablation/write-set               0.008 ms
    :wind-ablation/compute                 0.006 ms
  :stellar-flare                           0.003 ms
  :xuv-atmospheric-escape                  0.091 ms
  :disc-identification                     0.085 ms
  :regime                                  0.460 ms
    :regime/classify                       0.365 ms
    :regime/write-set                      0.083 ms
  :collision-detection                     0.579 ms
  :fusion-promotion                        1.140 ms
    :fusion-promotion/evaluate             1.101 ms
    :fusion-promotion/scan                 0.013 ms
    :fusion-promotion/write-set            0.004 ms
  :sink-formation                          0.117 ms
  :disk-evolution                          0.179 ms
  :mass-transfer                           0.198 ms
  :neighbor-cache                          8.602 ms
    :neighbor-cache/rebuild                17.168 ms
    :neighbor-cache/build-entries          8.315 ms
    :neighbor-cache/build-map              0.146 ms
    :neighbor-cache/item-map               0.107 ms
    :neighbor-cache/evict                  0.006 ms
    :neighbor-cache/full-check             0.003 ms
    :neighbor-cache/scan-prior             0.003 ms
  :lod-scheduler                           0.108 ms
  :magnetosphere-coupling                  0.258 ms
    :magnetosphere/filter-winds            0.150 ms
    :magnetosphere/compute                 0.086 ms
    :magnetosphere/build-wind-data         0.004 ms
  :ecology                                 0.004 ms
  :debris-reaper                           0.539 ms
  :focus-zone                              0.055 ms
  :binding                                 0.023 ms
  :commitment                              0.008 ms
  :voxel-sculpt                            0.006 ms
  :voxel-carve                             0.010 ms
  :voxel-focus                             0.004 ms

  Per-system step-physics profile (1000 prepared sample 2):
  :gravity                                 7.893 ms
  :hydro-em                                8.348 ms
  :warp                                    0.004 ms
  :observer-accel                          0.292 ms
  :player-thrust                           0.011 ms
  :dark-matter                             0.234 ms
  :thermal-intervention                    0.003 ms
  :integrator                              6.438 ms
    :integrator/comp-condensed             3.277 ms
    :integrator/temperature                1.065 ms
    :integrator/leapfrog                   0.674 ms
    :integrator/mass                       0.580 ms
    :integrator/rotation                   0.554 ms
    :integrator/force-accum                0.205 ms
    :integrator/composition                0.008 ms
  :rotation-integrator                     0.044 ms
  :structure                               9.026 ms
    :structure/gas-query                   8.422 ms
    :structure/gas-reduce                  0.462 ms
    :structure/resolved                    0.034 ms
  :eos                                     0.349 ms
  :motion-trail                            0.325 ms
  :classifier                              1.144 ms
    :classifier/transitions                1.082 ms
    :classifier/select                     0.013 ms
    :classifier/scan                       0.012 ms
    :classifier/write-set                  0.002 ms
  :classification                          0.262 ms
  :handoff                                 0.126 ms
  :condensation-seeder                     0.011 ms
  :field                                   0.666 ms
    :field/compute                         0.375 ms
    :field/scan                            0.265 ms
  :fusion                                  1.070 ms
    :fusion/burn                           1.040 ms
    :fusion/scan                           0.010 ms
  :stellar-sed                             0.147 ms
  :atmosphere-shells                       0.146 ms
  :nucleosynthesis                         0.363 ms
  :differentiation                         0.879 ms
  :deuterium-depletion                     0.236 ms
  :stellar-wind                            0.163 ms
    :stellar-wind/compute                  0.131 ms
    :stellar-wind/scan                     0.010 ms
    :stellar-wind/write-set                0.003 ms
  :wind-ablation                           0.042 ms
    :wind-ablation/scan                    0.012 ms
    :wind-ablation/write-set               0.010 ms
    :wind-ablation/compute                 0.006 ms
  :stellar-flare                           0.003 ms
  :xuv-atmospheric-escape                  0.181 ms
  :disc-identification                     0.203 ms
  :regime                                  0.735 ms
    :regime/classify                       0.573 ms
    :regime/write-set                      0.136 ms
  :collision-detection                     0.859 ms
  :fusion-promotion                        1.444 ms
    :fusion-promotion/evaluate             1.405 ms
    :fusion-promotion/scan                 0.014 ms
    :fusion-promotion/write-set            0.004 ms
  :sink-formation                          0.177 ms
  :disk-evolution                          0.214 ms
  :mass-transfer                           0.193 ms
  :neighbor-cache                          7.770 ms
    :neighbor-cache/rebuild                15.504 ms
    :neighbor-cache/build-entries          7.286 ms
    :neighbor-cache/build-map              0.327 ms
    :neighbor-cache/item-map               0.123 ms
    :neighbor-cache/evict                  0.006 ms
    :neighbor-cache/full-check             0.004 ms
    :neighbor-cache/scan-prior             0.003 ms
  :lod-scheduler                           0.244 ms
  :magnetosphere-coupling                  0.546 ms
    :magnetosphere/filter-winds            0.334 ms
    :magnetosphere/compute                 0.178 ms
    :magnetosphere/build-wind-data         0.005 ms
  :ecology                                 0.007 ms
  :debris-reaper                           1.331 ms
  :focus-zone                              0.124 ms
  :binding                                 0.098 ms
  :commitment                              0.014 ms
  :voxel-sculpt                            0.010 ms
  :voxel-carve                             0.009 ms
  :voxel-focus                             0.006 ms

  Per-system step-physics profile (1000 prepared sample 3):
  :gravity                                 7.965 ms
  :hydro-em                                10.143 ms
  :warp                                    0.005 ms
  :observer-accel                          0.315 ms
  :player-thrust                           0.007 ms
  :dark-matter                             0.255 ms
  :thermal-intervention                    0.003 ms
  :integrator                              7.810 ms
    :integrator/comp-condensed             4.340 ms
    :integrator/temperature                1.084 ms
    :integrator/leapfrog                   0.713 ms
    :integrator/rotation                   0.690 ms
    :integrator/mass                       0.632 ms
    :integrator/force-accum                0.267 ms
    :integrator/composition                0.007 ms
  :rotation-integrator                     0.053 ms
  :structure                               8.056 ms
    :structure/gas-query                   7.200 ms
    :structure/gas-reduce                  0.613 ms
    :structure/resolved                    0.061 ms
  :eos                                     0.377 ms
  :motion-trail                            0.457 ms
  :classifier                              1.634 ms
    :classifier/transitions                1.565 ms
    :classifier/scan                       0.014 ms
    :classifier/select                     0.012 ms
    :classifier/write-set                  0.002 ms
  :classification                          0.183 ms
  :handoff                                 0.083 ms
  :condensation-seeder                     0.008 ms
  :field                                   0.655 ms
    :field/compute                         0.365 ms
    :field/scan                            0.278 ms
  :fusion                                  0.948 ms
    :fusion/burn                           0.933 ms
    :fusion/scan                           0.006 ms
  :stellar-sed                             0.079 ms
  :atmosphere-shells                       0.075 ms
  :nucleosynthesis                         0.272 ms
  :differentiation                         0.643 ms
  :deuterium-depletion                     0.144 ms
  :stellar-wind                            0.111 ms
    :stellar-wind/compute                  0.091 ms
    :stellar-wind/scan                     0.005 ms
    :stellar-wind/write-set                0.002 ms
  :wind-ablation                           0.038 ms
    :wind-ablation/write-set               0.009 ms
    :wind-ablation/scan                    0.009 ms
    :wind-ablation/compute                 0.005 ms
  :stellar-flare                           0.003 ms
  :xuv-atmospheric-escape                  0.097 ms
  :disc-identification                     0.083 ms
  :regime                                  0.495 ms
    :regime/classify                       0.390 ms
    :regime/write-set                      0.096 ms
  :collision-detection                     0.575 ms
  :fusion-promotion                        1.100 ms
    :fusion-promotion/evaluate             1.074 ms
    :fusion-promotion/scan                 0.011 ms
    :fusion-promotion/write-set            0.003 ms
  :sink-formation                          0.126 ms
  :disk-evolution                          0.195 ms
  :mass-transfer                           0.231 ms
  :neighbor-cache                          8.920 ms
    :neighbor-cache/rebuild                17.786 ms
    :neighbor-cache/build-entries          8.419 ms
    :neighbor-cache/build-map              0.310 ms
    :neighbor-cache/item-map               0.142 ms
    :neighbor-cache/evict                  0.011 ms
    :neighbor-cache/full-check             0.004 ms
    :neighbor-cache/scan-prior             0.003 ms
  :lod-scheduler                           0.158 ms
  :magnetosphere-coupling                  0.357 ms
    :magnetosphere/filter-winds            0.190 ms
    :magnetosphere/compute                 0.123 ms
    :magnetosphere/build-wind-data         0.007 ms
  :ecology                                 0.006 ms
  :debris-reaper                           0.972 ms
  :focus-zone                              0.080 ms
  :binding                                 0.029 ms
  :commitment                              0.010 ms
  :voxel-sculpt                            0.007 ms
  :voxel-carve                             0.006 ms
  :voxel-focus                             0.005 ms

  Per-system step-physics profile (1000 prepared sample 4):
  :gravity                                 6.689 ms
  :hydro-em                                10.249 ms
  :warp                                    0.004 ms
  :observer-accel                          0.284 ms
  :player-thrust                           0.006 ms
  :dark-matter                             0.226 ms
  :thermal-intervention                    0.003 ms
  :integrator                              6.400 ms
    :integrator/comp-condensed             3.307 ms
    :integrator/temperature                0.918 ms
    :integrator/leapfrog                   0.696 ms
    :integrator/rotation                   0.615 ms
    :integrator/mass                       0.559 ms
    :integrator/force-accum                0.230 ms
    :integrator/composition                0.007 ms
  :rotation-integrator                     0.051 ms
  :structure                               8.248 ms
    :structure/gas-query                   7.274 ms
    :structure/gas-reduce                  0.709 ms
    :structure/resolved                    0.061 ms
  :eos                                     0.391 ms
  :motion-trail                            0.468 ms
  :classifier                              1.552 ms
    :classifier/transitions                1.497 ms
    :classifier/select                     0.013 ms
    :classifier/scan                       0.010 ms
    :classifier/write-set                  0.002 ms
  :classification                          0.231 ms
  :handoff                                 0.105 ms
  :condensation-seeder                     0.010 ms
  :field                                   0.556 ms
    :field/compute                         0.361 ms
    :field/scan                            0.182 ms
  :fusion                                  1.209 ms
    :fusion/burn                           1.178 ms
    :fusion/scan                           0.007 ms
  :stellar-sed                             0.074 ms
  :atmosphere-shells                       0.066 ms
  :nucleosynthesis                         0.240 ms
  :differentiation                         0.562 ms
  :deuterium-depletion                     0.128 ms
  :stellar-wind                            0.103 ms
    :stellar-wind/compute                  0.082 ms
    :stellar-wind/scan                     0.005 ms
    :stellar-wind/write-set                0.003 ms
  :wind-ablation                           0.053 ms
    :wind-ablation/write-set               0.012 ms
    :wind-ablation/scan                    0.008 ms
    :wind-ablation/compute                 0.006 ms
  :stellar-flare                           0.003 ms
  :xuv-atmospheric-escape                  0.086 ms
  :disc-identification                     0.076 ms
  :regime                                  0.534 ms
    :regime/classify                       0.426 ms
    :regime/write-set                      0.091 ms
  :collision-detection                     0.493 ms
  :fusion-promotion                        0.922 ms
    :fusion-promotion/evaluate             0.847 ms
    :fusion-promotion/scan                 0.021 ms
    :fusion-promotion/write-set            0.003 ms
  :sink-formation                          0.097 ms
  :disk-evolution                          0.140 ms
  :mass-transfer                           0.170 ms
  :neighbor-cache                          6.843 ms
    :neighbor-cache/rebuild                13.659 ms
    :neighbor-cache/build-entries          6.391 ms
    :neighbor-cache/build-map              0.254 ms
    :neighbor-cache/item-map               0.167 ms
    :neighbor-cache/evict                  0.009 ms
    :neighbor-cache/full-check             0.004 ms
    :neighbor-cache/scan-prior             0.002 ms
  :lod-scheduler                           0.080 ms
  :magnetosphere-coupling                  0.205 ms
    :magnetosphere/filter-winds            0.117 ms
    :magnetosphere/compute                 0.074 ms
    :magnetosphere/build-wind-data         0.004 ms
  :ecology                                 0.003 ms
  :debris-reaper                           0.457 ms
  :focus-zone                              0.046 ms
  :binding                                 0.028 ms
  :commitment                              0.007 ms
  :voxel-sculpt                            0.006 ms
  :voxel-carve                             0.004 ms
  :voxel-focus                             0.004 ms
