
--- grid-uniform-1000 ---
  Mean:   1.6 ms
  Range:  1.3 ms — 2.3 ms

--- grid-clustered-1000 ---
  Mean:   2.0 ms
  Range:  2.0 ms — 2.1 ms

--- neighbor-rebuild-500 ---
  Mean:   5.9 ms
  Range:  3.5 ms — 7.9 ms

--- neighbor-rebuild-1000 ---
  Mean:   12.3 ms
  Range:  7.7 ms — 20.4 ms

  Realistic tick-world phase profile (500 particles, 10 samples avg):
{:observer-system 0.24567210000000003,
 :samples 10,
 :system-summary 1.2051145,
 :events+clock 1.3615289000000002,
 :detect+complexity 0.1981307,
 :pacing 1.7816325000000002,
 :advance-com-spatial 7.115956,
 :total 56.18723620000001,
 :stats-of 0.6038786,
 :expire+materialize 0.05733100000000001,
 :step-physics 43.6179919}

  Per-system step-physics profile (initial w500, one sample each):

  Per-system step-physics profile (initial w500):
  :gravity                                 3.201 ms
  :hydro-em                                2.896 ms
  :warp                                    0.013 ms
  :observer-accel                          0.704 ms
  :player-thrust                           0.019 ms
  :dark-matter                             0.142 ms
  :thermal-intervention                    0.007 ms
  :integrator                              8.129 ms
    :integrator/leapfrog                   2.806 ms
    :integrator/comp-condensed             2.194 ms
    :integrator/temperature                0.867 ms
    :integrator/force-accum                0.675 ms
    :integrator/rotation                   0.542 ms
    :integrator/mass                       0.401 ms
    :integrator/composition                0.015 ms
  :rotation-integrator                     0.110 ms
  :structure                               17.900 ms
    :structure/gas-query                   14.433 ms
    :structure/gas-reduce                  1.756 ms
    :structure/resolved                    0.220 ms
  :eos                                     1.590 ms
  :motion-trail                            2.230 ms
  :classifier                              7.834 ms
    :classifier/transitions                5.273 ms
    :classifier/scan                       0.519 ms
    :classifier/select                     0.077 ms
    :classifier/write-set                  0.011 ms
  :classification                          1.611 ms
  :handoff                                 0.954 ms
  :condensation-seeder                     0.039 ms
  :field                                   6.593 ms
    :field/compute                         4.529 ms
    :field/scan                            1.804 ms
  :fusion                                  5.426 ms
    :fusion/burn                           4.644 ms
    :fusion/scan                           0.630 ms
  :stellar-sed                             1.734 ms
  :atmosphere-shells                       1.431 ms
  :nucleosynthesis                         2.502 ms
  :differentiation                         5.395 ms
  :deuterium-depletion                     1.611 ms
  :stellar-wind                            2.127 ms
    :stellar-wind/scan                     1.068 ms
    :stellar-wind/compute                  0.707 ms
    :stellar-wind/write-set                0.034 ms
  :wind-ablation                           0.553 ms
    :wind-ablation/scan                    0.121 ms
    :wind-ablation/write-set               0.051 ms
    :wind-ablation/compute                 0.041 ms
  :stellar-flare                           0.022 ms
  :xuv-atmospheric-escape                  1.529 ms
  :disc-identification                     0.339 ms
  :regime                                  1.347 ms
    :regime/classify                       1.225 ms
    :regime/write-set                      0.069 ms
  :collision-detection                     0.646 ms
  :fusion-promotion                        1.065 ms
    :fusion-promotion/evaluate             0.801 ms
    :fusion-promotion/scan                 0.187 ms
    :fusion-promotion/write-set            0.007 ms
  :sink-formation                          0.336 ms
  :disk-evolution                          0.250 ms
  :mass-transfer                           0.372 ms
  :neighbor-cache                          1.609 ms
    :neighbor-cache/rebuild                2.953 ms
    :neighbor-cache/build-entries          0.959 ms
    :neighbor-cache/scan-prior             0.274 ms
    :neighbor-cache/evict                  0.133 ms
    :neighbor-cache/build-map              0.020 ms
    :neighbor-cache/full-check             0.019 ms
    :neighbor-cache/item-map               0.013 ms
  :lod-scheduler                           0.132 ms
  :magnetosphere-coupling                  0.250 ms
    :magnetosphere/filter-winds            0.145 ms
    :magnetosphere/compute                 0.076 ms
    :magnetosphere/build-wind-data         0.004 ms
  :ecology                                 0.314 ms
  :debris-reaper                           0.326 ms
  :focus-zone                              0.081 ms
  :binding                                 0.038 ms
  :commitment                              0.020 ms
  :voxel-sculpt                            0.006 ms
  :voxel-carve                             0.006 ms
  :voxel-focus                             0.005 ms

  Per-system step-physics profile (world1 with spatial tree):
  :gravity                                 118.606 ms
  :hydro-em                                5.365 ms
  :warp                                    0.014 ms
  :observer-accel                          0.412 ms
  :player-thrust                           0.021 ms
  :dark-matter                             0.132 ms
  :thermal-intervention                    0.007 ms
  :integrator                              27.878 ms
    :integrator/comp-condensed             18.290 ms
    :integrator/rotation                   5.223 ms
    :integrator/leapfrog                   1.363 ms
    :integrator/force-accum                1.054 ms
    :integrator/temperature                0.866 ms
    :integrator/mass                       0.517 ms
    :integrator/composition                0.015 ms
  :rotation-integrator                     0.471 ms
  :structure                               41.753 ms
    :structure/gas-query                   37.027 ms
    :structure/gas-reduce                  2.417 ms
    :structure/resolved                    0.251 ms
  :eos                                     1.920 ms
  :motion-trail                            1.858 ms
  :classifier                              6.623 ms
    :classifier/transitions                5.629 ms
    :classifier/scan                       0.587 ms
    :classifier/select                     0.070 ms
    :classifier/write-set                  0.011 ms
  :classification                          0.163 ms
  :handoff                                 0.072 ms
  :condensation-seeder                     0.010 ms
  :field                                   1.170 ms
    :field/compute                         0.638 ms
    :field/scan                            0.488 ms
  :fusion                                  0.498 ms
    :fusion/burn                           0.406 ms
    :fusion/scan                           0.076 ms
  :stellar-sed                             0.087 ms
  :atmosphere-shells                       0.081 ms
  :nucleosynthesis                         0.258 ms
  :differentiation                         0.659 ms
  :deuterium-depletion                     0.194 ms
  :stellar-wind                            0.280 ms
    :stellar-wind/scan                     0.149 ms
    :stellar-wind/compute                  0.091 ms
    :stellar-wind/write-set                0.006 ms
  :wind-ablation                           0.063 ms
    :wind-ablation/scan                    0.019 ms
    :wind-ablation/write-set               0.012 ms
    :wind-ablation/compute                 0.009 ms
  :stellar-flare                           0.007 ms
  :xuv-atmospheric-escape                  0.215 ms
  :disc-identification                     0.146 ms
  :regime                                  0.879 ms
    :regime/classify                       0.762 ms
    :regime/write-set                      0.070 ms
  :collision-detection                     0.328 ms
  :fusion-promotion                        0.528 ms
    :fusion-promotion/evaluate             0.419 ms
    :fusion-promotion/scan                 0.084 ms
    :fusion-promotion/write-set            0.005 ms
  :sink-formation                          0.175 ms
  :disk-evolution                          0.114 ms
  :mass-transfer                           0.193 ms
  :neighbor-cache                          7.966 ms
    :neighbor-cache/rebuild                15.742 ms
    :neighbor-cache/build-entries          7.471 ms
    :neighbor-cache/build-map              0.225 ms
    :neighbor-cache/item-map               0.088 ms
    :neighbor-cache/scan-prior             0.058 ms
    :neighbor-cache/evict                  0.018 ms
    :neighbor-cache/full-check             0.004 ms
  :lod-scheduler                           0.201 ms
  :magnetosphere-coupling                  0.474 ms
    :magnetosphere/filter-winds            0.229 ms
    :magnetosphere/compute                 0.171 ms
    :magnetosphere/build-wind-data         0.006 ms
  :ecology                                 0.014 ms
  :debris-reaper                           0.645 ms
  :focus-zone                              0.108 ms
  :binding                                 0.051 ms
  :commitment                              0.026 ms
  :voxel-sculpt                            0.006 ms
  :voxel-carve                             0.006 ms
  :voxel-focus                             0.006 ms

--- phase0-500 ---
  Mean:   25.9 ms
  Range:  19.8 ms — 35.6 ms

--- phase0-1000 ---
  Mean:   60.5 ms
  Range:  40.5 ms — 86.3 ms

  Overhead functions measured on post-physics world (500 particles):

  Tick overhead breakdown (500 particles):

  System Breakdown (500 particles, one tick):
  Measuring individual system costs to identify the bottleneck.

  Step-physics parallel vs sequential (500 particles):

  Parallel vs Sequential (500 particles):

  Multi-tick Scaling (500 particles):

  Phase 0 Tick Analysis:
    Target: 16.6ms per tick for 60 Hz rendering.
    If tick > 16.6ms, identify the dominant system above.
    Gravity is usually the bottleneck at high N.
    SPH/EM neighbor queries scale with particle count.
    Collision cost depends on body density (overlaps).
    If parallel ≈ sequential: check write-set sizes.
