
 Version: 2.1
 Chunks: 1
 Start: 2026-10-06 22:10:14 (UTC)
 Duration: 45 s

 Event Type                              Count  Size (bytes) 
=============================================================
 jdk.ThreadCPULoad                        3075         58397
 jdk.ExecutionSample                      1858         25543
 jdk.NativeMethodSample                   1391         18092
 jdk.Checkpoint                            138        392351
 jdk.GarbageCollection                      71          1846
 jdk.GCPhasePause                           71          1846
 jdk.CPULoad                                44           924
 jdk.Metadata                                1        103289
 jdk.DirectBufferStatistics                  0             0
 jdk.InitialSecurityProperty                 0             0
 jdk.ResidentSetSize                         0             0
 jdk.ThreadSleep                             0             0
 jdk.ThreadStart                             0             0
 jdk.ThreadEnd                               0             0
 jdk.ThreadPark                              0             0
 jdk.JavaMonitorEnter                        0             0
 jdk.JavaMonitorWait                         0             0
 jdk.JavaMonitorInflate                      0             0
 jdk.SyncOnValueBasedClass                   0             0
 jdk.ContinuationFreeze                      0             0
 jdk.ContinuationThaw                        0             0
 jdk.ContinuationFreezeFast                  0             0
 jdk.ContinuationFreezeSlow                  0             0
 jdk.ContinuationThawFast                    0             0
 jdk.ContinuationThawSlow                    0             0
 jdk.ReservedStackActivation                 0             0
 jdk.ClassLoad                               0             0
 jdk.ClassDefine                             0             0
 jdk.ClassRedefinition                       0             0
 jdk.RedefineClasses                         0             0
 jdk.RetransformClasses                      0             0
 jdk.ClassUnload                             0             0
 jdk.IntFlagChanged                          0             0
 jdk.UnsignedIntFlagChanged                  0             0
 jdk.LongFlagChanged                         0             0
 jdk.UnsignedLongFlagChanged                 0             0
 jdk.DoubleFlagChanged                       0             0
 jdk.BooleanFlagChanged                      0             0
 jdk.StringFlagChanged                       0             0
 jdk.GCHeapSummary                           0             0
 jdk.GCHeapMemoryUsage                       0             0
 jdk.GCHeapMemoryPoolUsage                   0             0
 jdk.MetaspaceSummary                        0             0
 jdk.MetaspaceGCThreshold                    0             0
 jdk.MetaspaceAllocationFailure              0             0
 jdk.MetaspaceOOM                            0             0
 jdk.MetaspaceChunkFreeListSummary           0             0
 jdk.PSHeapSummary                           0             0
 jdk.G1HeapSummary                           0             0
 jdk.SystemGC                                0             0
 jdk.ParallelOldGarbageCollection            0             0
 jdk.YoungGarbageCollection                  0             0
 jdk.OldGarbageCollection                    0             0
 jdk.G1GarbageCollection                     0             0
 jdk.G1MMU                                   0             0
 jdk.EvacuationInformation                   0             0
 jdk.GCReferenceStatistics                   0             0
 jdk.ObjectCountAfterGC                      0             0
 jdk.G1EvacuationYoungStatistics             0             0
 jdk.G1EvacuationOldStatistics               0             0
 jdk.G1BasicIHOP                             0             0
 jdk.G1AdaptiveIHOP                          0             0
 jdk.PromoteObjectInNewPLAB                  0             0
 jdk.PromoteObjectOutsidePLAB                0             0
 jdk.PromotionFailed                         0             0
 jdk.EvacuationFailed                        0             0
 jdk.ConcurrentModeFailure                   0             0
 jdk.GCCPUTime                               0             0
 jdk.GCPhasePauseLevel1                      0             0
 jdk.GCPhasePauseLevel2                      0             0
 jdk.GCPhasePauseLevel3                      0             0
 jdk.GCPhasePauseLevel4                      0             0
 jdk.GCPhaseConcurrent                       0             0
 jdk.GCPhaseConcurrentLevel1                 0             0
 jdk.GCPhaseConcurrentLevel2                 0             0
 jdk.GCPhaseParallel                         0             0
 jdk.AllocationRequiringGC                   0             0
 jdk.TenuringDistribution                    0             0
 jdk.G1HeapRegionTypeChange                  0             0
 jdk.JITRestart                              0             0
 jdk.Compilation                             0             0
 jdk.CompilerPhase                           0             0
 jdk.CompilationFailure                      0             0
 jdk.CompilerInlining                        0             0
 jdk.CodeCacheFull                           0             0
 jdk.Deoptimization                          0             0
 jdk.SafepointBegin                          0             0
 jdk.SafepointStateSynchronization           0             0
 jdk.SafepointCleanup                        0             0
 jdk.SafepointCleanupTask                    0             0
 jdk.SafepointEnd                            0             0
 jdk.ExecuteVMOperation                      0             0
 jdk.Shutdown                                0             0
 jdk.ObjectAllocationInNewTLAB               0             0
 jdk.ObjectAllocationOutsideTLAB             0             0
 jdk.ObjectAllocationSample                  0             0
 jdk.OldObjectSample                         0             0
 jdk.NativeMemoryUsage                       0             0
 jdk.NativeMemoryUsageTotal                  0             0
 jdk.DumpReason                              0             0
 jdk.DataLoss                                0             0
 jdk.JVMInformation                          0             0
 jdk.OSInformation                           0             0
 jdk.VirtualizationInformation               0             0
 jdk.InitialSystemProperty                   0             0
 jdk.InitialEnvironmentVariable              0             0
 jdk.SystemProcess                           0             0
 jdk.CPUInformation                          0             0
 jdk.CPUTimeStampCounter                     0             0
 jdk.ThreadContextSwitchRate                 0             0
 jdk.NetworkUtilization                      0             0
 jdk.JavaThreadStatistics                    0             0
 jdk.ClassLoadingStatistics                  0             0
 jdk.ClassLoaderStatistics                   0             0
 jdk.SymbolTableStatistics                   0             0
 jdk.StringTableStatistics                   0             0
 jdk.ThreadAllocationStatistics              0             0
 jdk.PhysicalMemory                          0             0
 jdk.ThreadDump                              0             0
 jdk.NativeLibrary                           0             0
 jdk.ModuleRequire                           0             0
 jdk.ModuleExport                            0             0
 jdk.CompilerStatistics                      0             0
 jdk.CompilerConfiguration                   0             0
 jdk.CodeCacheStatistics                     0             0
 jdk.CodeCacheConfiguration                  0             0
 jdk.IntFlag                                 0             0
 jdk.UnsignedIntFlag                         0             0
 jdk.LongFlag                                0             0
 jdk.UnsignedLongFlag                        0             0
 jdk.DoubleFlag                              0             0
 jdk.BooleanFlag                             0             0
 jdk.StringFlag                              0             0
 jdk.ObjectCount                             0             0
 jdk.G1HeapRegionInformation                 0             0
 jdk.GCConfiguration                         0             0
 jdk.GCSurvivorConfiguration                 0             0
 jdk.GCTLABConfiguration                     0             0
 jdk.GCHeapConfiguration                     0             0
 jdk.YoungGenerationConfiguration            0             0
 jdk.SecurityProviderService                 0             0
 jdk.ZYoungGarbageCollection                 0             0
 jdk.ZOldGarbageCollection                   0             0
 jdk.ZAllocationStall                        0             0
 jdk.ZPageAllocation                         0             0
 jdk.ZRelocationSet                          0             0
 jdk.ZRelocationSetGroup                     0             0
 jdk.ZStatisticsCounter                      0             0
 jdk.ZStatisticsSampler                      0             0
 jdk.ZThreadPhase                            0             0
 jdk.ZUncommit                               0             0
 jdk.ZUnmap                                  0             0
 jdk.ShenandoahHeapRegionStateChange         0             0
 jdk.ShenandoahHeapRegionInformation         0             0
 jdk.ContainerConfiguration                  0             0
 jdk.Flush                                   0             0
 jdk.HeapDump                                0             0
 jdk.GCLocker                                0             0
 jdk.FinalizerStatistics                     0             0
 jdk.ContainerCPUUsage                       0             0
 jdk.JavaAgent                               0             0
 jdk.NativeAgent                             0             0
 jdk.ContainerCPUThrottling                  0             0
 jdk.ContainerMemoryUsage                    0             0
 jdk.ContainerIOUsage                        0             0
 jdk.FileForce                               0             0
 jdk.FileRead                                0             0
 jdk.FileWrite                               0             0
 jdk.SocketRead                              0             0
 jdk.SocketWrite                             0             0
 jdk.JavaExceptionThrow                      0             0
 jdk.ExceptionStatistics                     0             0
 jdk.JavaErrorThrow                          0             0
 jdk.ActiveSetting                           0             0
 jdk.ActiveRecording                         0             0
 jdk.Deserialization                         0             0
 jdk.ProcessStart                            0             0
 jdk.SecurityPropertyModification            0             0
 jdk.TLSHandshake                            0             0
 jdk.VirtualThreadStart                      0             0
 jdk.VirtualThreadEnd                        0             0
 jdk.VirtualThreadPinned                     0             0
 jdk.VirtualThreadSubmitFailed               0             0
 jdk.X509Certificate                         0             0
 jdk.X509Validation                          0             0
