
Testing demo-test

FAIL in (wait-failure-restores-exact-pause-settings) (demo_test.clj:55)
preserve present, nil, and absent settings: (:tick-fn :on-step :mode)
expected: (= (assoc prior :independent-change :preserved) (clojure.core/deref config))
  actual: (not (= {:tick-fn #object[clojure.core$inc 0x4ab56032 "clojure.core$inc@4ab56032"], :on-step #object[clojure.core$dec 0x66c162a5 "clojure.core$dec@66c162a5"], :mode :manual, :independent-change :preserved} {:tick-fn #object[clojure.core$identity 0x4f0aa08b "clojure.core$identity@4f0aa08b"], :on-step #object[clojure.core$identity 0x4f0aa08b "clojure.core$identity@4f0aa08b"], :mode :manual, :independent-change :preserved}))

FAIL in (wait-failure-restores-exact-pause-settings) (demo_test.clj:55)
preserve present, nil, and absent settings: (:tick-fn :mode)
expected: (= (assoc prior :independent-change :preserved) (clojure.core/deref config))
  actual: (not (= {:tick-fn nil, :mode :manual, :independent-change :preserved} {:tick-fn #object[clojure.core$identity 0x4f0aa08b "clojure.core$identity@4f0aa08b"], :mode :manual, :on-step #object[clojure.core$identity 0x4f0aa08b "clojure.core$identity@4f0aa08b"], :independent-change :preserved}))

FAIL in (wait-failure-restores-exact-pause-settings) (demo_test.clj:55)
preserve present, nil, and absent settings: (:mode)
expected: (= (assoc prior :independent-change :preserved) (clojure.core/deref config))
  actual: (not (= {:mode :manual, :independent-change :preserved} {:mode :manual, :tick-fn #object[clojure.core$identity 0x4f0aa08b "clojure.core$identity@4f0aa08b"], :on-step #object[clojure.core$identity 0x4f0aa08b "clojure.core$identity@4f0aa08b"], :independent-change :preserved}))

FAIL in (timeout-restores-running-pipeline) (demo_test.clj:65)
expected: (= prior (clojure.core/deref (:config s)))
  actual: (not (= {:tick-fn #object[clojure.core$inc 0x4ab56032 "clojure.core$inc@4ab56032"], :on-step #object[clojure.core$dec 0x66c162a5 "clojure.core$dec@66c162a5"], :mode :manual} {:tick-fn #object[clojure.core$identity 0x4f0aa08b "clojure.core$identity@4f0aa08b"], :on-step #object[clojure.core$identity 0x4f0aa08b "clojure.core$identity@4f0aa08b"], :mode :manual}))

FAIL in (interrupted-wait-restores-absent-settings) (demo_test.clj:73)
expected: (= {:mode :manual} (clojure.core/deref (:config s)))
  actual: (not (= {:mode :manual} {:mode :manual, :tick-fn #object[clojure.core$identity 0x4f0aa08b "clojure.core$identity@4f0aa08b"], :on-step #object[clojure.core$identity 0x4f0aa08b "clojure.core$identity@4f0aa08b"]}))

ERROR in (missing-form-does-not-connect) (demo_test.clj:22)
expected: (thrown-with-msg? IllegalArgumentException #"Usage:.*demo-client" (client/-main))
  actual: clojure.lang.ExceptionInfo: Unexpected connection
{}
 at demo_test$fn__15671$fn__15672.doInvoke (demo_test.clj:22)
    clojure.lang.RestFn.invoke (RestFn.java:457)
    demo_client$_main.invokeStatic (demo_client.clj:9)
    demo_client$_main.doInvoke (demo_client.clj:5)
    clojure.lang.RestFn.invoke (RestFn.java:397)
    demo_test$fn__15671$fn__15676$fn__15677.invoke (demo_test.clj:25)
    demo_test$fn__15671$fn__15676.invoke (demo_test.clj:24)
    clojure.core$with_redefs_fn.invokeStatic (core.clj:7582)
    clojure.core$with_redefs_fn.invoke (core.clj:7566)
    demo_test$fn__15671.invokeStatic (demo_test.clj:21)
    demo_test/fn (demo_test.clj:19)
    clojure.test$test_var$fn__9856.invoke (test.clj:717)
    clojure.test$test_var.invokeStatic (test.clj:717)
    clojure.test$test_var.invoke (test.clj:708)
    clojure.test$test_vars$fn__9882$fn__9887.invoke (test.clj:735)
    clojure.test$default_fixture.invokeStatic (test.clj:687)
    clojure.test$default_fixture.invoke (test.clj:683)
    clojure.test$test_vars$fn__9882.invoke (test.clj:735)
    clojure.test$default_fixture.invokeStatic (test.clj:687)
    clojure.test$default_fixture.invoke (test.clj:683)
    clojure.test$test_vars.invokeStatic (test.clj:731)
    clojure.test$test_all_vars.invokeStatic (test.clj:737)
    clojure.test$test_ns.invokeStatic (test.clj:758)
    clojure.test$test_ns.invoke (test.clj:743)
    clojure.core$map$fn__5935.invoke (core.clj:2772)
    clojure.lang.LazySeq.sval (LazySeq.java:42)
    clojure.lang.LazySeq.seq (LazySeq.java:51)
    clojure.lang.Cons.next (Cons.java:39)
    clojure.lang.RT.boundedLength (RT.java:1790)
    clojure.lang.RestFn.applyTo (RestFn.java:130)
    clojure.core$apply.invokeStatic (core.clj:669)
    clojure.test$run_tests.invokeStatic (test.clj:768)
    clojure.test$run_tests.doInvoke (test.clj:768)
    clojure.lang.RestFn.invoke (RestFn.java:408)
    demo_test$_main.invokeStatic (demo_test.clj:93)
    demo_test$_main.doInvoke (demo_test.clj:90)
    clojure.lang.RestFn.invoke (RestFn.java:397)
    clojure.lang.AFn.applyToHelper (AFn.java:152)
    clojure.lang.RestFn.applyTo (RestFn.java:132)
    clojure.lang.Var.applyTo (Var.java:705)
    clojure.core$apply.invokeStatic (core.clj:667)
    clojure.main$main_opt.invokeStatic (main.clj:514)
    clojure.main$main_opt.invoke (main.clj:510)
    clojure.main$main.invokeStatic (main.clj:664)
    clojure.main$main.doInvoke (main.clj:616)
    clojure.lang.RestFn.applyTo (RestFn.java:137)
    clojure.lang.Var.applyTo (Var.java:705)
    clojure.main.main (main.java:40)

FAIL in (missing-form-does-not-connect) (demo_test.clj:26)
expected: (zero? (clojure.core/deref connections))
  actual: (not (zero? 1))

ERROR in (stopped-service-does-not-construct-a-world) (core.clj:2372)
expected: (thrown-with-msg? clojure.lang.ExceptionInfo #"Demo window is not running" (demo/prepare-formation!))
  actual: java.lang.NullPointerException: Cannot invoke "clojure.lang.IAtom.swap(clojure.lang.IFn, Object, Object, clojure.lang.ISeq)" because "atom" is null
 at clojure.core$swap_BANG_.invokeStatic (core.clj:2372)
    clojure.core$swap_BANG_.doInvoke (core.clj:2362)
    clojure.lang.RestFn.invoke (RestFn.java:529)
    demo$prepare_formation_BANG_.invokeStatic (demo.clj:175)
    demo$prepare_formation_BANG_.invoke (demo.clj:163)
    demo_test$fn__15685$fn__15688$fn__15689.invoke (demo_test.clj:33)
    demo_test$fn__15685$fn__15688.invoke (demo_test.clj:32)
    clojure.core$with_redefs_fn.invokeStatic (core.clj:7582)
    clojure.core$with_redefs_fn.invoke (core.clj:7566)
    demo_test$fn__15685.invokeStatic (demo_test.clj:30)
    demo_test/fn (demo_test.clj:28)
    clojure.test$test_var$fn__9856.invoke (test.clj:717)
    clojure.test$test_var.invokeStatic (test.clj:717)
    clojure.test$test_var.invoke (test.clj:708)
    clojure.test$test_vars$fn__9882$fn__9887.invoke (test.clj:735)
    clojure.test$default_fixture.invokeStatic (test.clj:687)
    clojure.test$default_fixture.invoke (test.clj:683)
    clojure.test$test_vars$fn__9882.invoke (test.clj:735)
    clojure.test$default_fixture.invokeStatic (test.clj:687)
    clojure.test$default_fixture.invoke (test.clj:683)
    clojure.test$test_vars.invokeStatic (test.clj:731)
    clojure.test$test_all_vars.invokeStatic (test.clj:737)
    clojure.test$test_ns.invokeStatic (test.clj:758)
    clojure.test$test_ns.invoke (test.clj:743)
    clojure.core$map$fn__5935.invoke (core.clj:2772)
    clojure.lang.LazySeq.sval (LazySeq.java:42)
    clojure.lang.LazySeq.seq (LazySeq.java:51)
    clojure.lang.Cons.next (Cons.java:39)
    clojure.lang.RT.boundedLength (RT.java:1790)
    clojure.lang.RestFn.applyTo (RestFn.java:130)
    clojure.core$apply.invokeStatic (core.clj:669)
    clojure.test$run_tests.invokeStatic (test.clj:768)
    clojure.test$run_tests.doInvoke (test.clj:768)
    clojure.lang.RestFn.invoke (RestFn.java:408)
    demo_test$_main.invokeStatic (demo_test.clj:93)
    demo_test$_main.doInvoke (demo_test.clj:90)
    clojure.lang.RestFn.invoke (RestFn.java:397)
    clojure.lang.AFn.applyToHelper (AFn.java:152)
    clojure.lang.RestFn.applyTo (RestFn.java:132)
    clojure.lang.Var.applyTo (Var.java:705)
    clojure.core$apply.invokeStatic (core.clj:667)
    clojure.main$main_opt.invokeStatic (main.clj:514)
    clojure.main$main_opt.invoke (main.clj:510)
    clojure.main$main.invokeStatic (main.clj:664)
    clojure.main$main.doInvoke (main.clj:616)
    clojure.lang.RestFn.applyTo (RestFn.java:137)
    clojure.lang.Var.applyTo (Var.java:705)
    clojure.main.main (main.java:40)

FAIL in (stopped-service-does-not-construct-a-world) (demo_test.clj:34)
expected: (zero? (clojure.core/deref seeds))
  actual: (not (zero? 1))

Ran 6 tests containing 23 assertions.
7 failures, 2 errors.
