{
  "started_at": "2026-10-07T09:03:51.550117+00:00",
  "base": "b395c4049718f7ce015ddf25fc0a192d97821373",
  "cwd": "/home/err/spaces/foresight/.worktrees/truth-ready-candidate-approach",
  "port": 7898,
  "budget_seconds": 1500,
  "work_budget_seconds": 1470,
  "startup_budget_seconds": 180,
  "startup_deadline": 31511.536222648,
  "startup_origin": "Caller monotonic instant before preflight; shared by all processes",
  "supervisor": {
    "pid": 2985836,
    "start": "3133155",
    "state": "R",
    "boot": "b04f7fb6-ea65-4b47-8866-73e24a6887f6",
    "cwd": "/home/err/spaces/foresight/.worktrees/truth-ready-candidate-approach",
    "exe": "/usr/bin/python3.12"
  },
  "supervisor_monotonic_started": 31331.536222648,
  "stage": "ready",
  "removed_inherited_jvm_option_keys": [
    "JAVA_OPTS"
  ],
  "java_executable": "/usr/lib/jvm/java-21-openjdk-amd64/bin/java",
  "frames": 0,
  "looks": 0,
  "holds": 0,
  "aim_invocations": 0,
  "aim_target": null,
  "active_aim": null,
  "aim_deadline": null,
  "successful_admission": null,
  "terminal_commitment": null,
  "no_target_deadline": 32291.536222648,
  "display": ":1",
  "xvfb": {
    "pid": 2985845,
    "start": "3133163",
    "state": "S",
    "boot": "b04f7fb6-ea65-4b47-8866-73e24a6887f6",
    "cwd": "/home/err/spaces/foresight/.worktrees/truth-ready-candidate-approach",
    "exe": "/usr/bin/Xvfb"
  },
  "app": {
    "pid": 2985932,
    "start": "3133386",
    "state": "S",
    "boot": "b04f7fb6-ea65-4b47-8866-73e24a6887f6",
    "cwd": "/home/err/spaces/foresight/.worktrees/truth-ready-candidate-approach",
    "exe": "/usr/lib/jvm/java-21-openjdk-amd64/bin/java"
  },
  "snapshot_client": {
    "pid": 2987284,
    "start": "3134593",
    "state": "S",
    "boot": "b04f7fb6-ea65-4b47-8866-73e24a6887f6",
    "cwd": "/home/err/spaces/foresight/.worktrees/truth-ready-candidate-approach",
    "exe": "/usr/lib/jvm/java-21-openjdk-amd64/bin/java"
  },
  "world": 51122017,
  "window": 135914576296432,
  "x-window": "2097159"
}
