
Running tests in #{"test"}

Testing architecture-test

Testing benchmark-coverage-test

Testing domain.arc-test

Testing domain.chemistry-system-test

Testing domain.chemistry-test

Testing domain.classifier-test

Testing domain.collision-malleability-test

Testing domain.commitment-test

Testing domain.condensation-seeder-test

Testing domain.debris-reaper-test

Testing domain.differentiation-test

Testing domain.disk-evolution-test
[disk-evolution] fragment spawn blocked: hill-clamp-below-floor eid 0 {:branch :gi, :r-hill-max-m 2.5580997604403305E10, :floor-m 4.487936121E10}
[disk-evolution] fragment spawn blocked: clump-scale-disk eid 0 {:branch :gi, :r-disk-m 1.495978646927621E15, :gate-m 1.495978707E13}

Testing domain.dominant-star-test

Testing domain.ecology-test

Testing domain.ecs.core-test

Testing domain.ecs.dsl-test

Testing domain.ecs.event-test

Testing domain.ecs.ledger-test

Testing domain.ecs.parallel-integration-test

Testing domain.ecs.rewind-test

Testing domain.ecs.tick-test

Testing domain.ecs.timeline-test

Testing domain.em-field-substrate-test

Testing domain.em-lorentz-test

Testing domain.em-test

Testing domain.eos-test

Testing domain.field-cell-test

Testing domain.field-test

Testing domain.focus-conservation-test

Testing domain.focus-zone-test

Testing domain.force-accumulator-test

Testing domain.formation-integration-test

Testing domain.formation-test

Testing domain.genesis.formation-progress-test

Testing domain.genesis.handoff-test

Testing domain.genesis-seed-test

Testing domain.genesis-test

Testing domain.gravity.barnes-hut-test

Testing domain.gravity.dark-matter-test

Testing domain.gravity.pair-softening-test

Testing domain.hydro-test

Testing domain.integrator.universal-substep-test
[fling-test] K observed at 5 AU, dt=80 yr (parent-orbit criterion): 142
[fling-test] max per-tick |Δv| over 1000 ticks: 13354.933910102105 m/s; max separation: 5.232640649001779 AU; E_J span: 184216.17256879807 vs |E0| = 2.883781984398975E9 ; z-crossings: 305 vs full-time ≈ 14179
[no-parent-test] K observed (acceleration criterion, no orbit): 112
[uniform-test] K observed (acceleration criterion, no gravity sources): 15
[slingshot-test] raw-Euler one-tick kick at periapsis (a·dt): 593286.4511859198 m/s
[slingshot-test] max per-tick |Δv|: 15882.065963301036 ; r range (AU): [9.046166136999053 19.27632431459561] ; E range: [-3.8419272363080636E7 -3.2885281004241325E7] vs E0 = -3.553638832641485E7 ; L/L0 range: [1.0074833900273419 1.187982339567031]

Testing domain.interior-test

Testing domain.intervention-test

Testing domain.life-arc-test

Testing domain.lod-test

Testing domain.mass-transfer-test

Testing domain.mhd-force-test

Testing domain.motion-trail-test

Testing domain.naming-test

Testing domain.narrative-test

Testing domain.narrowing-test

Testing domain.observer-influence-test

Testing domain.orbital.kepler-reuse-test

Testing domain.orbital.kepler-test

Testing domain.orbital.multi-timescale-regression-test
Observed K at 5 AU, dt=80 yr, live softening: 142

Testing domain.orbital.split-test

Testing domain.orbital.system-test

Testing domain.orbital-stability-test

Testing domain.physics.cache-test

Testing domain.physics.collision-test

Testing domain.physics.soa-cache-test

Testing domain.pilot-resolve-seam-test

Testing domain.player-test

Testing domain.profile-test

Testing domain.regime-test

Testing domain.rotation-test

Testing domain.spark-body-test

Testing domain.spatial.grid-query-contract-test

Testing domain.spatial.index-test

Testing domain.stellar-classification-test

Testing domain.stellar-test

Testing domain.stellar-wind-test

Testing domain.structure-test

Testing domain.time-slip-test

Testing domain.voxel-carve-test

Testing domain.voxel-focus-test

Testing domain.voxel-load-test

Testing domain.voxel-sculpt-test

Testing domain.warp-lifecycle-test

Testing domain.world-bootstrap-test

Testing infra.appearance-test

Testing infra.camera-test

Testing infra.dev.focus-cadence-test

Testing infra.dev.window-test

Testing infra.flight-precision-test

Testing infra.input-test

Testing infra.inspect-test

Testing infra.main-test

Testing infra.menu-test

Testing infra.render.asset-test

Testing infra.render.field-test

Testing infra.render.input-test

Testing infra.render.material-test

Testing infra.render.passes-test

Testing infra.render.scene.voxel-test

Testing infra.render.shader-test

Testing infra.render.trail-test

Testing infra.render.units-test

Testing infra.render-test

Testing law.composition-test

Testing law.contract-test

Testing law.ledger-test

Testing law.pair-softening-test

Testing law.plasma-test

Testing law.registry-test

Testing law.render-test

Testing law.seed-contract-test

Testing law.stellar-halo-test

Testing law.voxel-test

Testing shape.core-test

Testing shape.spatial-test

Ran 953 tests containing 16800 assertions.
0 failures, 0 errors.
