=== Gates of Truth Benchmark Suite ===
Date: Tue Oct  6 15:13:34 CDT 2026
Host: err-Stealth-16-AI-Studio-A1VGG

=== System Info ===
  JVM:      OpenJDK 64-Bit Server VM 21.0.12.1
  Cores:    22
  Heap:     6144 MB allocated
  PID:      2940110@err-Stealth-16-AI-Studio-A1VGG

Running 1 benchmark group(s): ["phase0"]

========================================================================

  BENCHMARK GROUP: Full Phase 0 Tick

========================================================================


  Realistic tick-world phase profile (500 particles, 10 samples avg):
{:observer-system 0.1625535,
 :samples 10,
 :system-summary 0.7021689,
 :events+clock 0.6962651,
 :detect+complexity 0.11327000000000001,
 :pacing 1.3070518,
 :advance-com-spatial 6.1437575,
 :total 43.9724368,
 :stats-of 0.7962186,
 :expire+materialize 0.046144599999999994,
 :step-physics 34.0050068}

  Per-system step-physics profile (initial w500, one sample each):

  Per-system step-physics profile (initial w500):
  :gravity                                 3.520 ms
  :hydro-em                                6.689 ms
  :warp                                    0.014 ms
  :observer-accel                          1.156 ms
  :player-thrust                           0.036 ms
  :dark-matter                             0.335 ms
  :thermal-intervention                    0.008 ms
  :integrator                              10.693 ms
    :integrator/comp-condensed             2.292 ms
    :integrator/leapfrog                   2.139 ms
    :integrator/temperature                2.080 ms
    :integrator/force-accum                1.823 ms
    :integrator/mass                       0.711 ms
    :integrator/rotation                   0.541 ms
    :integrator/composition                0.016 ms
  :rotation-integrator                     0.150 ms
  :structure                               3.207 ms
    :structure/gas-query                   2.439 ms
    :structure/gas-reduce                  0.105 ms
    :structure/resolved                    0.094 ms
  :eos                                     0.497 ms
  :motion-trail                            1.860 ms
  :classifier                              1.504 ms
    :classifier/transitions                1.084 ms
    :classifier/scan                       0.138 ms
    :classifier/select                     0.018 ms
    :classifier/write-set                  0.003 ms
  :classification                          0.223 ms
  :handoff                                 0.086 ms
  :condensation-seeder                     0.011 ms
  :field                                   1.139 ms
    :field/compute                         0.624 ms
    :field/scan                            0.480 ms
  :fusion                                  1.026 ms
    :fusion/burn                           0.857 ms
    :fusion/scan                           0.136 ms
  :stellar-sed                             0.192 ms
  :atmosphere-shells                       0.134 ms
  :nucleosynthesis                         0.222 ms
  :differentiation                         0.795 ms
  :deuterium-depletion                     0.147 ms
  :stellar-wind                            0.250 ms
    :stellar-wind/scan                     0.120 ms
    :stellar-wind/compute                  0.098 ms
    :stellar-wind/write-set                0.004 ms
  :wind-ablation                           0.044 ms
    :wind-ablation/scan                    0.014 ms
    :wind-ablation/write-set               0.009 ms
    :wind-ablation/compute                 0.006 ms
  :stellar-flare                           0.005 ms
  :xuv-atmospheric-escape                  0.172 ms
  :disc-identification                     0.168 ms
  :regime                                  1.297 ms
    :regime/classify                       1.201 ms
    :regime/write-set                      0.065 ms
  :collision-detection                     0.513 ms
  :fusion-promotion                        0.877 ms
    :fusion-promotion/evaluate             0.694 ms
    :fusion-promotion/scan                 0.145 ms
    :fusion-promotion/write-set            0.005 ms
  :sink-formation                          0.269 ms
  :disk-evolution                          0.199 ms
  :mass-transfer                           0.267 ms
  :neighbor-cache                          1.409 ms
    :neighbor-cache/rebuild                2.553 ms
    :neighbor-cache/build-entries          0.867 ms
    :neighbor-cache/scan-prior             0.231 ms
    :neighbor-cache/evict                  0.105 ms
    :neighbor-cache/full-check             0.015 ms
    :neighbor-cache/build-map              0.012 ms
    :neighbor-cache/item-map               0.008 ms
  :lod-scheduler                           0.260 ms
  :magnetosphere-coupling                  0.309 ms
    :magnetosphere/filter-winds            0.155 ms
    :magnetosphere/compute                 0.118 ms
    :magnetosphere/build-wind-data         0.005 ms
  :ecology                                 0.427 ms
  :debris-reaper                           1.039 ms
  :focus-zone                              0.142 ms
  :binding                                 0.082 ms
  :commitment                              0.039 ms
  :voxel-sculpt                            0.009 ms
  :voxel-carve                             0.007 ms
  :voxel-focus                             0.006 ms

  Per-system step-physics profile (world1 with spatial tree):
  :gravity                                 131.897 ms
  :hydro-em                                6.677 ms
  :warp                                    0.011 ms
  :observer-accel                          0.489 ms
  :player-thrust                           0.019 ms
  :dark-matter                             0.173 ms
  :thermal-intervention                    0.005 ms
  :integrator                              10.201 ms
    :integrator/temperature                2.871 ms
    :integrator/leapfrog                   2.457 ms
    :integrator/comp-condensed             2.452 ms
    :integrator/rotation                   0.733 ms
    :integrator/mass                       0.706 ms
    :integrator/force-accum                0.556 ms
    :integrator/composition                0.025 ms
  :rotation-integrator                     0.112 ms
  :structure                               5.802 ms
    :structure/gas-query                   5.097 ms
    :structure/gas-reduce                  0.367 ms
    :structure/resolved                    0.063 ms
  :eos                                     0.319 ms
  :motion-trail                            0.456 ms
  :classifier                              1.036 ms
    :classifier/transitions                0.885 ms
    :classifier/scan                       0.087 ms
    :classifier/select                     0.026 ms
    :classifier/write-set                  0.003 ms
  :classification                          0.415 ms
  :handoff                                 0.154 ms
  :condensation-seeder                     0.014 ms
  :field                                   0.957 ms
    :field/compute                         0.515 ms
    :field/scan                            0.401 ms
  :fusion                                  0.875 ms
    :fusion/burn                           0.729 ms
    :fusion/scan                           0.125 ms
  :stellar-sed                             0.165 ms
  :atmosphere-shells                       0.131 ms
  :nucleosynthesis                         0.220 ms
  :differentiation                         0.656 ms
  :deuterium-depletion                     0.159 ms
  :stellar-wind                            0.300 ms
    :stellar-wind/scan                     0.170 ms
    :stellar-wind/compute                  0.087 ms
    :stellar-wind/write-set                0.004 ms
  :wind-ablation                           0.070 ms
    :wind-ablation/scan                    0.027 ms
    :wind-ablation/write-set               0.011 ms
    :wind-ablation/compute                 0.008 ms
  :stellar-flare                           0.006 ms
  :xuv-atmospheric-escape                  0.354 ms
  :disc-identification                     0.341 ms
  :regime                                  1.319 ms
    :regime/classify                       1.185 ms
    :regime/write-set                      0.090 ms
  :collision-detection                     0.875 ms
  :fusion-promotion                        1.353 ms
    :fusion-promotion/evaluate             1.004 ms
    :fusion-promotion/scan                 0.287 ms
    :fusion-promotion/write-set            0.008 ms
  :sink-formation                          0.365 ms
  :disk-evolution                          0.301 ms
  :mass-transfer                           0.408 ms
  :neighbor-cache                          6.535 ms
    :neighbor-cache/rebuild                12.892 ms
    :neighbor-cache/build-entries          5.925 ms
    :neighbor-cache/build-map              0.218 ms
    :neighbor-cache/item-map               0.134 ms
    :neighbor-cache/scan-prior             0.122 ms
    :neighbor-cache/evict                  0.023 ms
    :neighbor-cache/full-check             0.016 ms
  :lod-scheduler                           0.327 ms
  :magnetosphere-coupling                  0.627 ms
    :magnetosphere/filter-winds            0.359 ms
    :magnetosphere/compute                 0.207 ms
    :magnetosphere/build-wind-data         0.006 ms
  :ecology                                 0.015 ms
  :debris-reaper                           0.988 ms
  :focus-zone                              0.112 ms
  :binding                                 0.061 ms
  :commitment                              0.031 ms
  :voxel-sculpt                            0.008 ms
  :voxel-carve                             0.006 ms
  :voxel-focus                             0.006 ms

--- create-world (100 particles) ---
  Mean:   1.6 ms
  Range:  1.5 ms — 1.7 ms

--- create-world (500 particles) ---
  Mean:   8.5 ms
  Range:  8.1 ms — 8.8 ms

--- create-world (1000 particles) ---
  Mean:   17.5 ms
  Range:  17.0 ms — 18.1 ms

--- tick-world (100 particles) ---
  Mean:   4.6 ms
  Range:  3.4 ms — 6.8 ms

--- tick-world (500 particles) ---
  Mean:   21.2 ms
  Range:  18.0 ms — 24.6 ms

--- tick-world (1000 particles) ---
  Mean:   47.8 ms
  Range:  36.4 ms — 67.4 ms

--- tick-world (500 particles) — critical path ---
  Mean:   23.5 ms
  Range:  17.5 ms — 33.5 ms

  Overhead functions measured on post-physics world (500 particles):

---   advance-tick + spatial-index ---
  Mean:   3.4 ms
  Range:  3.0 ms — 4.2 ms

---   system-summary (post-physics) ---
  Mean:   252.4 μs
  Range:  176.6 μs — 308.8 μs

---   stats-of (post-physics) ---
  Mean:   232.4 μs
  Range:  157.3 μs — 447.4 μs

---   detect-phase + complexity-score (post-physics) ---
  Mean:   299.6 μs
  Range:  209.3 μs — 379.2 μs

---   pacing (post-physics) ---
  Mean:   505.8 μs
  Range:  438.4 μs — 627.4 μs

---   observer-system (post-physics) ---
  Mean:   2.5 μs
  Range:  2.4 μs — 2.6 μs

---   non-physics tick overhead ---
  Mean:   1.4 ms
  Range:  1.0 ms — 1.8 ms

  Tick overhead breakdown (500 particles):

---   advance-tick + spatial-index ---
  Mean:   3.0 ms
  Range:  2.4 ms — 4.4 ms

---   expire-interventions + materialize-lifecycle ---
  Mean:   945.2 ns
  Range:  901.9 ns — 1.0 μs

---   system-summary ---
  Mean:   250.7 μs
  Range:  176.3 μs — 332.2 μs

---   stats-of ---
  Mean:   626.5 μs
  Range:  471.6 μs — 774.0 μs

---   detect-phase + complexity-score ---
  Mean:   288.6 μs
  Range:  223.0 μs — 367.8 μs

---   pacing ---
  Mean:   465.7 μs
  Range:  443.3 μs — 516.5 μs

---   observer-system ---
  Mean:   3.0 μs
  Range:  2.5 μs — 3.5 μs

  System Breakdown (500 particles, one tick):
  Measuring individual system costs to identify the bottleneck.

---   gravity-acceleration system ---
  Mean:   603.6 μs
  Range:  518.4 μs — 679.5 μs

---   motion-integration system ---
  Mean:   866.7 μs
  Range:  628.4 μs — 1.5 ms

---   density-system ---
  Mean:   866.9 μs
  Range:  678.5 μs — 1.5 ms

---   merged-hydro-em system ---
  Mean:   2.1 ms
  Range:  2.0 ms — 2.2 ms

---   field-system ---
  Mean:   121.1 ns
  Range:  119.2 ns — 123.8 ns

---   collision-detection-system ---
  Mean:   379.6 μs
  Range:  361.6 μs — 398.5 μs

---   stellar structure-system ---
  Mean:   965.8 μs
  Range:  802.0 μs — 1.4 ms

---   stellar classifier-system ---
  Mean:   634.9 μs
  Range:  619.0 μs — 653.3 μs

---   stellar temperature-system ---
  Mean:   660.3 μs
  Range:  495.4 μs — 948.1 μs

---   regime-system ---
  Mean:   631.0 μs
  Range:  503.4 μs — 1.1 ms

  Step-physics parallel vs sequential (500 particles):

---   step-physics parallel (on initial w500) ---
  Mean:   17.3 ms
  Range:  13.1 ms — 25.5 ms

---   step-physics parallel (on world1 with spatial tree) ---
  Mean:   23.9 ms
  Range:  15.9 ms — 32.3 ms

---   step-physics sequential ---
  Mean:   17.9 ms
  Range:  16.8 ms — 19.3 ms

  Parallel vs Sequential (500 particles):

---   full parallel step-physics ---
  Mean:   16.9 ms
  Range:  11.3 ms — 24.5 ms

---   full sequential step-physics ---
  Mean:   19.3 ms
  Range:  17.1 ms — 21.3 ms

  Multi-tick Scaling (500 particles):

---   10 ticks ---
  Mean:   299.5 ms
  Range:  204.1 ms — 367.5 ms

  Phase 0 Tick Analysis:
    Target: 16.6ms per tick for 60 Hz rendering.
    If tick > 16.6ms, identify the dominant system above.
    Gravity is usually the bottleneck at high N.
    SPH/EM neighbor queries scale with particle count.
    Collision cost depends on body density (overlaps).
    If parallel ≈ sequential: check write-set sizes.

========================================================================

=== BENCHMARK COMPLETE ===

Interpretation guide:
  - ECS core ops should be < 1μs (nanosecond ideally)
  - Barnes-Hut tree build: O(N log N), check scaling with N
  - Gravity acceleration: dominates tick cost at high N
  - SPH density: check neighbor query scaling
  - Full tick: target 16.6ms for 60 Hz (1000 gas particles)
  - Parallel speedup: compare :tick parallel vs sequential

Bottleneck identification:
  - If tree build >> acceleration: tree overhead is the issue
  - If SPH >> hydro force: neighbor finding is the bottleneck
  - If parallel ≈ sequential: write-set contention or thread starvation
  - If full tick >> sum of parts: serialization/barrier overhead
