=== System Info ===
  JVM:      OpenJDK 64-Bit Server VM 21.0.12.1
  Cores:    22
  Heap:     6144 MB allocated
  PID:      3047295@err-Stealth-16-AI-Studio-A1VGG


  Realistic tick-world phase profile (500 particles, 10 samples avg):
{:observer-system 0.20926430000000001,
 :samples 10,
 :system-summary 1.0499563,
 :events+clock 1.1025016,
 :detect+complexity 0.1110918,
 :pacing 1.4931682,
 :advance-com-spatial 5.9631883000000006,
 :total 55.07180100000001,
 :stats-of 0.9025837000000001,
 :expire+materialize 0.0433216,
 :step-physics 44.196725199999996}

  Per-system step-physics profile (initial w500, one sample each):

  Per-system step-physics profile (initial w500):
  :gravity                                 4.677 ms
  :hydro-em                                9.663 ms
  :warp                                    0.010 ms
  :observer-accel                          1.098 ms
  :player-thrust                           0.029 ms
  :dark-matter                             0.234 ms
  :thermal-intervention                    0.007 ms
  :integrator                              9.540 ms
    :integrator/leapfrog                   2.963 ms
    :integrator/comp-condensed             2.529 ms
    :integrator/temperature                1.405 ms
    :integrator/rotation                   0.799 ms
    :integrator/mass                       0.625 ms
    :integrator/force-accum                0.523 ms
    :integrator/composition                0.011 ms
  :rotation-integrator                     0.118 ms
  :structure                               3.749 ms
    :structure/gas-query                   2.923 ms
    :structure/gas-reduce                  0.271 ms
    :structure/resolved                    0.088 ms
  :eos                                     0.492 ms
  :motion-trail                            0.727 ms
  :classifier                              2.086 ms
    :classifier/transitions                1.436 ms
    :classifier/scan                       0.197 ms
    :classifier/select                     0.022 ms
    :classifier/write-set                  0.004 ms
  :classification                          0.413 ms
  :handoff                                 0.197 ms
  :condensation-seeder                     0.012 ms
  :field                                   1.660 ms
    :field/compute                         0.916 ms
    :field/scan                            0.682 ms
  :fusion                                  1.205 ms
    :fusion/burn                           0.987 ms
    :fusion/scan                           0.183 ms
  :stellar-sed                             0.174 ms
  :atmosphere-shells                       0.125 ms
  :nucleosynthesis                         0.233 ms
  :differentiation                         0.639 ms
  :deuterium-depletion                     0.168 ms
  :stellar-wind                            0.411 ms
    :stellar-wind/scan                     0.207 ms
    :stellar-wind/compute                  0.162 ms
    :stellar-wind/write-set                0.006 ms
  :wind-ablation                           0.275 ms
    :wind-ablation/write-set               0.073 ms
    :wind-ablation/scan                    0.035 ms
    :wind-ablation/compute                 0.009 ms
  :stellar-flare                           0.020 ms
  :xuv-atmospheric-escape                  1.570 ms
  :disc-identification                     1.623 ms
  :regime                                  11.292 ms
    :regime/classify                       10.281 ms
    :regime/write-set                      0.770 ms
  :collision-detection                     7.216 ms
  :fusion-promotion                        12.561 ms
    :fusion-promotion/evaluate             10.179 ms
    :fusion-promotion/scan                 2.012 ms
    :fusion-promotion/write-set            0.033 ms
  :sink-formation                          3.623 ms
  :disk-evolution                          2.932 ms
  :mass-transfer                           4.439 ms
  :neighbor-cache                          9.669 ms
    :neighbor-cache/rebuild                17.440 ms
    :neighbor-cache/build-entries          5.730 ms
    :neighbor-cache/scan-prior             1.677 ms
    :neighbor-cache/evict                  0.883 ms
    :neighbor-cache/build-map              0.094 ms
    :neighbor-cache/full-check             0.054 ms
    :neighbor-cache/item-map               0.040 ms
  :lod-scheduler                           2.235 ms
  :magnetosphere-coupling                  6.490 ms
    :magnetosphere/filter-winds            3.748 ms
    :magnetosphere/compute                 2.382 ms
    :magnetosphere/build-wind-data         0.020 ms
  :ecology                                 5.639 ms
  :debris-reaper                           4.968 ms
  :focus-zone                              0.383 ms
  :binding                                 0.197 ms
  :commitment                              0.124 ms
  :voxel-sculpt                            0.024 ms
  :voxel-carve                             0.018 ms
  :voxel-focus                             0.016 ms

  Per-system step-physics profile (world1 with spatial tree):
  :gravity                                 237.719 ms
  :hydro-em                                10.407 ms
  :warp                                    0.013 ms
  :observer-accel                          0.523 ms
  :player-thrust                           0.023 ms
  :dark-matter                             0.245 ms
  :thermal-intervention                    0.006 ms
  :integrator                              9.135 ms
    :integrator/comp-condensed             2.792 ms
    :integrator/leapfrog                   1.963 ms
    :integrator/temperature                1.501 ms
    :integrator/rotation                   1.023 ms
    :integrator/mass                       0.769 ms
    :integrator/force-accum                0.681 ms
    :integrator/composition                0.021 ms
  :rotation-integrator                     0.236 ms
  :structure                               7.833 ms
    :structure/gas-query                   7.010 ms
    :structure/gas-reduce                  0.490 ms
    :structure/resolved                    0.052 ms
  :eos                                     0.392 ms
  :motion-trail                            0.452 ms
  :classifier                              1.304 ms
    :classifier/transitions                1.134 ms
    :classifier/scan                       0.100 ms
    :classifier/select                     0.034 ms
    :classifier/write-set                  0.003 ms
  :classification                          0.262 ms
  :handoff                                 0.084 ms
  :condensation-seeder                     0.009 ms
  :field                                   1.517 ms
    :field/compute                         1.215 ms
    :field/scan                            0.272 ms
  :fusion                                  1.376 ms
    :fusion/burn                           1.163 ms
    :fusion/scan                           0.182 ms
  :stellar-sed                             0.234 ms
  :atmosphere-shells                       0.184 ms
  :nucleosynthesis                         0.377 ms
  :differentiation                         0.916 ms
  :deuterium-depletion                     0.272 ms
  :stellar-wind                            0.290 ms
    :stellar-wind/scan                     0.153 ms
    :stellar-wind/compute                  0.099 ms
    :stellar-wind/write-set                0.003 ms
  :wind-ablation                           0.049 ms
    :wind-ablation/scan                    0.016 ms
    :wind-ablation/write-set               0.010 ms
    :wind-ablation/compute                 0.007 ms
  :stellar-flare                           0.006 ms
  :xuv-atmospheric-escape                  0.216 ms
  :disc-identification                     0.255 ms
  :regime                                  1.868 ms
    :regime/classify                       1.743 ms
    :regime/write-set                      0.085 ms
  :collision-detection                     0.908 ms
  :fusion-promotion                        1.378 ms
    :fusion-promotion/evaluate             1.084 ms
    :fusion-promotion/scan                 0.244 ms
    :fusion-promotion/write-set            0.006 ms
  :sink-formation                          0.551 ms
  :disk-evolution                          0.338 ms
  :mass-transfer                           0.356 ms
  :neighbor-cache                          14.557 ms
    :neighbor-cache/rebuild                28.949 ms
    :neighbor-cache/build-entries          13.932 ms
    :neighbor-cache/build-map              0.260 ms
    :neighbor-cache/item-map               0.132 ms
    :neighbor-cache/scan-prior             0.114 ms
    :neighbor-cache/evict                  0.020 ms
    :neighbor-cache/full-check             0.010 ms
  :lod-scheduler                           0.402 ms
  :magnetosphere-coupling                  0.821 ms
    :magnetosphere/filter-winds            0.415 ms
    :magnetosphere/compute                 0.356 ms
    :magnetosphere/build-wind-data         0.005 ms
  :ecology                                 0.011 ms
  :debris-reaper                           0.935 ms
  :focus-zone                              0.088 ms
  :binding                                 0.042 ms
  :commitment                              0.018 ms
  :voxel-sculpt                            0.006 ms
  :voxel-carve                             0.005 ms
  :voxel-focus                             0.005 ms

  Overhead functions measured on post-physics world (500 particles):

  Tick overhead breakdown (500 particles):

  System Breakdown (500 particles, one tick):
  Measuring individual system costs to identify the bottleneck.

  Step-physics parallel vs sequential (500 particles):

  Parallel vs Sequential (500 particles):

  Multi-tick Scaling (500 particles):

  Phase 0 Tick Analysis:
    Target: 16.6ms per tick for 60 Hz rendering.
    If tick > 16.6ms, identify the dominant system above.
    Gravity is usually the bottleneck at high N.
    SPH/EM neighbor queries scale with particle count.
    Collision cost depends on body density (overlaps).
    If parallel ≈ sequential: check write-set sizes.
UNTIMED POPULATION: [{:tick 0, :total-samples 0, :matter-states {:nebula 500}, :dt 1.590115934278727E10, :max-samples 0, :skipped-deadlines 0, :sim-time 0.0, :trailed-bodies 0, :sample-counts {}} {:tick 1, :total-samples 1, :matter-states {:nebula 500}, :dt 1.3732604200037315E10, :max-samples 1, :skipped-deadlines 0, :sim-time 1.590115934278727E10, :trailed-bodies 1, :sample-counts {1 1}} {:tick 2, :total-samples 2, :matter-states {:nebula 499, :condensed-core 1}, :dt 1.3732863553914175E10, :max-samples 2, :skipped-deadlines 0, :sim-time 2.9633763542824585E10, :trailed-bodies 1, :sample-counts {2 1}} {:tick 3, :total-samples 3, :matter-states {:nebula 499, :condensed-core 1}, :dt 1.373312218317444E10, :max-samples 3, :skipped-deadlines 0, :sim-time 4.336662709673876E10, :trailed-bodies 1, :sample-counts {3 1}} {:tick 4, :total-samples 4, :matter-states {:nebula 499, :condensed-core 1}, :dt 1.3733380087760618E10, :max-samples 4, :skipped-deadlines 1, :sim-time 5.70997492799132E10, :trailed-bodies 1, :sample-counts {4 1}} {:tick 5, :total-samples 5, :matter-states {:nebula 499, :condensed-core 1}, :dt 1.3731972705011814E10, :max-samples 5, :skipped-deadlines 1, :sim-time 7.083312936767381E10, :trailed-bodies 1, :sample-counts {5 1}} {:tick 6, :total-samples 6, :matter-states {:nebula 499, :gas-giant 1}, :dt 1.3730568440323267E10, :max-samples 6, :skipped-deadlines 2, :sim-time 8.456510207268562E10, :trailed-bodies 1, :sample-counts {6 1}} {:tick 7, :total-samples 8, :matter-states {:nebula 499, :gas-giant 1}, :dt 1.3729581897974808E10, :max-samples 7, :skipped-deadlines 2, :sim-time 9.82956705130089E10, :trailed-bodies 2, :sample-counts {7 1, 1 1}} {:tick 8, :total-samples 10, :matter-states {:nebula 499, :gas-giant 1}, :dt 1.3729012660266018E10, :max-samples 8, :skipped-deadlines 2, :sim-time 1.120252524109837E11, :trailed-bodies 2, :sample-counts {8 1, 2 1}} {:tick 9, :total-samples 12, :matter-states {:nebula 499, :gas-giant 1}, :dt 1.3728755520441956E10, :max-samples 9, :skipped-deadlines 3, :sim-time 1.2575426507124973E11, :trailed-bodies 2, :sample-counts {9 1, 3 1}} {:tick 10, :total-samples 14, :matter-states {:nebula 499, :gas-giant 1}, :dt 1.3728705855730967E10, :max-samples 10, :skipped-deadlines 4, :sim-time 1.3948302059169168E11, :trailed-bodies 2, :sample-counts {10 1, 4 1}}]

--- ten ticks targeted repetition 1 ---
  Mean:   222.5 ms
  Range:  178.8 ms — 280.7 ms

--- ten ticks targeted repetition 2 ---
  Mean:   190.5 ms
  Range:  159.0 ms — 251.4 ms

--- ten ticks targeted repetition 3 ---
  Mean:   240.6 ms
  Range:  178.9 ms — 288.8 ms
TARGETED REPEAT COMPLETE
