
Running tests in #{"test"}

Testing domain.intervention-test

Testing domain.warp-lifecycle-test

FAIL in (active-paid-warps-retain-their-decaying-force) (warp_lifecycle_test.clj:129)
{:soa? false, :kind :warp/well}
expected: (close-vector? (-> background (sp/v+ background) (sp/v+ first-force)) (value second-fold eid c/velocity))
  actual: (not (close-vector? [-0.0011938814145466875 0.25 0.0] [0.0 0.0 0.0]))

FAIL in (active-paid-warps-retain-their-decaying-force) (warp_lifecycle_test.clj:129)
{:soa? false, :kind :warp/repulsor}
expected: (close-vector? (-> background (sp/v+ background) (sp/v+ first-force)) (value second-fold eid c/velocity))
  actual: (not (close-vector? [0.0011938814145466875 0.25 0.0] [0.0 0.0 0.0]))

FAIL in (paid-warp-expiry-and-removal-clear-the-folded-channel) (warp_lifecycle_test.clj:67)
{:soa? false, :kind :warp/well, :removal :expiry}
new emission cannot kick the same frozen tick
expected: (= background (value emitted eid c/velocity))
  actual: (not (= [0.0 0.125 0.0] [0.0 0.0 0.0]))

FAIL in (paid-warp-expiry-and-removal-clear-the-folded-channel) (warp_lifecycle_test.clj:70)
{:soa? false, :kind :warp/well, :removal :expiry}
the prior channel still supplies its legitimate final Jacobi kick
expected: (close-vector? (-> (value disabled eid c/velocity) (sp/v+ background) (sp/v+ carried)) (value cleared eid c/velocity))
  actual: (not (close-vector? [-0.0011938814145466875 0.125 0.0] [0.0 0.0 0.0]))

FAIL in (paid-warp-expiry-and-removal-clear-the-folded-channel) (warp_lifecycle_test.clj:73)
{:soa? false, :kind :warp/well, :removal :expiry}
the first disabled fold removes the stored contribution
expected: (nil? (value cleared eid c/accel-warp))
  actual: (not (nil? [-0.0011938814145466875 0.0 0.0]))

FAIL in (paid-warp-expiry-and-removal-clear-the-folded-channel) (warp_lifecycle_test.clj:75)
{:soa? false, :kind :warp/well, :removal :expiry}
removal also updates the real ECS archetype
expected: (not (contains? (get-in cleared [:archetypes eid]) c/accel-warp))
  actual: (not (not true))

FAIL in (paid-warp-expiry-and-removal-clear-the-folded-channel) (warp_lifecycle_test.clj:80)
{:soa? false, :kind :warp/well, :removal :expiry}
subsequent motion receives no repeated ghost kick
expected: (close-vector? (sp/v+ (value cleared eid c/velocity) background) (value coast eid c/velocity))
  actual: (not (close-vector? [0.0 0.125 0.0] [0.0 0.0 0.0]))

FAIL in (paid-warp-expiry-and-removal-clear-the-folded-channel) (warp_lifecycle_test.clj:67)
{:soa? false, :kind :warp/well, :removal :remove}
new emission cannot kick the same frozen tick
expected: (= background (value emitted eid c/velocity))
  actual: (not (= [0.0 0.125 0.0] [0.0 0.0 0.0]))

FAIL in (paid-warp-expiry-and-removal-clear-the-folded-channel) (warp_lifecycle_test.clj:70)
{:soa? false, :kind :warp/well, :removal :remove}
the prior channel still supplies its legitimate final Jacobi kick
expected: (close-vector? (-> (value disabled eid c/velocity) (sp/v+ background) (sp/v+ carried)) (value cleared eid c/velocity))
  actual: (not (close-vector? [-0.0011938814145466875 0.125 0.0] [0.0 0.0 0.0]))

FAIL in (paid-warp-expiry-and-removal-clear-the-folded-channel) (warp_lifecycle_test.clj:73)
{:soa? false, :kind :warp/well, :removal :remove}
the first disabled fold removes the stored contribution
expected: (nil? (value cleared eid c/accel-warp))
  actual: (not (nil? [-0.0011938814145466875 0.0 0.0]))

FAIL in (paid-warp-expiry-and-removal-clear-the-folded-channel) (warp_lifecycle_test.clj:75)
{:soa? false, :kind :warp/well, :removal :remove}
removal also updates the real ECS archetype
expected: (not (contains? (get-in cleared [:archetypes eid]) c/accel-warp))
  actual: (not (not true))

FAIL in (paid-warp-expiry-and-removal-clear-the-folded-channel) (warp_lifecycle_test.clj:80)
{:soa? false, :kind :warp/well, :removal :remove}
subsequent motion receives no repeated ghost kick
expected: (close-vector? (sp/v+ (value cleared eid c/velocity) background) (value coast eid c/velocity))
  actual: (not (close-vector? [0.0 0.125 0.0] [0.0 0.0 0.0]))

FAIL in (paid-warp-expiry-and-removal-clear-the-folded-channel) (warp_lifecycle_test.clj:67)
{:soa? false, :kind :warp/repulsor, :removal :expiry}
new emission cannot kick the same frozen tick
expected: (= background (value emitted eid c/velocity))
  actual: (not (= [0.0 0.125 0.0] [0.0 0.0 0.0]))

FAIL in (paid-warp-expiry-and-removal-clear-the-folded-channel) (warp_lifecycle_test.clj:70)
{:soa? false, :kind :warp/repulsor, :removal :expiry}
the prior channel still supplies its legitimate final Jacobi kick
expected: (close-vector? (-> (value disabled eid c/velocity) (sp/v+ background) (sp/v+ carried)) (value cleared eid c/velocity))
  actual: (not (close-vector? [0.0011938814145466875 0.125 0.0] [0.0 0.0 0.0]))

FAIL in (paid-warp-expiry-and-removal-clear-the-folded-channel) (warp_lifecycle_test.clj:73)
{:soa? false, :kind :warp/repulsor, :removal :expiry}
the first disabled fold removes the stored contribution
expected: (nil? (value cleared eid c/accel-warp))
  actual: (not (nil? [0.0011938814145466875 0.0 0.0]))

FAIL in (paid-warp-expiry-and-removal-clear-the-folded-channel) (warp_lifecycle_test.clj:75)
{:soa? false, :kind :warp/repulsor, :removal :expiry}
removal also updates the real ECS archetype
expected: (not (contains? (get-in cleared [:archetypes eid]) c/accel-warp))
  actual: (not (not true))

FAIL in (paid-warp-expiry-and-removal-clear-the-folded-channel) (warp_lifecycle_test.clj:80)
{:soa? false, :kind :warp/repulsor, :removal :expiry}
subsequent motion receives no repeated ghost kick
expected: (close-vector? (sp/v+ (value cleared eid c/velocity) background) (value coast eid c/velocity))
  actual: (not (close-vector? [0.0 0.125 0.0] [0.0 0.0 0.0]))

FAIL in (paid-warp-expiry-and-removal-clear-the-folded-channel) (warp_lifecycle_test.clj:67)
{:soa? false, :kind :warp/repulsor, :removal :remove}
new emission cannot kick the same frozen tick
expected: (= background (value emitted eid c/velocity))
  actual: (not (= [0.0 0.125 0.0] [0.0 0.0 0.0]))

FAIL in (paid-warp-expiry-and-removal-clear-the-folded-channel) (warp_lifecycle_test.clj:70)
{:soa? false, :kind :warp/repulsor, :removal :remove}
the prior channel still supplies its legitimate final Jacobi kick
expected: (close-vector? (-> (value disabled eid c/velocity) (sp/v+ background) (sp/v+ carried)) (value cleared eid c/velocity))
  actual: (not (close-vector? [0.0011938814145466875 0.125 0.0] [0.0 0.0 0.0]))

FAIL in (paid-warp-expiry-and-removal-clear-the-folded-channel) (warp_lifecycle_test.clj:73)
{:soa? false, :kind :warp/repulsor, :removal :remove}
the first disabled fold removes the stored contribution
expected: (nil? (value cleared eid c/accel-warp))
  actual: (not (nil? [0.0011938814145466875 0.0 0.0]))

FAIL in (paid-warp-expiry-and-removal-clear-the-folded-channel) (warp_lifecycle_test.clj:75)
{:soa? false, :kind :warp/repulsor, :removal :remove}
removal also updates the real ECS archetype
expected: (not (contains? (get-in cleared [:archetypes eid]) c/accel-warp))
  actual: (not (not true))

FAIL in (paid-warp-expiry-and-removal-clear-the-folded-channel) (warp_lifecycle_test.clj:80)
{:soa? false, :kind :warp/repulsor, :removal :remove}
subsequent motion receives no repeated ghost kick
expected: (close-vector? (sp/v+ (value cleared eid c/velocity) background) (value coast eid c/velocity))
  actual: (not (close-vector? [0.0 0.125 0.0] [0.0 0.0 0.0]))

FAIL in (paid-warp-expiry-and-removal-clear-the-folded-channel) (warp_lifecycle_test.clj:73)
{:soa? true, :kind :warp/well, :removal :expiry}
the first disabled fold removes the stored contribution
expected: (nil? (value cleared eid c/accel-warp))
  actual: (not (nil? [-0.001193657596753355 -2.9841439918833872E-5 0.0]))

FAIL in (paid-warp-expiry-and-removal-clear-the-folded-channel) (warp_lifecycle_test.clj:75)
{:soa? true, :kind :warp/well, :removal :expiry}
removal also updates the real ECS archetype
expected: (not (contains? (get-in cleared [:archetypes eid]) c/accel-warp))
  actual: (not (not true))

FAIL in (paid-warp-expiry-and-removal-clear-the-folded-channel) (warp_lifecycle_test.clj:80)
{:soa? true, :kind :warp/well, :removal :expiry}
subsequent motion receives no repeated ghost kick
expected: (close-vector? (sp/v+ (value cleared eid c/velocity) background) (value coast eid c/velocity))
  actual: (not (close-vector? [-0.001193657596753355 0.37497015856008115 0.0] [-0.00238731519350671 0.3749403171201623 0.0]))

FAIL in (paid-warp-expiry-and-removal-clear-the-folded-channel) (warp_lifecycle_test.clj:73)
{:soa? true, :kind :warp/well, :removal :remove}
the first disabled fold removes the stored contribution
expected: (nil? (value cleared eid c/accel-warp))
  actual: (not (nil? [-0.001193657596753355 -2.9841439918833872E-5 0.0]))

FAIL in (paid-warp-expiry-and-removal-clear-the-folded-channel) (warp_lifecycle_test.clj:75)
{:soa? true, :kind :warp/well, :removal :remove}
removal also updates the real ECS archetype
expected: (not (contains? (get-in cleared [:archetypes eid]) c/accel-warp))
  actual: (not (not true))

FAIL in (paid-warp-expiry-and-removal-clear-the-folded-channel) (warp_lifecycle_test.clj:80)
{:soa? true, :kind :warp/well, :removal :remove}
subsequent motion receives no repeated ghost kick
expected: (close-vector? (sp/v+ (value cleared eid c/velocity) background) (value coast eid c/velocity))
  actual: (not (close-vector? [-0.001193657596753355 0.37497015856008115 0.0] [-0.00238731519350671 0.3749403171201623 0.0]))

FAIL in (paid-warp-expiry-and-removal-clear-the-folded-channel) (warp_lifecycle_test.clj:73)
{:soa? true, :kind :warp/repulsor, :removal :expiry}
the first disabled fold removes the stored contribution
expected: (nil? (value cleared eid c/accel-warp))
  actual: (not (nil? [0.001193657596753355 2.9841439918833872E-5 0.0]))

FAIL in (paid-warp-expiry-and-removal-clear-the-folded-channel) (warp_lifecycle_test.clj:75)
{:soa? true, :kind :warp/repulsor, :removal :expiry}
removal also updates the real ECS archetype
expected: (not (contains? (get-in cleared [:archetypes eid]) c/accel-warp))
  actual: (not (not true))

FAIL in (paid-warp-expiry-and-removal-clear-the-folded-channel) (warp_lifecycle_test.clj:80)
{:soa? true, :kind :warp/repulsor, :removal :expiry}
subsequent motion receives no repeated ghost kick
expected: (close-vector? (sp/v+ (value cleared eid c/velocity) background) (value coast eid c/velocity))
  actual: (not (close-vector? [0.001193657596753355 0.3750298414399188 0.0] [0.00238731519350671 0.3750596828798376 0.0]))

FAIL in (paid-warp-expiry-and-removal-clear-the-folded-channel) (warp_lifecycle_test.clj:73)
{:soa? true, :kind :warp/repulsor, :removal :remove}
the first disabled fold removes the stored contribution
expected: (nil? (value cleared eid c/accel-warp))
  actual: (not (nil? [0.001193657596753355 2.9841439918833872E-5 0.0]))

FAIL in (paid-warp-expiry-and-removal-clear-the-folded-channel) (warp_lifecycle_test.clj:75)
{:soa? true, :kind :warp/repulsor, :removal :remove}
removal also updates the real ECS archetype
expected: (not (contains? (get-in cleared [:archetypes eid]) c/accel-warp))
  actual: (not (not true))

FAIL in (paid-warp-expiry-and-removal-clear-the-folded-channel) (warp_lifecycle_test.clj:80)
{:soa? true, :kind :warp/repulsor, :removal :remove}
subsequent motion receives no repeated ghost kick
expected: (close-vector? (sp/v+ (value cleared eid c/velocity) background) (value coast eid c/velocity))
  actual: (not (close-vector? [0.001193657596753355 0.3750298414399188 0.0] [0.00238731519350671 0.3750596828798376 0.0]))

FAIL in (a-moving-recipient-leaves-a-live-warp-without-stranding-force) (warp_lifecycle_test.clj:101)
{:soa? false, :kind :warp/well}
expected: (> (sp/len (value outside departing c/position)) 30.0)
  actual: (not (> 27.0 30.0))

FAIL in (a-moving-recipient-leaves-a-live-warp-without-stranding-force) (warp_lifecycle_test.clj:103)
{:soa? false, :kind :warp/well}
only the departing recipient clears
expected: (nil? (value outside departing c/accel-warp))
  actual: (not (nil? [-3.6615073414945096E-4 0.0 0.0]))

FAIL in (a-moving-recipient-leaves-a-live-warp-without-stranding-force) (warp_lifecycle_test.clj:106)
{:soa? false, :kind :warp/well}
expected: (close-vector? (sp/v+ (value outside departing c/velocity) background) (value coast departing c/velocity))
  actual: (not (close-vector? [2.0 0.125 0.0] [2.0 0.0 0.0]))

FAIL in (a-moving-recipient-leaves-a-live-warp-without-stranding-force) (warp_lifecycle_test.clj:108)
{:soa? false, :kind :warp/well}
the same integrator continues to consume the valid active force
expected: (close-vector? (-> (value outside remaining c/velocity) (sp/v+ background) (sp/v+ (value outside remaining c/accel-warp))) (value coast remaining c/velocity))
  actual: (not (close-vector? [-0.001158064972110287 0.125 0.0] [0.0 0.0 0.0]))

FAIL in (a-moving-recipient-leaves-a-live-warp-without-stranding-force) (warp_lifecycle_test.clj:101)
{:soa? false, :kind :warp/repulsor}
expected: (> (sp/len (value outside departing c/position)) 30.0)
  actual: (not (> 27.0 30.0))

FAIL in (a-moving-recipient-leaves-a-live-warp-without-stranding-force) (warp_lifecycle_test.clj:103)
{:soa? false, :kind :warp/repulsor}
only the departing recipient clears
expected: (nil? (value outside departing c/accel-warp))
  actual: (not (nil? [3.6615073414945096E-4 0.0 0.0]))

FAIL in (a-moving-recipient-leaves-a-live-warp-without-stranding-force) (warp_lifecycle_test.clj:106)
{:soa? false, :kind :warp/repulsor}
expected: (close-vector? (sp/v+ (value outside departing c/velocity) background) (value coast departing c/velocity))
  actual: (not (close-vector? [2.0 0.125 0.0] [2.0 0.0 0.0]))

FAIL in (a-moving-recipient-leaves-a-live-warp-without-stranding-force) (warp_lifecycle_test.clj:108)
{:soa? false, :kind :warp/repulsor}
the same integrator continues to consume the valid active force
expected: (close-vector? (-> (value outside remaining c/velocity) (sp/v+ background) (sp/v+ (value outside remaining c/accel-warp))) (value coast remaining c/velocity))
  actual: (not (close-vector? [0.001158064972110287 0.125 0.0] [0.0 0.0 0.0]))

FAIL in (a-moving-recipient-leaves-a-live-warp-without-stranding-force) (warp_lifecycle_test.clj:103)
{:soa? true, :kind :warp/well}
only the departing recipient clears
expected: (nil? (value outside departing c/accel-warp))
  actual: (not (nil? [-3.352424088120233E-4 -1.4450103828104453E-6 0.0]))

FAIL in (a-moving-recipient-leaves-a-live-warp-without-stranding-force) (warp_lifecycle_test.clj:106)
{:soa? true, :kind :warp/well}
expected: (close-vector? (sp/v+ (value outside departing c/velocity) background) (value coast departing c/velocity))
  actual: (not (close-vector? [1.9989942727735637 0.6249956649688516 0.0] [1.9986590303647516 0.6249942199584688 0.0]))

FAIL in (a-moving-recipient-leaves-a-live-warp-without-stranding-force) (warp_lifecycle_test.clj:103)
{:soa? true, :kind :warp/repulsor}
only the departing recipient clears
expected: (nil? (value outside departing c/accel-warp))
  actual: (not (nil? [3.352424088120233E-4 1.4450103828104453E-6 0.0]))

FAIL in (a-moving-recipient-leaves-a-live-warp-without-stranding-force) (warp_lifecycle_test.clj:106)
{:soa? true, :kind :warp/repulsor}
expected: (close-vector? (sp/v+ (value outside departing c/velocity) background) (value coast departing c/velocity))
  actual: (not (close-vector? [2.0010057272264357 0.6250043350311484 0.0] [2.0013409696352475 0.6250057800415312 0.0]))

Ran 27 tests containing 195 assertions.
46 failures, 0 errors.
